Component: ARM Compiler 5.06 update 7 (build 960) Tool: armlink [4d3601]

==============================================================================

Section Cross References

    startup_stm32f429xx.o(STACK) refers (Special) to heapauxi.o(.text) for __use_two_region_memory
    startup_stm32f429xx.o(HEAP) refers (Special) to heapauxi.o(.text) for __use_two_region_memory
    startup_stm32f429xx.o(RESET) refers (Special) to heapauxi.o(.text) for __use_two_region_memory
    startup_stm32f429xx.o(RESET) refers to startup_stm32f429xx.o(STACK) for __initial_sp
    startup_stm32f429xx.o(RESET) refers to startup_stm32f429xx.o(.text) for Reset_Handler
    startup_stm32f429xx.o(RESET) refers to stm32f4xx_it.o(i.NMI_Handler) for NMI_Handler
    startup_stm32f429xx.o(RESET) refers to stm32f4xx_it.o(i.HardFault_Handler) for HardFault_Handler
    startup_stm32f429xx.o(RESET) refers to stm32f4xx_it.o(i.MemManage_Handler) for MemManage_Handler
    startup_stm32f429xx.o(RESET) refers to stm32f4xx_it.o(i.BusFault_Handler) for BusFault_Handler
    startup_stm32f429xx.o(RESET) refers to stm32f4xx_it.o(i.UsageFault_Handler) for UsageFault_Handler
    startup_stm32f429xx.o(RESET) refers to port.o(.emb_text) for SVC_Handler
    startup_stm32f429xx.o(RESET) refers to stm32f4xx_it.o(i.DebugMon_Handler) for DebugMon_Handler
    startup_stm32f429xx.o(RESET) refers to port.o(i.SysTick_Handler) for SysTick_Handler
    startup_stm32f429xx.o(RESET) refers to stm32f4xx_it.o(i.DMA1_Stream5_IRQHandler) for DMA1_Stream5_IRQHandler
    startup_stm32f429xx.o(RESET) refers to stm32f4xx_it.o(i.USART1_IRQHandler) for USART1_IRQHandler
    startup_stm32f429xx.o(RESET) refers to stm32f4xx_it.o(i.USART2_IRQHandler) for USART2_IRQHandler
    startup_stm32f429xx.o(RESET) refers to stm32f4xx_it.o(i.TIM8_TRG_COM_TIM14_IRQHandler) for TIM8_TRG_COM_TIM14_IRQHandler
    startup_stm32f429xx.o(RESET) refers to stm32f4xx_it.o(i.UART5_IRQHandler) for UART5_IRQHandler
    startup_stm32f429xx.o(RESET) refers to stm32f4xx_it.o(i.DMA2_Stream2_IRQHandler) for DMA2_Stream2_IRQHandler
    startup_stm32f429xx.o(RESET) refers to stm32f4xx_it.o(i.CAN2_RX0_IRQHandler) for CAN2_RX0_IRQHandler
    startup_stm32f429xx.o(RESET) refers to stm32f4xx_it.o(i.CAN2_RX1_IRQHandler) for CAN2_RX1_IRQHandler
    startup_stm32f429xx.o(RESET) refers to stm32f4xx_it.o(i.OTG_FS_IRQHandler) for OTG_FS_IRQHandler
    startup_stm32f429xx.o(RESET) refers to stm32f4xx_it.o(i.USART6_IRQHandler) for USART6_IRQHandler
    startup_stm32f429xx.o(.text) refers (Special) to heapauxi.o(.text) for __use_two_region_memory
    startup_stm32f429xx.o(.text) refers to system_stm32f4xx.o(i.SystemInit) for SystemInit
    startup_stm32f429xx.o(.text) refers to __main.o(!!!main) for __main
    startup_stm32f429xx.o(.text) refers to startup_stm32f429xx.o(HEAP) for Heap_Mem
    startup_stm32f429xx.o(.text) refers to startup_stm32f429xx.o(STACK) for Stack_Mem
    main.o(i.HAL_TIM_PeriodElapsedCallback) refers to stm32f4xx_hal.o(i.HAL_IncTick) for HAL_IncTick
    main.o(i.SystemClock_Config) refers to rt_memclr_w.o(.text) for __aeabi_memclr4
    main.o(i.SystemClock_Config) refers to stm32f4xx_hal_rcc.o(i.HAL_RCC_OscConfig) for HAL_RCC_OscConfig
    main.o(i.SystemClock_Config) refers to stm32f4xx_hal_rcc.o(i.HAL_RCC_ClockConfig) for HAL_RCC_ClockConfig
    main.o(i.main) refers to stm32f4xx_hal.o(i.HAL_Init) for HAL_Init
    main.o(i.main) refers to main.o(i.SystemClock_Config) for SystemClock_Config
    main.o(i.main) refers to gpio.o(i.MX_GPIO_Init) for MX_GPIO_Init
    main.o(i.main) refers to dma.o(i.MX_DMA_Init) for MX_DMA_Init
    main.o(i.main) refers to usart.o(i.MX_USART1_UART_Init) for MX_USART1_UART_Init
    main.o(i.main) refers to usart.o(i.MX_USART2_UART_Init) for MX_USART2_UART_Init
    main.o(i.main) refers to usart.o(i.MX_USART6_UART_Init) for MX_USART6_UART_Init
    main.o(i.main) refers to can.o(i.MX_CAN2_Init) for MX_CAN2_Init
    main.o(i.main) refers to can.o(i.MX_CAN1_Init) for MX_CAN1_Init
    main.o(i.main) refers to usart.o(i.MX_UART5_Init) for MX_UART5_Init
    main.o(i.main) refers to stm32f4xx_hal.o(i.HAL_Delay) for HAL_Delay
    main.o(i.main) refers to freertos.o(i.MX_FREERTOS_Init) for MX_FREERTOS_Init
    main.o(i.main) refers to cmsis_os.o(i.osKernelStart) for osKernelStart
    gpio.o(i.MX_GPIO_Init) refers to rt_memclr_w.o(.text) for __aeabi_memclr4
    gpio.o(i.MX_GPIO_Init) refers to stm32f4xx_hal_gpio.o(i.HAL_GPIO_WritePin) for HAL_GPIO_WritePin
    gpio.o(i.MX_GPIO_Init) refers to stm32f4xx_hal_gpio.o(i.HAL_GPIO_Init) for HAL_GPIO_Init
    freertos.o(i.AutoPath_Plan) refers to readdata.o(i.VCP_ReadTask) for VCP_ReadTask
    freertos.o(i.AutoPath_Plan) refers to autopath_plan.o(i.Path_Calculation) for Path_Calculation
    freertos.o(i.AutoPath_Plan) refers to cmsis_os.o(i.osDelay) for osDelay
    freertos.o(i.AutoPath_Plan) refers to freertos.o(.bss) for .bss
    freertos.o(i.HAL_UART_RxCpltCallback) refers to bsp_sbus.o(i.SBUS_Reveive) for SBUS_Reveive
[...]
    Pose_Inverse_Kinematics                  0x08003db1   Thumb Code   750  postrue_control.o(i.Pose_Inverse_Kinematics)
    RC_Ctrl                                  0x080040bd   Thumb Code     8  freertos.o(i.RC_Ctrl)
    SBUS_Reveive                             0x080040c5   Thumb Code    82  bsp_sbus.o(i.SBUS_Reveive)
    SERVO_Send_recv                          0x08004121   Thumb Code   140  go-m8010-6.o(i.SERVO_Send_recv)
    StartDefaultTask                         0x080041c1   Thumb Code    30  freertos.o(i.StartDefaultTask)
    SysTick_Handler                          0x080041e9   Thumb Code    38  port.o(i.SysTick_Handler)
    SystemClock_Config                       0x08004215   Thumb Code   140  main.o(i.SystemClock_Config)
    SystemInit                               0x080042a9   Thumb Code    12  system_stm32f4xx.o(i.SystemInit)
    TIM8_TRG_COM_TIM14_IRQHandler            0x080042b9   Thumb Code     6  stm32f4xx_it.o(i.TIM8_TRG_COM_TIM14_IRQHandler)
    TIM_Base_SetConfig                       0x080042c5   Thumb Code   164  stm32f4xx_hal_tim.o(i.TIM_Base_SetConfig)
    Turn                                     0x08004395   Thumb Code   760  postrue_control.o(i.Turn)
    UART5_IRQHandler                         0x08004695   Thumb Code     6  stm32f4xx_it.o(i.UART5_IRQHandler)
    UART_Start_Receive_IT                    0x080048cd   Thumb Code    54  stm32f4xx_hal_uart.o(i.UART_Start_Receive_IT)
    USART1_IRQHandler                        0x08004975   Thumb Code     6  stm32f4xx_it.o(i.USART1_IRQHandler)
    USART2_IRQHandler                        0x08004981   Thumb Code     6  stm32f4xx_it.o(i.USART2_IRQHandler)
    USART6_IRQHandler                        0x0800498d   Thumb Code     6  stm32f4xx_it.o(i.USART6_IRQHandler)
    USBD_CDC_GetDeviceQualifierDescriptor    0x08004b19   Thumb Code     8  usbd_cdc.o(i.USBD_CDC_GetDeviceQualifierDescriptor)
    USBD_CDC_ReceivePacket                   0x08004cfd   Thumb Code    50  usbd_cdc.o(i.USBD_CDC_ReceivePacket)
    USBD_CDC_RegisterInterface               0x08004d35   Thumb Code    22  usbd_cdc.o(i.USBD_CDC_RegisterInterface)
    USBD_CDC_SetRxBuffer                     0x08004d4b   Thumb Code    26  usbd_cdc.o(i.USBD_CDC_SetRxBuffer)
    USBD_CDC_SetTxBuffer                     0x08004d65   Thumb Code    30  usbd_cdc.o(i.USBD_CDC_SetTxBuffer)
    USBD_ClrClassConfig                      0x08004e57   Thumb Code    20  usbd_core.o(i.USBD_ClrClassConfig)
    USBD_CoreFindEP                          0x08004e6b   Thumb Code     4  usbd_core.o(i.USBD_CoreFindEP)
    USBD_CoreFindIF                          0x08004e6f   Thumb Code     4  usbd_core.o(i.USBD_CoreFindIF)
    USBD_CtlContinueRx                       0x08004e73   Thumb Code    16  usbd_ioreq.o(i.USBD_CtlContinueRx)
    USBD_CtlContinueSendData                 0x08004e83   Thumb Code    16  usbd_ioreq.o(i.USBD_CtlContinueSendData)
    USBD_CtlError                            0x08004e93   Thumb Code    22  usbd_ctlreq.o(i.USBD_CtlError)
    USBD_CtlPrepareRx                        0x08004ea9   Thumb Code    34  usbd_ioreq.o(i.USBD_CtlPrepareRx)
    USBD_CtlReceiveStatus                    0x08004ecb   Thumb Code    22  usbd_ioreq.o(i.USBD_CtlReceiveStatus)
    USBD_CtlSendData                         0x08004ee1   Thumb Code    28  usbd_ioreq.o(i.USBD_CtlSendData)
    USBD_CtlSendStatus                       0x08004efd   Thumb Code    22  usbd_ioreq.o(i.USBD_CtlSendStatus)
    USBD_FS_ConfigStrDescriptor              0x08004f15   Thumb Code    16  usbd_desc.o(i.USBD_FS_ConfigStrDescriptor)
    USBD_FS_DeviceDescriptor                 0x08004f35   Thumb Code     8  usbd_desc.o(i.USBD_FS_DeviceDescriptor)
    USBD_FS_InterfaceStrDescriptor           0x08004f41   Thumb Code    16  usbd_desc.o(i.USBD_FS_InterfaceStrDescriptor)
    USBD_FS_LangIDStrDescriptor              0x08004f65   Thumb Code     8  usbd_desc.o(i.USBD_FS_LangIDStrDescriptor)
    USBD_FS_ManufacturerStrDescriptor        0x08004f71   Thumb Code    16  usbd_desc.o(i.USBD_FS_ManufacturerStrDescriptor)
    USBD_FS_ProductStrDescriptor             0x08004f99   Thumb Code    16  usbd_desc.o(i.USBD_FS_ProductStrDescriptor)
    USBD_FS_SerialStrDescriptor              0x08004fc5   Thumb Code    48  usbd_desc.o(i.USBD_FS_SerialStrDescriptor)
    USBD_GetEpDesc                           0x080050e3   Thumb Code    58  usbd_core.o(i.USBD_GetEpDesc)
    USBD_GetNextDesc                         0x08005131   Thumb Code    14  usbd_core.o(i.USBD_GetNextDesc)
    USBD_GetString                           0x0800513f   Thumb Code    78  usbd_ctlreq.o(i.USBD_GetString)
    USBD_Get_USB_Status                      0x0800518d   Thumb Code    24  usbd_conf.o(i.USBD_Get_USB_Status)
    USBD_Init                                0x080051a5   Thumb Code    38  usbd_core.o(i.USBD_Init)
    USBD_LL_ClearStallEP                     0x080051cb   Thumb Code    18  usbd_conf.o(i.USBD_LL_ClearStallEP)
    USBD_LL_CloseEP                          0x080051dd   Thumb Code    18  usbd_conf.o(i.USBD_LL_CloseEP)
    USBD_LL_DataInStage                      0x080051ef   Thumb Code   184  usbd_core.o(i.USBD_LL_DataInStage)
    USBD_LL_DataOutStage                     0x080052a7   Thumb Code   148  usbd_core.o(i.USBD_LL_DataOutStage)
    USBD_LL_DevConnected                     0x0800533b   Thumb Code     4  usbd_core.o(i.USBD_LL_DevConnected)
    USBD_LL_DevDisconnected                  0x0800533f   Thumb Code    30  usbd_core.o(i.USBD_LL_DevDisconnected)
    USBD_LL_GetRxDataSize                    0x0800535d   Thumb Code     8  usbd_conf.o(i.USBD_LL_GetRxDataSize)
    USBD_LL_Init                             0x08005365   Thumb Code    90  usbd_conf.o(i.USBD_LL_Init)
    USBD_LL_IsStallEP                        0x080053c5   Thumb Code    30  usbd_conf.o(i.USBD_LL_IsStallEP)
    USBD_LL_IsoINIncomplete                  0x080053e3   Thumb Code    40  usbd_core.o(i.USBD_LL_IsoINIncomplete)
    USBD_LL_IsoOUTIncomplete                 0x0800540b   Thumb Code    40  usbd_core.o(i.USBD_LL_IsoOUTIncomplete)
    USBD_LL_OpenEP                           0x08005433   Thumb Code    24  usbd_conf.o(i.USBD_LL_OpenEP)
    USBD_LL_PrepareReceive                   0x0800544b   Thumb Code    18  usbd_conf.o(i.USBD_LL_PrepareReceive)
    USBD_LL_Reset                            0x0800545d   Thumb Code    94  usbd_core.o(i.USBD_LL_Reset)
    USBD_LL_Resume                           0x080054bb   Thumb Code    20  usbd_core.o(i.USBD_LL_Resume)
    USBD_LL_SOF                              0x080054cf   Thumb Code    26  usbd_core.o(i.USBD_LL_SOF)
    USBD_LL_SetSpeed                         0x080054e9   Thumb Code     6  usbd_core.o(i.USBD_LL_SetSpeed)
    USBD_LL_SetUSBAddress                    0x080054ef   Thumb Code    18  usbd_conf.o(i.USBD_LL_SetUSBAddress)
    USBD_LL_SetupStage                       0x08005501   Thumb Code    96  usbd_core.o(i.USBD_LL_SetupStage)
    USBD_LL_StallEP                          0x08005561   Thumb Code    18  usbd_conf.o(i.USBD_LL_StallEP)
    USBD_LL_Start                            0x08005573   Thumb Code    18  usbd_conf.o(i.USBD_LL_Start)
    USBD_LL_Suspend                          0x08005585   Thumb Code    26  usbd_core.o(i.USBD_LL_Suspend)
    USBD_LL_Transmit                         0x0800559f   Thumb Code    18  usbd_conf.o(i.USBD_LL_Transmit)
    USBD_ParseSetupRequest                   0x080055b1   Thumb Code    44  usbd_ctlreq.o(i.USBD_ParseSetupRequest)
    USBD_RegisterClass                       0x080055dd   Thumb Code    58  usbd_core.o(i.USBD_RegisterClass)
    USBD_SetClassConfig                      0x08005617   Thumb Code    20  usbd_core.o(i.USBD_SetClassConfig)
    USBD_Start                               0x080056e5   Thumb Code     4  usbd_core.o(i.USBD_Start)
    USBD_StdDevReq                           0x080056e9   Thumb Code   300  usbd_ctlreq.o(i.USBD_StdDevReq)
    USBD_StdEPReq                            0x08005815   Thumb Code   358  usbd_ctlreq.o(i.USBD_StdEPReq)
    USBD_StdItfReq                           0x0800597b   Thumb Code   114  usbd_ctlreq.o(i.USBD_StdItfReq)
    USBD_static_free                         0x080059ed   Thumb Code     2  usbd_conf.o(i.USBD_static_free)
    USBD_static_malloc                       0x080059f1   Thumb Code     4  usbd_conf.o(i.USBD_static_malloc)
    USB_ActivateEndpoint                     0x080059f9   Thumb Code   122  stm32f4xx_ll_usb.o(i.USB_ActivateEndpoint)
    USB_ActivateSetup                        0x08005a79   Thumb Code    28  stm32f4xx_ll_usb.o(i.USB_ActivateSetup)
    USB_CoreInit                             0x08005a95   Thumb Code   126  stm32f4xx_ll_usb.o(i.USB_CoreInit)
    USB_DeactivateEndpoint                   0x08005b5d   Thumb Code   194  stm32f4xx_ll_usb.o(i.USB_DeactivateEndpoint)
    USB_DevConnect                           0x08005c29   Thumb Code    28  stm32f4xx_ll_usb.o(i.USB_DevConnect)
    USB_DevDisconnect                        0x08005c45   Thumb Code    28  stm32f4xx_ll_usb.o(i.USB_DevDisconnect)
    USB_DevInit                              0x08005c61   Thumb Code   370  stm32f4xx_ll_usb.o(i.USB_DevInit)
    USB_DisableGlobalInt                     0x08005ddd   Thumb Code    12  stm32f4xx_ll_usb.o(i.USB_DisableGlobalInt)
    USB_EP0_OutStart                         0x08005de9   Thumb Code    84  stm32f4xx_ll_usb.o(i.USB_EP0_OutStart)
    USB_EPClearStall                         0x08005e41   Thumb Code    88  stm32f4xx_ll_usb.o(i.USB_EPClearStall)
    USB_EPSetStall                           0x08005e99   Thumb Code    88  stm32f4xx_ll_usb.o(i.USB_EPSetStall)
    USB_EPStartXfer                          0x08005ef1   Thumb Code   562  stm32f4xx_ll_usb.o(i.USB_EPStartXfer)
    USB_EPStopXfer                           0x08006129   Thumb Code   158  stm32f4xx_ll_usb.o(i.USB_EPStopXfer)
    USB_EnableGlobalInt                      0x080061c7   Thumb Code    12  stm32f4xx_ll_usb.o(i.USB_EnableGlobalInt)
    USB_FlushRxFifo                          0x080061d3   Thumb Code    56  stm32f4xx_ll_usb.o(i.USB_FlushRxFifo)
    USB_FlushTxFifo                          0x0800620b   Thumb Code    60  stm32f4xx_ll_usb.o(i.USB_FlushTxFifo)
    USB_GetDevSpeed                          0x08006247   Thumb Code    26  stm32f4xx_ll_usb.o(i.USB_GetDevSpeed)
    USB_GetMode                              0x08006261   Thumb Code     8  stm32f4xx_ll_usb.o(i.USB_GetMode)
    USB_ReadDevAllInEpInterrupt              0x08006269   Thumb Code    14  stm32f4xx_ll_usb.o(i.USB_ReadDevAllInEpInterrupt)
    USB_ReadDevAllOutEpInterrupt             0x08006277   Thumb Code    14  stm32f4xx_ll_usb.o(i.USB_ReadDevAllOutEpInterrupt)
    USB_ReadDevInEPInterrupt                 0x08006285   Thumb Code    36  stm32f4xx_ll_usb.o(i.USB_ReadDevInEPInterrupt)
    USB_ReadDevOutEPInterrupt                0x080062a9   Thumb Code    16  stm32f4xx_ll_usb.o(i.USB_ReadDevOutEPInterrupt)
    USB_ReadInterrupts                       0x080062b9   Thumb Code     8  stm32f4xx_ll_usb.o(i.USB_ReadInterrupts)
    USB_ReadPacket                           0x080062c1   Thumb Code    62  stm32f4xx_ll_usb.o(i.USB_ReadPacket)
    USB_SetCurrentMode                       0x080062ff   Thumb Code    92  stm32f4xx_ll_usb.o(i.USB_SetCurrentMode)
    USB_SetDevAddress                        0x0800635b   Thumb Code    34  stm32f4xx_ll_usb.o(i.USB_SetDevAddress)
    USB_SetTurnaroundTime                    0x0800637d   Thumb Code   158  stm32f4xx_ll_usb.o(i.USB_SetTurnaroundTime)
    USB_WritePacket                          0x08006465   Thumb Code    40  stm32f4xx_ll_usb.o(i.USB_WritePacket)
    UsageFault_Handler                       0x0800648d   Thumb Code     2  stm32f4xx_it.o(i.UsageFault_Handler)
    VCP_GetRxCount                           0x08006491   Thumb Code    24  usbd_cdc_if.o(i.VCP_GetRxCount)
    VCP_Read                                 0x080064ad   Thumb Code    92  usbd_cdc_if.o(i.VCP_Read)
    VCP_ReadTask                             0x08006511   Thumb Code   236  readdata.o(i.VCP_ReadTask)
    WalkBack                                 0x08006601   Thumb Code   402  postrue_control.o(i.WalkBack)
    WitCanDataIn                             0x0800679d   Thumb Code    64  wit_c_sdk.o(i.WitCanDataIn)
    WitCanWriteRegister                      0x080067e1   Thumb Code    16  wit_c_sdk.o(i.WitCanWriteRegister)
    WitInit                                  0x080067f5   Thumb Code    22  wit_c_sdk.o(i.WitInit)
    WitRegisterCallBack                      0x08006811   Thumb Code    16  wit_c_sdk.o(i.WitRegisterCallBack)
    __ARM_fpclassify                         0x08006825   Thumb Code    48  fpclassify.o(i.__ARM_fpclassify)
    __hardfp_acos                            0x08006879   Thumb Code   738  acos.o(i.__hardfp_acos)
    __hardfp_atan                            0x08006bd1   Thumb Code   622  atan.o(i.__hardfp_atan)
    __hardfp_atan2                           0x08006ea9   Thumb Code   448  atan2.o(i.__hardfp_atan2)
    __hardfp_fmod                            0x080070a9   Thumb Code   254  fmod.o(i.__hardfp_fmod)
    __hardfp_pow                             0x080071b1   Thumb Code  3072  pow.o(i.__hardfp_pow)
    __hardfp_sin                             0x08007e01   Thumb Code   180  sin.o(i.__hardfp_sin)
    __hardfp_sqrt                            0x08007ec9   Thumb Code   122  sqrt.o(i.__hardfp_sqrt)
    __hardfp_sqrtf                           0x08007f43   Thumb Code    58  sqrtf.o(i.__hardfp_sqrtf)
    __ieee754_rem_pio2                       0x08007f81   Thumb Code   938  rred.o(i.__ieee754_rem_pio2)
    __kernel_cos                             0x080083b9   Thumb Code   322  cos_i.o(i.__kernel_cos)
    __kernel_poly                            0x08008529   Thumb Code   248  poly.o(i.__kernel_poly)
    __kernel_sin                             0x08008621   Thumb Code   280  sin_i.o(i.__kernel_sin)
    __mathlib_dbl_divzero                    0x08008751   Thumb Code    28  dunder.o(i.__mathlib_dbl_divzero)
    __mathlib_dbl_infnan                     0x08008781   Thumb Code    20  dunder.o(i.__mathlib_dbl_infnan)
    __mathlib_dbl_infnan2                    0x08008795   Thumb Code    20  dunder.o(i.__mathlib_dbl_infnan2)
    __mathlib_dbl_invalid                    0x080087a9   Thumb Code    24  dunder.o(i.__mathlib_dbl_invalid)
    __mathlib_dbl_overflow                   0x080087c9   Thumb Code    24  dunder.o(i.__mathlib_dbl_overflow)
    __mathlib_dbl_underflow                  0x080087e9   Thumb Code    24  dunder.o(i.__mathlib_dbl_underflow)
    atan                                     0x08008809   Thumb Code    16  atan.o(i.atan)
    bezierCurve                              0x08008819   Thumb Code   204  curve.o(i.bezierCurve)
    binomial_coefficient                     0x080088e5   Thumb Code    86  curve.o(i.binomial_coefficient)
    calculateFunc                            0x08008945   Thumb Code    20  freertos.o(i.calculateFunc)
    dogTaskCtrl                              0x08008981   Thumb Code   184  postrue_control.o(i.dogTaskCtrl)
    extract_data                             0x08008a41   Thumb Code   162  go-m8010-6.o(i.extract_data)
    fabs                                     0x08008af1   Thumb Code    24  fabs.o(i.fabs)
    hwt605_Init                              0x08008b09   Thumb Code    76  hwt605.o(i.hwt605_Init)
    leg_Act_Bezier                           0x08008b6d   Thumb Code   208  postrue_control.o(i.leg_Act_Bezier)
    leg_Bezier_Free_Init                     0x08008c41   Thumb Code    18  postrue_control.o(i.leg_Bezier_Free_Init)
    main                                     0x08008c53   Thumb Code    64  main.o(i.main)
    modify_data                              0x08008ca1   Thumb Code   344  go-m8010-6.o(i.modify_data)
    normalizeAngle                           0x08008e45   Thumb Code    70  autopath_plan.o(i.normalizeAngle)
    osDelay                                  0x08008ea1   Thumb Code    14  cmsis_os.o(i.osDelay)
    osKernelStart                            0x08008eaf   Thumb Code    10  cmsis_os.o(i.osKernelStart)
    osKernelSysTick                          0x08008eb9   Thumb Code    24  cmsis_os.o(i.osKernelSysTick)
    osThreadCreate                           0x08008ed1   Thumb Code    84  cmsis_os.o(i.osThreadCreate)
    pvPortMalloc                             0x08009271   Thumb Code   216  heap_4.o(i.pvPortMalloc)
    pxPortInitialiseStack                    0x0800934d   Thumb Code    40  port.o(i.pxPortInitialiseStack)
    sqrt                                     0x08009379   Thumb Code   110  sqrt.o(i.sqrt)
    standUP                                  0x080093e9   Thumb Code   134  postrue_control.o(i.standUP)
    steps_jump                               0x0800947d   Thumb Code   536  postrue_control.o(i.steps_jump)
    uxListRemove                             0x080096a1   Thumb Code    38  list.o(i.uxListRemove)
    vApplicationGetIdleTaskMemory            0x080096c9   Thumb Code    16  freertos.o(i.vApplicationGetIdleTaskMemory)
    vListInitialise                          0x080096dd   Thumb Code    22  list.o(i.vListInitialise)
    vListInitialiseItem                      0x080096f3   Thumb Code     6  list.o(i.vListInitialiseItem)
    vListInsert                              0x080096f9   Thumb Code    48  list.o(i.vListInsert)
    vListInsertEnd                           0x08009729   Thumb Code    24  list.o(i.vListInsertEnd)
    vPortEnterCritical                       0x08009741   Thumb Code    54  port.o(i.vPortEnterCritical)
    vPortExitCritical                        0x08009781   Thumb Code    34  port.o(i.vPortExitCritical)
    vPortFree                                0x080097a9   Thumb Code    94  heap_4.o(i.vPortFree)
    vPortSetupTimerInterrupt                 0x0800980d   Thumb Code    32  port.o(i.vPortSetupTimerInterrupt)
    vPortValidateInterruptPriority           0x08009831   Thumb Code    74  port.o(i.vPortValidateInterruptPriority)
    vTaskDelay                               0x08009885   Thumb Code    66  tasks.o(i.vTaskDelay)
    vTaskStartScheduler                      0x080098d1   Thumb Code    90  tasks.o(i.vTaskStartScheduler)
    vTaskSuspendAll                          0x0800993d   Thumb Code    10  tasks.o(i.vTaskSuspendAll)
    vTaskSwitchContext                       0x0800994d   Thumb Code    82  tasks.o(i.vTaskSwitchContext)
    walkForward                              0x080099a9   Thumb Code   402  postrue_control.o(i.walkForward)
    xPortStartScheduler                      0x08009b45   Thumb Code   222  port.o(i.xPortStartScheduler)
    xTaskCreate                              0x08009c39   Thumb Code    90  tasks.o(i.xTaskCreate)
    xTaskCreateStatic                        0x08009c93   Thumb Code    86  tasks.o(i.xTaskCreateStatic)
    xTaskGetTickCount                        0x08009ce9   Thumb Code     6  tasks.o(i.xTaskGetTickCount)
    xTaskGetTickCountFromISR                 0x08009cf5   Thumb Code    12  tasks.o(i.xTaskGetTickCountFromISR)
    xTaskIncrementTick                       0x08009d05   Thumb Code   194  tasks.o(i.xTaskIncrementTick)
    xTaskResumeAll                           0x08009dd1   Thumb Code   182  tasks.o(i.xTaskResumeAll)
    __aeabi_dneg                             0x08009e95   Thumb Code     0  basic.o(x$fpl$basic)
    _dneg                                    0x08009e95   Thumb Code     6  basic.o(x$fpl$basic)
    __aeabi_fneg                             0x08009e9b   Thumb Code     0  basic.o(x$fpl$basic)
    _fneg                                    0x08009e9b   Thumb Code     6  basic.o(x$fpl$basic)
    _dabs                                    0x08009ea1   Thumb Code     6  basic.o(x$fpl$basic)
    _fabs                                    0x08009ea7   Thumb Code     6  basic.o(x$fpl$basic)
    __aeabi_d2f                              0x08009ead   Thumb Code     0  d2f.o(x$fpl$d2f)
    _d2f                                     0x08009ead   Thumb Code    98  d2f.o(x$fpl$d2f)
    __aeabi_dadd                             0x08009f11   Thumb Code     0  daddsub_clz.o(x$fpl$dadd)
    _dadd                                    0x08009f11   Thumb Code   332  daddsub_clz.o(x$fpl$dadd)
    __fpl_dcheck_NaN1                        0x0800a061   Thumb Code    10  dcheck1.o(x$fpl$dcheck1)
    __fpl_dcmp_Inf                           0x0800a071   Thumb Code    24  dcmpi.o(x$fpl$dcmpinf)
    __aeabi_ddiv                             0x0800a089   Thumb Code     0  ddiv.o(x$fpl$ddiv)
    _ddiv                                    0x0800a089   Thumb Code   552  ddiv.o(x$fpl$ddiv)
    __aeabi_cdcmpeq                          0x0800a339   Thumb Code     0  deqf.o(x$fpl$deqf)
    _dcmpeq                                  0x0800a339   Thumb Code   120  deqf.o(x$fpl$deqf)
    __aeabi_d2iz                             0x0800a3b1   Thumb Code     0  dfix.o(x$fpl$dfix)
    _dfix                                    0x0800a3b1   Thumb Code    94  dfix.o(x$fpl$dfix)
    __aeabi_i2d                              0x0800a40f   Thumb Code     0  dflt_clz.o(x$fpl$dflt)
    _dflt                                    0x0800a40f   Thumb Code    46  dflt_clz.o(x$fpl$dflt)
    __aeabi_ui2d                             0x0800a43d   Thumb Code     0  dflt_clz.o(x$fpl$dfltu)
    _dfltu                                   0x0800a43d   Thumb Code    38  dflt_clz.o(x$fpl$dfltu)
    __aeabi_cdcmple                          0x0800a465   Thumb Code     0  dleqf.o(x$fpl$dleqf)
    _dcmple                                  0x0800a465   Thumb Code   120  dleqf.o(x$fpl$dleqf)
    __fpl_dcmple_InfNaN                      0x0800a4c7   Thumb Code     0  dleqf.o(x$fpl$dleqf)
    __aeabi_dmul                             0x0800a4dd   Thumb Code     0  dmul.o(x$fpl$dmul)
    _dmul                                    0x0800a4dd   Thumb Code   332  dmul.o(x$fpl$dmul)
    __fpl_dnaninf                            0x0800a631   Thumb Code   156  dnaninf.o(x$fpl$dnaninf)
    _drem                                    0x0800a6cd   Thumb Code   328  drem_clz.o(x$fpl$drem)
    __fpl_dretinf                            0x0800a81d   Thumb Code    12  dretinf.o(x$fpl$dretinf)
    __aeabi_cdrcmple                         0x0800a829   Thumb Code     0  drleqf.o(x$fpl$drleqf)
    _drcmple                                 0x0800a829   Thumb Code   108  drleqf.o(x$fpl$drleqf)
    __aeabi_drsub                            0x0800a895   Thumb Code     0  daddsub_clz.o(x$fpl$drsb)
    _drsb                                    0x0800a895   Thumb Code    22  daddsub_clz.o(x$fpl$drsb)
    _dsqrt                                   0x0800a8ad   Thumb Code   404  dsqrt_umaal.o(x$fpl$dsqrt)
    __aeabi_dsub                             0x0800aa45   Thumb Code     0  daddsub_clz.o(x$fpl$dsub)
    _dsub                                    0x0800aa45   Thumb Code   464  daddsub_clz.o(x$fpl$dsub)
    __aeabi_f2d                              0x0800ac19   Thumb Code     0  f2d.o(x$fpl$f2d)
    _f2d                                     0x0800ac19   Thumb Code    86  f2d.o(x$fpl$f2d)
    __fpl_fnaninf                            0x0800ac6f   Thumb Code   140  fnaninf.o(x$fpl$fnaninf)
    _fp_init                                 0x0800acfb   Thumb Code    10  fpinit.o(x$fpl$fpinit)
    __fplib_config_fpu_vfp                   0x0800ad03   Thumb Code     0  fpinit.o(x$fpl$fpinit)
    __fplib_config_pureend_doubles           0x0800ad03   Thumb Code     0  fpinit.o(x$fpl$fpinit)
    __fpl_fretinf                            0x0800ad05   Thumb Code    10  fretinf.o(x$fpl$fretinf)
    __fpl_return_NaN                         0x0800ad0f   Thumb Code   100  retnan.o(x$fpl$retnan)
    __ARM_scalbn                             0x0800ad73   Thumb Code    92  scalbn.o(x$fpl$scalbn)
    __fpl_cmpreturn                          0x0800adcf   Thumb Code    48  trapv.o(x$fpl$trapveneer)
    __I$use$fp                               0x0800adfe   Number         0  usenofp.o(x$fpl$usenofp)
    AHBPrescTable                            0x0800ae78   Data          16  system_stm32f4xx.o(.constdata)
    APBPrescTable                            0x0800ae88   Data           8  system_stm32f4xx.o(.constdata)
    crc_ccitt_table                          0x0800ae90   Data         512  go-m8010-6.o(.constdata)
    __mathlib_zero                           0x0800b808   Data           8  qnan.o(.constdata)
    Region$$Table$$Base                      0x0800b93c   Number         0  anon$$obj.o(Region$$Table)
    Region$$Table$$Limit                     0x0800b95c   Number         0  anon$$obj.o(Region$$Table)
    Rx_Temp                                  0x20000000   Data           1  freertos.o(.data)
    defaultTaskHandle                        0x20000004   Data           4  freertos.o(.data)
    CalculateTaskHandle                      0x20000008   Data           4  freertos.o(.data)
    RemoteContrlTasHandle                    0x2000000c   Data           4  freertos.o(.data)
    AutoPath_PlanTkHandle                    0x20000010   Data           4  freertos.o(.data)
    uwTickFreq                               0x20000018   Data           1  stm32f4xx_hal.o(.data)
    uwTickPrio                               0x2000001c   Data           4  stm32f4xx_hal.o(.data)
    uwTick                                   0x20000020   Data           4  stm32f4xx_hal.o(.data)
    SystemCoreClock                          0x20000024   Data           4  system_stm32f4xx.o(.data)
    sbus_start                               0x20000b80   Data           1  bsp_sbus.o(.data)
    sbus_buf_index                           0x20000b81   Data           1  bsp_sbus.o(.data)
    sbus_new_cmd                             0x20000b82   Data           1  bsp_sbus.o(.data)
    failsafe_status                          0x20000b83   Data           1  bsp_sbus.o(.data)
    pxCurrentTCB                             0x20000b84   Data           4  tasks.o(.data)
    RxData                                   0x20000c14   Data           8  wit_c_sdk.o(.data)
    FS_Desc                                  0x20000c1c   Data          28  usbd_desc.o(.data)
    USBD_LangIDDesc                          0x20000c38   Data           4  usbd_desc.o(.data)
    USBD_FS_DeviceDesc                       0x20000c3c   Data          18  usbd_desc.o(.data)
    USBD_StringSerial                        0x20000c50   Data          26  usbd_desc.o(.data)
    USBD_Interface_fops_FS                   0x20000c70   Data          20  usbd_cdc_if.o(.data)
    USBD_CDC                                 0x20000cdc   Data          56  usbd_cdc.o(.data)
    msg                                      0x20000d14   Data           8  readdata.o(.data)
    dog                                      0x20000d20   Data        1816  freertos.o(.bss)
    hcan1                                    0x2000168c   Data          40  can.o(.bss)
    hcan2                                    0x200016b4   Data          40  can.o(.bss)
    huart5                                   0x200016dc   Data          72  usart.o(.bss)
    huart1                                   0x20001724   Data          72  usart.o(.bss)
    huart2                                   0x2000176c   Data          72  usart.o(.bss)
    huart6                                   0x200017b4   Data          72  usart.o(.bss)
    hdma_usart1_rx                           0x200017fc   Data          96  usart.o(.bss)
    hdma_usart2_rx                           0x2000185c   Data          96  usart.o(.bss)
    htim14                                   0x200018bc   Data          72  stm32f4xx_hal_timebase_tim.o(.bss)
    inBuffer                                 0x20001904   Data          25  bsp_sbus.o(.bss)
    sbus_data                                0x2000191d   Data          25  bsp_sbus.o(.bss)
    g_sbus_channels                          0x20001936   Data          36  bsp_sbus.o(.bss)
    angle                                    0x2000195c   Data          24  hwt605.o(.bss)
    RxHeader                                 0x20005664   Data          28  wit_c_sdk.o(.bss)
    sReg                                     0x20005780   Data         288  wit_c_sdk.o(.bss)
    hUsbDeviceFS                             0x200058a0   Data         732  usb_device.o(.bss)
    USBD_StrDesc                             0x20005b7c   Data         512  usbd_desc.o(.bss)
    RingBuffer                               0x20005d7c   Data         512  usbd_cdc_if.o(.bss)
    UserRxBufferFS                           0x20005f7c   Data         512  usbd_cdc_if.o(.bss)
    UserTxBufferFS                           0x2000617c   Data         512  usbd_cdc_if.o(.bss)
    hpcd_USB_OTG_FS                          0x2000659c   Data        1252  usbd_conf.o(.bss)
    __libspace_start                         0x20006a80   Data          96  libspace.o(.bss)
    __temporary_stack_top$libspace           0x20006ae0   Data           0  libspace.o(.bss)



==============================================================================

Memory Map of the image

  Image Entry point : 0x080001ad

  Load Region LR_IROM1 (Base: 0x08000000, Size: 0x0000c67c, Max: 0x00080000, ABSOLUTE, COMPRESSED[0x0000baf0])

    Execution Region ER_IROM1 (Exec base: 0x08000000, Load base: 0x08000000, Size: 0x0000b95c, Max: 0x00080000, ABSOLUTE)

    Exec Addr    Load Addr    Size         Type   Attr      Idx    E Section Name        Object

    0x08000000   0x08000000   0x000001ac   Data   RO            3    RESET               startup_stm32f429xx.o
    0x080001ac   0x080001ac   0x00000008   Code   RO         6857  * !!!main             c_w.l(__main.o)
    0x080001b4   0x080001b4   0x00000034   Code   RO         7235    !!!scatter          c_w.l(__scatter.o)
    0x080001e8   0x080001e8   0x0000005a   Code   RO         7233    !!dczerorl2         c_w.l(__dczerorl2.o)
    0x08000242   0x08000242   0x00000002   PAD
    0x08000244   0x08000244   0x0000001c   Code   RO         7237    !!handler_zi        c_w.l(__scatter_zi.o)
    0x08000260   0x08000260   0x00000002   Code   RO         7100    .ARM.Collect$$libinit$$00000000  c_w.l(libinit.o)
    0x08000262   0x08000262   0x00000004   Code   RO         7111    .ARM.Collect$$libinit$$00000001  c_w.l(libinit2.o)
    0x08000266   0x08000266   0x00000000   Code   RO         7114    .ARM.Collect$$libinit$$00000004  c_w.l(libinit2.o)
    0x08000266   0x08000266   0x00000000   Code   RO         7117    .ARM.Collect$$libinit$$0000000A  c_w.l(libinit2.o)
    0x08000266   0x08000266   0x00000000   Code   RO         7119    .ARM.Collect$$libinit$$0000000C  c_w.l(libinit2.o)
    0x08000266   0x08000266   0x00000000   Code   RO         7121    .ARM.Collect$$libinit$$0000000E  c_w.l(libinit2.o)
    0x08000266   0x08000266   0x00000000   Code   RO         7124    .ARM.Collect$$libinit$$00000011  c_w.l(libinit2.o)
    0x08000266   0x08000266   0x00000000   Code   RO         7126    .ARM.Collect$$libinit$$00000013  c_w.l(libinit2.o)
    0x08000266   0x08000266   0x00000000   Code   RO         7128    .ARM.Collect$$libinit$$00000015  c_w.l(libinit2.o)
    0x08000266   0x08000266   0x00000000   Code   RO         7130    .ARM.Collect$$libinit$$00000017  c_w.l(libinit2.o)
    0x08000266   0x08000266   0x00000000   Code   RO         7132    .ARM.Collect$$libinit$$00000019  c_w.l(libinit2.o)
    0x08000266   0x08000266   0x00000000   Code   RO         7134    .ARM.Collect$$libinit$$0000001B  c_w.l(libinit2.o)
    0x08000266   0x08000266   0x00000000   Code   RO         7136    .ARM.Collect$$libinit$$0000001D  c_w.l(libinit2.o)
    0x08000266   0x08000266   0x00000000   Code   RO         7138    .ARM.Collect$$libinit$$0000001F  c_w.l(libinit2.o)
    0x08000266   0x08000266   0x00000000   Code   RO         7140    .ARM.Collect$$libinit$$00000021  c_w.l(libinit2.o)
    0x08000266   0x08000266   0x00000000   Code   RO         7142    .ARM.Collect$$libinit$$00000023  c_w.l(libinit2.o)
    0x08000266   0x08000266   0x00000000   Code   RO         7144    .ARM.Collect$$libinit$$00000025  c_w.l(libinit2.o)
    0x08000266   0x08000266   0x00000000   Code   RO         7148    .ARM.Collect$$libinit$$0000002C  c_w.l(libinit2.o)
    0x08000266   0x08000266   0x00000000   Code   RO         7150    .ARM.Collect$$libinit$$0000002E  c_w.l(libinit2.o)
    0x08000266   0x08000266   0x00000000   Code   RO         7152    .ARM.Collect$$libinit$$00000030  c_w.l(libinit2.o)
    0x08000266   0x08000266   0x00000000   Code   RO         7154    .ARM.Collect$$libinit$$00000032  c_w.l(libinit2.o)
    0x08000266   0x08000266   0x00000002   Code   RO         7155    .ARM.Collect$$libinit$$00000033  c_w.l(libinit2.o)
    0x08000268   0x08000268   0x00000002   Code   RO         7188    .ARM.Collect$$libshutdown$$00000000  c_w.l(libshutdown.o)
    0x0800026a   0x0800026a   0x00000000   Code   RO         7214    .ARM.Collect$$libshutdown$$00000002  c_w.l(libshutdown2.o)
    0x0800026a   0x0800026a   0x00000000   Code   RO         7216    .ARM.Collect$$libshutdown$$00000004  c_w.l(libshutdown2.o)
    0x0800026a   0x0800026a   0x00000000   Code   RO         7218    .ARM.Collect$$libshutdown$$00000006  c_w.l(libshutdown2.o)
    0x0800026a   0x0800026a   0x00000000   Code   RO         7221    .ARM.Collect$$libshutdown$$00000009  c_w.l(libshutdown2.o)
    0x0800026a   0x0800026a   0x00000000   Code   RO         7224    .ARM.Collect$$libshutdown$$0000000C  c_w.l(libshutdown2.o)
    0x0800026a   0x0800026a   0x00000000   Code   RO         7226    .ARM.Collect$$libshutdown$$0000000E  c_w.l(libshutdown2.o)
    0x0800026a   0x0800026a   0x00000000   Code   RO         7229    .ARM.Collect$$libshutdown$$00000011  c_w.l(libshutdown2.o)
    0x0800026a   0x0800026a   0x00000002   Code   RO         7230    .ARM.Collect$$libshutdown$$00000012  c_w.l(libshutdown2.o)
    0x0800026c   0x0800026c   0x00000000   Code   RO         6965    .ARM.Collect$$rtentry$$00000000  c_w.l(__rtentry.o)
    0x0800026c   0x0800026c   0x00000000   Code   RO         7055    .ARM.Collect$$rtentry$$00000002  c_w.l(__rtentry2.o)
    0x0800026c   0x0800026c   0x00000006   Code   RO         7067    .ARM.Collect$$rtentry$$00000004  c_w.l(__rtentry4.o)
    0x08000272   0x08000272   0x00000000   Code   RO         7057    .ARM.Collect$$rtentry$$00000009  c_w.l(__rtentry2.o)
    0x08000272   0x08000272   0x00000004   Code   RO         7058    .ARM.Collect$$rtentry$$0000000A  c_w.l(__rtentry2.o)
    0x08000276   0x08000276   0x00000000   Code   RO         7060    .ARM.Collect$$rtentry$$0000000C  c_w.l(__rtentry2.o)
    0x08000276   0x08000276   0x00000008   Code   RO         7061    .ARM.Collect$$rtentry$$0000000D  c_w.l(__rtentry2.o)
    0x0800027e   0x0800027e   0x00000002   Code   RO         7103    .ARM.Collect$$rtexit$$00000000  c_w.l(rtexit.o)
    0x08000280   0x08000280   0x00000000   Code   RO         7161    .ARM.Collect$$rtexit$$00000002  c_w.l(rtexit2.o)
    0x08000280   0x08000280   0x00000004   Code   RO         7162    .ARM.Collect$$rtexit$$00000003  c_w.l(rtexit2.o)
    0x08000284   0x08000284   0x00000006   Code   RO         7163    .ARM.Collect$$rtexit$$00000004  c_w.l(rtexit2.o)
    0x0800028a   0x0800028a   0x00000002   PAD
    0x0800028c   0x0800028c   0x000000be   Code   RO         5688    .emb_text           port.o
    0x0800034a   0x0800034a   0x00000002   PAD
    0x0800034c   0x0800034c   0x00000040   Code   RO            4    .text               startup_stm32f429xx.o
    0x0800038c   0x0800038c   0x000000ee   Code   RO         6845    .text               c_w.l(lludivv7m.o)
    0x0800047a   0x0800047a   0x0000008a   Code   RO         6847    .text               c_w.l(rt_memcpy_v6.o)
    0x08000504   0x08000504   0x00000064   Code   RO         6849    .text               c_w.l(rt_memcpy_w.o)
    0x08000568   0x08000568   0x0000004e   Code   RO         6853    .text               c_w.l(rt_memclr_w.o)
    0x080005b6   0x080005b6   0x00000006   Code   RO         6855    .text               c_w.l(heapauxi.o)
    0x080005bc   0x080005bc   0x00000016   Code   RO         6970    .text               c_w.l(_rserrno.o)
    0x080005d2   0x080005d2   0x00000002   PAD
    0x080005d4   0x080005d4   0x00000008   Code   RO         7074    .text               c_w.l(rt_errno_addr_intlibspace.o)
    0x080005dc   0x080005dc   0x00000008   Code   RO         7084    .text               c_w.l(libspace.o)
    0x080005e4   0x080005e4   0x0000004a   Code   RO         7087    .text               c_w.l(sys_stackheap_outer.o)
    0x0800062e   0x0800062e   0x00000012   Code   RO         7089    .text               c_w.l(exit.o)
    0x08000640   0x08000640   0x0000000c   Code   RO         7158    .text               c_w.l(sys_exit.o)
    0x0800064c   0x0800064c   0x00000002   Code   RO         7177    .text               c_w.l(use_no_semi.o)
    0x0800064e   0x0800064e   0x00000000   Code   RO         7179    .text               c_w.l(indicate_semi.o)
    0x0800064e   0x0800064e   0x00000002   PAD
    0x08000650   0x08000650   0x00000018   Code   RO          289    i.AutoPath_Plan     freertos.o
    0x08000668   0x08000668   0x00000002   Code   RO          532    i.BusFault_Handler  stm32f4xx_it.o
    0x0800066a   0x0800066a   0x00000002   PAD
    0x0800066c   0x0800066c   0x0000000c   Code   RO          533    i.CAN2_RX0_IRQHandler  stm32f4xx_it.o
    0x08000678   0x08000678   0x0000000c   Code   RO          534    i.CAN2_RX1_IRQHandler  stm32f4xx_it.o
    0x08000684   0x08000684   0x00000004   Code   RO         6060    i.CDC_Control_FS    usbd_cdc_if.o
    0x08000688   0x08000688   0x00000010   Code   RO         6061    i.CDC_DeInit_FS     usbd_cdc_if.o
    0x08000698   0x08000698   0x00000024   Code   RO         6062    i.CDC_Init_FS       usbd_cdc_if.o
    0x080006bc   0x080006bc   0x00000068   Code   RO         6063    i.CDC_Receive_FS    usbd_cdc_if.o
    0x08000724   0x08000724   0x00000004   Code   RO         6064    i.CDC_TransmitCplt_FS  usbd_cdc_if.o
    0x08000728   0x08000728   0x000000b4   Code   RO         5769    i.CopeWitData       wit_c_sdk.o
    0x080007dc   0x080007dc   0x0000000c   Code   RO          535    i.DMA1_Stream5_IRQHandler  stm32f4xx_it.o
    0x080007e8   0x080007e8   0x0000000c   Code   RO          536    i.DMA2_Stream2_IRQHandler  stm32f4xx_it.o
    0x080007f4   0x080007f4   0x00000028   Code   RO         2782    i.DMA_CalcBaseAndBitshift  stm32f4xx_hal_dma.o
    0x0800081c   0x0800081c   0x00000054   Code   RO         2783    i.DMA_CheckFifoParam  stm32f4xx_hal_dma.o
    0x08000870   0x08000870   0x00000050   Code   RO         4215    i.Damping_mode      postrue_control.o
    0x080008c0   0x080008c0   0x00000002   Code   RO          537    i.DebugMon_Handler  stm32f4xx_it.o
    0x080008c2   0x080008c2   0x00000002   PAD
    0x080008c4   0x080008c4   0x00000094   Code   RO         4217    i.Dog_ParaInit      postrue_control.o
    0x08000958   0x08000958   0x00000004   Code   RO           13    i.Error_Handler     main.o
    0x0800095c   0x0800095c   0x00000044   Code   RO         4138    i.GO_init           go_ctrl.o
    0x080009a0   0x080009a0   0x00000038   Code   RO         4139    i.GO_mix_ctrl       go_ctrl.o
    0x080009d8   0x080009d8   0x00000024   Code   RO         3504    i.HAL_CAN_ActivateNotification  stm32f4xx_hal_can.o
    0x080009fc   0x080009fc   0x000000d0   Code   RO         3505    i.HAL_CAN_AddTxMessage  stm32f4xx_hal_can.o
    0x08000acc   0x08000acc   0x0000010c   Code   RO         3506    i.HAL_CAN_ConfigFilter  stm32f4xx_hal_can.o
    0x08000bd8   0x08000bd8   0x00000002   Code   RO         3509    i.HAL_CAN_ErrorCallback  stm32f4xx_hal_can.o
    0x08000bda   0x08000bda   0x000000f4   Code   RO         3512    i.HAL_CAN_GetRxMessage  stm32f4xx_hal_can.o
    0x08000cce   0x08000cce   0x000001fc   Code   RO         3516    i.HAL_CAN_IRQHandler  stm32f4xx_hal_can.o
    0x08000eca   0x08000eca   0x0000011a   Code   RO         3517    i.HAL_CAN_Init      stm32f4xx_hal_can.o
    0x08000fe4   0x08000fe4   0x00000100   Code   RO          400    i.HAL_CAN_MspInit   can.o
    0x080010e4   0x080010e4   0x00000002   Code   RO         3524    i.HAL_CAN_RxFifo0FullCallback  stm32f4xx_hal_can.o
    0x080010e6   0x080010e6   0x00000002   PAD
    0x080010e8   0x080010e8   0x00000034   Code   RO         5770    i.HAL_CAN_RxFifo0MsgPendingCallback  wit_c_sdk.o
    0x0800111c   0x0800111c   0x00000002   Code   RO         3526    i.HAL_CAN_RxFifo1FullCallback  stm32f4xx_hal_can.o
    0x0800111e   0x0800111e   0x00000002   Code   RO         3527    i.HAL_CAN_RxFifo1MsgPendingCallback  stm32f4xx_hal_can.o
    0x08001120   0x08001120   0x00000002   Code   RO         3528    i.HAL_CAN_SleepCallback  stm32f4xx_hal_can.o
    0x08001122   0x08001122   0x00000002   PAD
    0x08001124   0x08001124   0x00000058   Code   RO         3529    i.HAL_CAN_Start     stm32f4xx_hal_can.o
    0x0800117c   0x0800117c   0x00000002   Code   RO         3531    i.HAL_CAN_TxMailbox0AbortCallback  stm32f4xx_hal_can.o
    0x0800117e   0x0800117e   0x00000002   Code   RO         3532    i.HAL_CAN_TxMailbox0CompleteCallback  stm32f4xx_hal_can.o
    0x08001180   0x08001180   0x00000002   Code   RO         3533    i.HAL_CAN_TxMailbox1AbortCallback  stm32f4xx_hal_can.o
    0x08001182   0x08001182   0x00000002   Code   RO         3534    i.HAL_CAN_TxMailbox1CompleteCallback  stm32f4xx_hal_can.o
    0x08001184   0x08001184   0x00000002   Code   RO         3535    i.HAL_CAN_TxMailbox2AbortCallback  stm32f4xx_hal_can.o
    0x08001186   0x08001186   0x00000002   Code   RO         3536    i.HAL_CAN_TxMailbox2CompleteCallback  stm32f4xx_hal_can.o
    0x08001188   0x08001188   0x00000002   Code   RO         3538    i.HAL_CAN_WakeUpFromRxMsgCallback  stm32f4xx_hal_can.o
    0x0800118a   0x0800118a   0x00000092   Code   RO         2785    i.HAL_DMA_Abort     stm32f4xx_hal_dma.o
    0x0800121c   0x0800121c   0x00000024   Code   RO         2786    i.HAL_DMA_Abort_IT  stm32f4xx_hal_dma.o
    0x08001240   0x08001240   0x000001a0   Code   RO         2790    i.HAL_DMA_IRQHandler  stm32f4xx_hal_dma.o
    0x080013e0   0x080013e0   0x000000d4   Code   RO         2791    i.HAL_DMA_Init      stm32f4xx_hal_dma.o
    0x080014b4   0x080014b4   0x00000024   Code   RO         3240    i.HAL_Delay         stm32f4xx_hal.o
    0x080014d8   0x080014d8   0x00000234   Code   RO         2678    i.HAL_GPIO_Init     stm32f4xx_hal_gpio.o
    0x0800170c   0x0800170c   0x0000000a   Code   RO         2682    i.HAL_GPIO_WritePin  stm32f4xx_hal_gpio.o
    0x08001716   0x08001716   0x00000002   PAD
    0x08001718   0x08001718   0x0000000c   Code   RO         3248    i.HAL_GetTick       stm32f4xx_hal.o
    0x08001724   0x08001724   0x00000010   Code   RO         3254    i.HAL_IncTick       stm32f4xx_hal.o
    0x08001734   0x08001734   0x00000034   Code   RO         3255    i.HAL_Init          stm32f4xx_hal.o
    0x08001768   0x08001768   0x00000098   Code   RO          674    i.HAL_InitTick      stm32f4xx_hal_timebase_tim.o
    0x08001800   0x08001800   0x00000038   Code   RO          650    i.HAL_MspInit       stm32f4xx_hal_msp.o
    0x08001838   0x08001838   0x0000001a   Code   RO         3088    i.HAL_NVIC_EnableIRQ  stm32f4xx_hal_cortex.o
    0x08001852   0x08001852   0x00000002   PAD
    0x08001854   0x08001854   0x00000040   Code   RO         3094    i.HAL_NVIC_SetPriority  stm32f4xx_hal_cortex.o
    0x08001894   0x08001894   0x00000024   Code   RO         3095    i.HAL_NVIC_SetPriorityGrouping  stm32f4xx_hal_cortex.o
    0x080018b8   0x080018b8   0x00000002   Code   RO         1925    i.HAL_PCDEx_LPM_Callback  stm32f4xx_hal_pcd_ex.o
    0x080018ba   0x080018ba   0x00000008   Code   RO         1926    i.HAL_PCDEx_SetRxFiFo  stm32f4xx_hal_pcd_ex.o
    0x080018c2   0x080018c2   0x00000044   Code   RO         1927    i.HAL_PCDEx_SetTxFiFo  stm32f4xx_hal_pcd_ex.o
    0x08001906   0x08001906   0x00000008   Code   RO         6135    i.HAL_PCD_ConnectCallback  usbd_conf.o
    0x0800190e   0x0800190e   0x00000012   Code   RO         6136    i.HAL_PCD_DataInStageCallback  usbd_conf.o
    0x08001920   0x08001920   0x00000014   Code   RO         6137    i.HAL_PCD_DataOutStageCallback  usbd_conf.o
    0x08001934   0x08001934   0x00000008   Code   RO         6138    i.HAL_PCD_DisconnectCallback  usbd_conf.o
    0x0800193c   0x0800193c   0x0000001e   Code   RO         1695    i.HAL_PCD_EP_Abort  stm32f4xx_hal_pcd.o
    0x0800195a   0x0800195a   0x0000004a   Code   RO         1696    i.HAL_PCD_EP_Close  stm32f4xx_hal_pcd.o
    0x080019a4   0x080019a4   0x0000005a   Code   RO         1697    i.HAL_PCD_EP_ClrStall  stm32f4xx_hal_pcd.o
    0x080019fe   0x080019fe   0x00000012   Code   RO         1699    i.HAL_PCD_EP_GetRxCount  stm32f4xx_hal_pcd.o
    0x08001a10   0x08001a10   0x00000062   Code   RO         1700    i.HAL_PCD_EP_Open   stm32f4xx_hal_pcd.o
    0x08001a72   0x08001a72   0x00000038   Code   RO         1701    i.HAL_PCD_EP_Receive  stm32f4xx_hal_pcd.o
    0x08001aaa   0x08001aaa   0x00000072   Code   RO         1702    i.HAL_PCD_EP_SetStall  stm32f4xx_hal_pcd.o
    0x08001b1c   0x08001b1c   0x00000032   Code   RO         1703    i.HAL_PCD_EP_Transmit  stm32f4xx_hal_pcd.o
    0x08001b4e   0x08001b4e   0x00000002   PAD
    0x08001b50   0x08001b50   0x0000055c   Code   RO         1705    i.HAL_PCD_IRQHandler  stm32f4xx_hal_pcd.o
    0x080020ac   0x080020ac   0x00000008   Code   RO         6139    i.HAL_PCD_ISOINIncompleteCallback  usbd_conf.o
    0x080020b4   0x080020b4   0x00000008   Code   RO         6140    i.HAL_PCD_ISOOUTIncompleteCallback  usbd_conf.o
    0x080020bc   0x080020bc   0x000000cc   Code   RO         1708    i.HAL_PCD_Init      stm32f4xx_hal_pcd.o
    0x08002188   0x08002188   0x00000084   Code   RO         6142    i.HAL_PCD_MspInit   usbd_conf.o
    0x0800220c   0x0800220c   0x0000002c   Code   RO         6143    i.HAL_PCD_ResetCallback  usbd_conf.o
    0x08002238   0x08002238   0x00000008   Code   RO         6144    i.HAL_PCD_ResumeCallback  usbd_conf.o
    0x08002240   0x08002240   0x00000008   Code   RO         6145    i.HAL_PCD_SOFCallback  usbd_conf.o
    0x08002248   0x08002248   0x00000026   Code   RO         1714    i.HAL_PCD_SetAddress  stm32f4xx_hal_pcd.o
    0x0800226e   0x0800226e   0x0000000e   Code   RO         6146    i.HAL_PCD_SetupStageCallback  usbd_conf.o
    0x0800227c   0x0800227c   0x00000042   Code   RO         1717    i.HAL_PCD_Start     stm32f4xx_hal_pcd.o
    0x080022be   0x080022be   0x00000002   PAD
    0x080022c0   0x080022c0   0x00000030   Code   RO         6147    i.HAL_PCD_SuspendCallback  usbd_conf.o
    0x080022f0   0x080022f0   0x00000134   Code   RO         2272    i.HAL_RCC_ClockConfig  stm32f4xx_hal_rcc.o
    0x08002424   0x08002424   0x00000040   Code   RO         2276    i.HAL_RCC_GetClockConfig  stm32f4xx_hal_rcc.o
    0x08002464   0x08002464   0x0000000c   Code   RO         2277    i.HAL_RCC_GetHCLKFreq  stm32f4xx_hal_rcc.o
    0x08002470   0x08002470   0x00000020   Code   RO         2279    i.HAL_RCC_GetPCLK1Freq  stm32f4xx_hal_rcc.o
    0x08002490   0x08002490   0x00000020   Code   RO         2280    i.HAL_RCC_GetPCLK2Freq  stm32f4xx_hal_rcc.o
    0x080024b0   0x080024b0   0x00000060   Code   RO         2281    i.HAL_RCC_GetSysClockFreq  stm32f4xx_hal_rcc.o
    0x08002510   0x08002510   0x0000036c   Code   RO         2284    i.HAL_RCC_OscConfig  stm32f4xx_hal_rcc.o
    0x0800287c   0x0800287c   0x00000002   Code   RO         1419    i.HAL_TIMEx_BreakCallback  stm32f4xx_hal_tim_ex.o
    0x0800287e   0x0800287e   0x00000002   Code   RO         1420    i.HAL_TIMEx_CommutCallback  stm32f4xx_hal_tim_ex.o
    0x08002880   0x08002880   0x0000005a   Code   RO          715    i.HAL_TIM_Base_Init  stm32f4xx_hal_tim.o
    0x080028da   0x080028da   0x00000002   Code   RO          717    i.HAL_TIM_Base_MspInit  stm32f4xx_hal_tim.o
    0x080028dc   0x080028dc   0x00000080   Code   RO          720    i.HAL_TIM_Base_Start_IT  stm32f4xx_hal_tim.o
    0x0800295c   0x0800295c   0x00000002   Code   RO          749    i.HAL_TIM_IC_CaptureCallback  stm32f4xx_hal_tim.o
    0x0800295e   0x0800295e   0x00000130   Code   RO          763    i.HAL_TIM_IRQHandler  stm32f4xx_hal_tim.o
    0x08002a8e   0x08002a8e   0x00000002   Code   RO          766    i.HAL_TIM_OC_DelayElapsedCallback  stm32f4xx_hal_tim.o
    0x08002a90   0x08002a90   0x00000002   Code   RO          793    i.HAL_TIM_PWM_PulseFinishedCallback  stm32f4xx_hal_tim.o
    0x08002a92   0x08002a92   0x00000002   PAD
    0x08002a94   0x08002a94   0x00000014   Code   RO           14    i.HAL_TIM_PeriodElapsedCallback  main.o
    0x08002aa8   0x08002aa8   0x00000002   Code   RO          806    i.HAL_TIM_TriggerCallback  stm32f4xx_hal_tim.o
    0x08002aaa   0x08002aaa   0x000000f0   Code   RO         3746    i.HAL_UARTEx_ReceiveToIdle  stm32f4xx_hal_uart.o
    0x08002b9a   0x08002b9a   0x00000002   Code   RO         3749    i.HAL_UARTEx_RxEventCallback  stm32f4xx_hal_uart.o
    0x08002b9c   0x08002b9c   0x00000002   Code   RO         3763    i.HAL_UART_ErrorCallback  stm32f4xx_hal_uart.o
    0x08002b9e   0x08002b9e   0x00000002   PAD
    0x08002ba0   0x08002ba0   0x00000280   Code   RO         3766    i.HAL_UART_IRQHandler  stm32f4xx_hal_uart.o
    0x08002e20   0x08002e20   0x00000064   Code   RO         3767    i.HAL_UART_Init     stm32f4xx_hal_uart.o
    0x08002e84   0x08002e84   0x0000020c   Code   RO          473    i.HAL_UART_MspInit  usart.o
    0x08003090   0x08003090   0x0000001c   Code   RO         3772    i.HAL_UART_Receive_IT  stm32f4xx_hal_uart.o
    0x080030ac   0x080030ac   0x00000028   Code   RO          290    i.HAL_UART_RxCpltCallback  freertos.o
    0x080030d4   0x080030d4   0x000000a0   Code   RO         3775    i.HAL_UART_Transmit  stm32f4xx_hal_uart.o
    0x08003174   0x08003174   0x00000002   Code   RO         3778    i.HAL_UART_TxCpltCallback  stm32f4xx_hal_uart.o
    0x08003176   0x08003176   0x00000002   Code   RO          538    i.HardFault_Handler  stm32f4xx_it.o
    0x08003178   0x08003178   0x000001a0   Code   RO         4218    i.InJump            postrue_control.o
    0x08003318   0x08003318   0x00000038   Code   RO         5981    i.IntToUnicode      usbd_desc.o
    0x08003350   0x08003350   0x00000218   Code   RO         4219    i.JumpForward       postrue_control.o
    0x08003568   0x08003568   0x0000019c   Code   RO         4220    i.LowWalkForward    postrue_control.o
    0x08003704   0x08003704   0x00000044   Code   RO          401    i.MX_CAN1_Init      can.o
    0x08003748   0x08003748   0x00000044   Code   RO          402    i.MX_CAN2_Init      can.o
    0x0800378c   0x0800378c   0x0000004c   Code   RO          448    i.MX_DMA_Init       dma.o
    0x080037d8   0x080037d8   0x00000068   Code   RO          291    i.MX_FREERTOS_Init  freertos.o
    0x08003840   0x08003840   0x000000c4   Code   RO          265    i.MX_GPIO_Init      gpio.o
    0x08003904   0x08003904   0x00000038   Code   RO          474    i.MX_UART5_Init     usart.o
    0x0800393c   0x0800393c   0x0000003c   Code   RO          475    i.MX_USART1_UART_Init  usart.o
    0x08003978   0x08003978   0x00000044   Code   RO          476    i.MX_USART2_UART_Init  usart.o
    0x080039bc   0x080039bc   0x00000038   Code   RO          477    i.MX_USART6_UART_Init  usart.o
    0x080039f4   0x080039f4   0x00000054   Code   RO         5950    i.MX_USB_DEVICE_Init  usb_device.o
    0x08003a48   0x08003a48   0x00000002   Code   RO          539    i.MemManage_Handler  stm32f4xx_it.o
    0x08003a4a   0x08003a4a   0x00000002   PAD
    0x08003a4c   0x08003a4c   0x00000028   Code   RO         4425    i.MyCanWrite        hwt605.o
    0x08003a74   0x08003a74   0x00000002   Code   RO          540    i.NMI_Handler       stm32f4xx_it.o
    0x08003a76   0x08003a76   0x00000002   PAD
    0x08003a78   0x08003a78   0x0000000c   Code   RO          541    i.OTG_FS_IRQHandler  stm32f4xx_it.o
    0x08003a84   0x08003a84   0x00000090   Code   RO         4426    i.OnRegUpdate       hwt605.o
    0x08003b14   0x08003b14   0x000000cc   Code   RO         1721    i.PCD_EP_OutXfrComplete_int  stm32f4xx_hal_pcd.o
    0x08003be0   0x08003be0   0x000000a2   Code   RO         1722    i.PCD_WriteEmptyTxFifo  stm32f4xx_hal_pcd.o
    0x08003c82   0x08003c82   0x00000002   PAD
    0x08003c84   0x08003c84   0x0000012c   Code   RO         6785    i.Path_Calculation  autopath_plan.o
    0x08003db0   0x08003db0   0x0000030c   Code   RO         4221    i.Pose_Inverse_Kinematics  postrue_control.o
    0x080040bc   0x080040bc   0x00000008   Code   RO          292    i.RC_Ctrl           freertos.o
    0x080040c4   0x080040c4   0x0000005c   Code   RO         4394    i.SBUS_Reveive      bsp_sbus.o
    0x08004120   0x08004120   0x00000094   Code   RO         4168    i.SERVO_Send_recv   go-m8010-6.o
    0x080041b4   0x080041b4   0x0000000a   Code   RO         6501    i.SWAPBYTE          usbd_ctlreq.o
    0x080041be   0x080041be   0x00000002   PAD
    0x080041c0   0x080041c0   0x00000028   Code   RO          293    i.StartDefaultTask  freertos.o
    0x080041e8   0x080041e8   0x0000002c   Code   RO         5689    i.SysTick_Handler   port.o
    0x08004214   0x08004214   0x00000094   Code   RO           15    i.SystemClock_Config  main.o
    0x080042a8   0x080042a8   0x00000010   Code   RO         4101    i.SystemInit        system_stm32f4xx.o
    0x080042b8   0x080042b8   0x0000000c   Code   RO          542    i.TIM8_TRG_COM_TIM14_IRQHandler  stm32f4xx_it.o
    0x080042c4   0x080042c4   0x000000d0   Code   RO          808    i.TIM_Base_SetConfig  stm32f4xx_hal_tim.o
    0x08004394   0x08004394   0x00000300   Code   RO         4222    i.Turn              postrue_control.o
    0x08004694   0x08004694   0x0000000c   Code   RO          543    i.UART5_IRQHandler  stm32f4xx_it.o
    0x080046a0   0x080046a0   0x0000000e   Code   RO         3780    i.UART_DMAAbortOnError  stm32f4xx_hal_uart.o
    0x080046ae   0x080046ae   0x0000004e   Code   RO         3790    i.UART_EndRxTransfer  stm32f4xx_hal_uart.o
    0x080046fc   0x080046fc   0x000000c2   Code   RO         3792    i.UART_Receive_IT   stm32f4xx_hal_uart.o
    0x080047be   0x080047be   0x00000002   PAD
    0x080047c0   0x080047c0   0x0000010c   Code   RO         3793    i.UART_SetConfig    stm32f4xx_hal_uart.o
    0x080048cc   0x080048cc   0x00000036   Code   RO         3795    i.UART_Start_Receive_IT  stm32f4xx_hal_uart.o
    0x08004902   0x08004902   0x00000072   Code   RO         3796    i.UART_WaitOnFlagUntilTimeout  stm32f4xx_hal_uart.o
    0x08004974   0x08004974   0x0000000c   Code   RO          544    i.USART1_IRQHandler  stm32f4xx_it.o
    0x08004980   0x08004980   0x0000000c   Code   RO          545    i.USART2_IRQHandler  stm32f4xx_it.o
    0x0800498c   0x0800498c   0x0000000c   Code   RO          546    i.USART6_IRQHandler  stm32f4xx_it.o
    0x08004998   0x08004998   0x00000076   Code   RO         6639    i.USBD_CDC_DataIn   usbd_cdc.o
    0x08004a0e   0x08004a0e   0x0000003c   Code   RO         6640    i.USBD_CDC_DataOut  usbd_cdc.o
    0x08004a4a   0x08004a4a   0x00000002   PAD
    0x08004a4c   0x08004a4c   0x00000094   Code   RO         6641    i.USBD_CDC_DeInit   usbd_cdc.o
    0x08004ae0   0x08004ae0   0x00000036   Code   RO         6642    i.USBD_CDC_EP0_RxReady  usbd_cdc.o
    0x08004b16   0x08004b16   0x00000002   PAD
    0x08004b18   0x08004b18   0x0000000c   Code   RO         6643    i.USBD_CDC_GetDeviceQualifierDescriptor  usbd_cdc.o
    0x08004b24   0x08004b24   0x0000003c   Code   RO         6644    i.USBD_CDC_GetFSCfgDesc  usbd_cdc.o
    0x08004b60   0x08004b60   0x00000040   Code   RO         6645    i.USBD_CDC_GetHSCfgDesc  usbd_cdc.o
    0x08004ba0   0x08004ba0   0x0000003c   Code   RO         6646    i.USBD_CDC_GetOtherSpeedCfgDesc  usbd_cdc.o
    0x08004bdc   0x08004bdc   0x00000120   Code   RO         6647    i.USBD_CDC_Init     usbd_cdc.o
    0x08004cfc   0x08004cfc   0x00000038   Code   RO         6648    i.USBD_CDC_ReceivePacket  usbd_cdc.o
    0x08004d34   0x08004d34   0x00000016   Code   RO         6649    i.USBD_CDC_RegisterInterface  usbd_cdc.o
    0x08004d4a   0x08004d4a   0x0000001a   Code   RO         6650    i.USBD_CDC_SetRxBuffer  usbd_cdc.o
    0x08004d64   0x08004d64   0x0000001e   Code   RO         6651    i.USBD_CDC_SetTxBuffer  usbd_cdc.o
    0x08004d82   0x08004d82   0x000000d4   Code   RO         6652    i.USBD_CDC_Setup    usbd_cdc.o
    0x08004e56   0x08004e56   0x00000014   Code   RO         6342    i.USBD_ClrClassConfig  usbd_core.o
    0x08004e6a   0x08004e6a   0x00000004   Code   RO         6343    i.USBD_CoreFindEP   usbd_core.o
    0x08004e6e   0x08004e6e   0x00000004   Code   RO         6344    i.USBD_CoreFindIF   usbd_core.o
    0x08004e72   0x08004e72   0x00000010   Code   RO         6579    i.USBD_CtlContinueRx  usbd_ioreq.o
    0x08004e82   0x08004e82   0x00000010   Code   RO         6580    i.USBD_CtlContinueSendData  usbd_ioreq.o
    0x08004e92   0x08004e92   0x00000016   Code   RO         6502    i.USBD_CtlError     usbd_ctlreq.o
    0x08004ea8   0x08004ea8   0x00000022   Code   RO         6581    i.USBD_CtlPrepareRx  usbd_ioreq.o
    0x08004eca   0x08004eca   0x00000016   Code   RO         6582    i.USBD_CtlReceiveStatus  usbd_ioreq.o
    0x08004ee0   0x08004ee0   0x0000001c   Code   RO         6583    i.USBD_CtlSendData  usbd_ioreq.o
    0x08004efc   0x08004efc   0x00000016   Code   RO         6584    i.USBD_CtlSendStatus  usbd_ioreq.o
    0x08004f12   0x08004f12   0x00000002   PAD
    0x08004f14   0x08004f14   0x00000020   Code   RO         5982    i.USBD_FS_ConfigStrDescriptor  usbd_desc.o
    0x08004f34   0x08004f34   0x0000000c   Code   RO         5983    i.USBD_FS_DeviceDescriptor  usbd_desc.o
    0x08004f40   0x08004f40   0x00000024   Code   RO         5984    i.USBD_FS_InterfaceStrDescriptor  usbd_desc.o
    0x08004f64   0x08004f64   0x0000000c   Code   RO         5985    i.USBD_FS_LangIDStrDescriptor  usbd_desc.o
    0x08004f70   0x08004f70   0x00000028   Code   RO         5986    i.USBD_FS_ManufacturerStrDescriptor  usbd_desc.o
    0x08004f98   0x08004f98   0x0000002c   Code   RO         5987    i.USBD_FS_ProductStrDescriptor  usbd_desc.o
    0x08004fc4   0x08004fc4   0x00000038   Code   RO         5988    i.USBD_FS_SerialStrDescriptor  usbd_desc.o
    0x08004ffc   0x08004ffc   0x000000e6   Code   RO         6503    i.USBD_GetDescriptor  usbd_ctlreq.o
    0x080050e2   0x080050e2   0x0000003a   Code   RO         6346    i.USBD_GetEpDesc    usbd_core.o
    0x0800511c   0x0800511c   0x00000014   Code   RO         6504    i.USBD_GetLen       usbd_ctlreq.o
    0x08005130   0x08005130   0x0000000e   Code   RO         6347    i.USBD_GetNextDesc  usbd_core.o
    0x0800513e   0x0800513e   0x0000004e   Code   RO         6505    i.USBD_GetString    usbd_ctlreq.o
    0x0800518c   0x0800518c   0x00000018   Code   RO         6148    i.USBD_Get_USB_Status  usbd_conf.o
    0x080051a4   0x080051a4   0x00000026   Code   RO         6348    i.USBD_Init         usbd_core.o
    0x080051ca   0x080051ca   0x00000012   Code   RO         6149    i.USBD_LL_ClearStallEP  usbd_conf.o
    0x080051dc   0x080051dc   0x00000012   Code   RO         6150    i.USBD_LL_CloseEP   usbd_conf.o
    0x080051ee   0x080051ee   0x000000b8   Code   RO         6349    i.USBD_LL_DataInStage  usbd_core.o
    0x080052a6   0x080052a6   0x00000094   Code   RO         6350    i.USBD_LL_DataOutStage  usbd_core.o
    0x0800533a   0x0800533a   0x00000004   Code   RO         6351    i.USBD_LL_DevConnected  usbd_core.o
    0x0800533e   0x0800533e   0x0000001e   Code   RO         6352    i.USBD_LL_DevDisconnected  usbd_core.o
    0x0800535c   0x0800535c   0x00000008   Code   RO         6154    i.USBD_LL_GetRxDataSize  usbd_conf.o
    0x08005364   0x08005364   0x00000060   Code   RO         6155    i.USBD_LL_Init      usbd_conf.o
    0x080053c4   0x080053c4   0x0000001e   Code   RO         6156    i.USBD_LL_IsStallEP  usbd_conf.o
    0x080053e2   0x080053e2   0x00000028   Code   RO         6353    i.USBD_LL_IsoINIncomplete  usbd_core.o
    0x0800540a   0x0800540a   0x00000028   Code   RO         6354    i.USBD_LL_IsoOUTIncomplete  usbd_core.o
    0x08005432   0x08005432   0x00000018   Code   RO         6157    i.USBD_LL_OpenEP    usbd_conf.o
    0x0800544a   0x0800544a   0x00000012   Code   RO         6158    i.USBD_LL_PrepareReceive  usbd_conf.o
    0x0800545c   0x0800545c   0x0000005e   Code   RO         6355    i.USBD_LL_Reset     usbd_core.o
    0x080054ba   0x080054ba   0x00000014   Code   RO         6356    i.USBD_LL_Resume    usbd_core.o
    0x080054ce   0x080054ce   0x0000001a   Code   RO         6357    i.USBD_LL_SOF       usbd_core.o
    0x080054e8   0x080054e8   0x00000006   Code   RO         6358    i.USBD_LL_SetSpeed  usbd_core.o
    0x080054ee   0x080054ee   0x00000012   Code   RO         6159    i.USBD_LL_SetUSBAddress  usbd_conf.o
    0x08005500   0x08005500   0x00000060   Code   RO         6359    i.USBD_LL_SetupStage  usbd_core.o
    0x08005560   0x08005560   0x00000012   Code   RO         6160    i.USBD_LL_StallEP   usbd_conf.o
    0x08005572   0x08005572   0x00000012   Code   RO         6161    i.USBD_LL_Start     usbd_conf.o
    0x08005584   0x08005584   0x0000001a   Code   RO         6360    i.USBD_LL_Suspend   usbd_core.o
    0x0800559e   0x0800559e   0x00000012   Code   RO         6163    i.USBD_LL_Transmit  usbd_conf.o
    0x080055b0   0x080055b0   0x0000002c   Code   RO         6506    i.USBD_ParseSetupRequest  usbd_ctlreq.o
    0x080055dc   0x080055dc   0x0000003a   Code   RO         6361    i.USBD_RegisterClass  usbd_core.o
    0x08005616   0x08005616   0x00000014   Code   RO         6363    i.USBD_SetClassConfig  usbd_core.o
    0x0800562a   0x0800562a   0x00000002   PAD
    0x0800562c   0x0800562c   0x000000b8   Code   RO         6507    i.USBD_SetConfig    usbd_ctlreq.o
    0x080056e4   0x080056e4   0x00000004   Code   RO         6364    i.USBD_Start        usbd_core.o
    0x080056e8   0x080056e8   0x0000012c   Code   RO         6508    i.USBD_StdDevReq    usbd_ctlreq.o
    0x08005814   0x08005814   0x00000166   Code   RO         6509    i.USBD_StdEPReq     usbd_ctlreq.o
    0x0800597a   0x0800597a   0x00000072   Code   RO         6510    i.USBD_StdItfReq    usbd_ctlreq.o
    0x080059ec   0x080059ec   0x00000002   Code   RO         6164    i.USBD_static_free  usbd_conf.o
    0x080059ee   0x080059ee   0x00000002   PAD
    0x080059f0   0x080059f0   0x00000008   Code   RO         6165    i.USBD_static_malloc  usbd_conf.o
    0x080059f8   0x080059f8   0x00000080   Code   RO         1967    i.USB_ActivateEndpoint  stm32f4xx_ll_usb.o
    0x08005a78   0x08005a78   0x0000001c   Code   RO         1969    i.USB_ActivateSetup  stm32f4xx_ll_usb.o
    0x08005a94   0x08005a94   0x00000084   Code   RO         1971    i.USB_CoreInit      stm32f4xx_ll_usb.o
    0x08005b18   0x08005b18   0x00000044   Code   RO         1972    i.USB_CoreReset     stm32f4xx_ll_usb.o
    0x08005b5c   0x08005b5c   0x000000cc   Code   RO         1975    i.USB_DeactivateEndpoint  stm32f4xx_ll_usb.o
    0x08005c28   0x08005c28   0x0000001c   Code   RO         1976    i.USB_DevConnect    stm32f4xx_ll_usb.o
    0x08005c44   0x08005c44   0x0000001c   Code   RO         1977    i.USB_DevDisconnect  stm32f4xx_ll_usb.o
    0x08005c60   0x08005c60   0x0000017c   Code   RO         1978    i.USB_DevInit       stm32f4xx_ll_usb.o
    0x08005ddc   0x08005ddc   0x0000000c   Code   RO         1979    i.USB_DisableGlobalInt  stm32f4xx_ll_usb.o
    0x08005de8   0x08005de8   0x00000058   Code   RO         1982    i.USB_EP0_OutStart  stm32f4xx_ll_usb.o
    0x08005e40   0x08005e40   0x00000058   Code   RO         1983    i.USB_EPClearStall  stm32f4xx_ll_usb.o
    0x08005e98   0x08005e98   0x00000058   Code   RO         1984    i.USB_EPSetStall    stm32f4xx_ll_usb.o
    0x08005ef0   0x08005ef0   0x00000238   Code   RO         1985    i.USB_EPStartXfer   stm32f4xx_ll_usb.o
    0x08006128   0x08006128   0x0000009e   Code   RO         1986    i.USB_EPStopXfer    stm32f4xx_ll_usb.o
    0x080061c6   0x080061c6   0x0000000c   Code   RO         1987    i.USB_EnableGlobalInt  stm32f4xx_ll_usb.o
    0x080061d2   0x080061d2   0x00000038   Code   RO         1988    i.USB_FlushRxFifo   stm32f4xx_ll_usb.o
    0x0800620a   0x0800620a   0x0000003c   Code   RO         1989    i.USB_FlushTxFifo   stm32f4xx_ll_usb.o
    0x08006246   0x08006246   0x0000001a   Code   RO         1991    i.USB_GetDevSpeed   stm32f4xx_ll_usb.o
    0x08006260   0x08006260   0x00000008   Code   RO         1993    i.USB_GetMode       stm32f4xx_ll_usb.o
    0x08006268   0x08006268   0x0000000e   Code   RO         2001    i.USB_ReadDevAllInEpInterrupt  stm32f4xx_ll_usb.o
    0x08006276   0x08006276   0x0000000e   Code   RO         2002    i.USB_ReadDevAllOutEpInterrupt  stm32f4xx_ll_usb.o
    0x08006284   0x08006284   0x00000024   Code   RO         2003    i.USB_ReadDevInEPInterrupt  stm32f4xx_ll_usb.o
    0x080062a8   0x080062a8   0x00000010   Code   RO         2004    i.USB_ReadDevOutEPInterrupt  stm32f4xx_ll_usb.o
    0x080062b8   0x080062b8   0x00000008   Code   RO         2005    i.USB_ReadInterrupts  stm32f4xx_ll_usb.o
    0x080062c0   0x080062c0   0x0000003e   Code   RO         2006    i.USB_ReadPacket    stm32f4xx_ll_usb.o
    0x080062fe   0x080062fe   0x0000005c   Code   RO         2008    i.USB_SetCurrentMode  stm32f4xx_ll_usb.o
    0x0800635a   0x0800635a   0x00000022   Code   RO         2009    i.USB_SetDevAddress  stm32f4xx_ll_usb.o
    0x0800637c   0x0800637c   0x000000e8   Code   RO         2011    i.USB_SetTurnaroundTime  stm32f4xx_ll_usb.o
    0x08006464   0x08006464   0x00000028   Code   RO         2014    i.USB_WritePacket   stm32f4xx_ll_usb.o
    0x0800648c   0x0800648c   0x00000002   Code   RO          547    i.UsageFault_Handler  stm32f4xx_it.o
    0x0800648e   0x0800648e   0x00000002   PAD
    0x08006490   0x08006490   0x0000001c   Code   RO         6067    i.VCP_GetRxCount    usbd_cdc_if.o
    0x080064ac   0x080064ac   0x00000064   Code   RO         6068    i.VCP_Read          usbd_cdc_if.o
    0x08006510   0x08006510   0x000000f0   Code   RO         6745    i.VCP_ReadTask      readdata.o
    0x08006600   0x08006600   0x0000019c   Code   RO         4223    i.WalkBack          postrue_control.o
    0x0800679c   0x0800679c   0x00000044   Code   RO         5771    i.WitCanDataIn      wit_c_sdk.o
    0x080067e0   0x080067e0   0x00000014   Code   RO         5772    i.WitCanWriteRegister  wit_c_sdk.o
    0x080067f4   0x080067f4   0x0000001c   Code   RO         5776    i.WitInit           wit_c_sdk.o
    0x08006810   0x08006810   0x00000014   Code   RO         5778    i.WitRegisterCallBack  wit_c_sdk.o
    0x08006824   0x08006824   0x00000030   Code   RO         7038    i.__ARM_fpclassify  m_wm.l(fpclassify.o)
    0x08006854   0x08006854   0x00000020   Code   RO         3101    i.__NVIC_SetPriority  stm32f4xx_hal_cortex.o
    0x08006874   0x08006874   0x00000004   PAD
    0x08006878   0x08006878   0x00000358   Code   RO         6877    i.__hardfp_acos     m_wm.l(acos.o)
    0x08006bd0   0x08006bd0   0x000002d8   Code   RO         7001    i.__hardfp_atan     m_wm.l(atan.o)
    0x08006ea8   0x08006ea8   0x00000200   Code   RO         6891    i.__hardfp_atan2    m_wm.l(atan2.o)
    0x080070a8   0x080070a8   0x00000104   Code   RO         6903    i.__hardfp_fmod     m_wm.l(fmod.o)
    0x080071ac   0x080071ac   0x00000004   PAD
    0x080071b0   0x080071b0   0x00000c50   Code   RO         6915    i.__hardfp_pow      m_wm.l(pow.o)
    0x08007e00   0x08007e00   0x000000c8   Code   RO         6929    i.__hardfp_sin      m_wm.l(sin.o)
    0x08007ec8   0x08007ec8   0x0000007a   Code   RO         6941    i.__hardfp_sqrt     m_wm.l(sqrt.o)
    0x08007f42   0x08007f42   0x0000003a   Code   RO         6953    i.__hardfp_sqrtf    m_wm.l(sqrtf.o)
    0x08007f7c   0x08007f7c   0x00000004   PAD
    0x08007f80   0x08007f80   0x00000438   Code   RO         7043    i.__ieee754_rem_pio2  m_wm.l(rred.o)
    0x080083b8   0x080083b8   0x00000170   Code   RO         7015    i.__kernel_cos      m_wm.l(cos_i.o)
    0x08008528   0x08008528   0x000000f8   Code   RO         7040    i.__kernel_poly     m_wm.l(poly.o)
    0x08008620   0x08008620   0x00000130   Code   RO         7048    i.__kernel_sin      m_wm.l(sin_i.o)
    0x08008750   0x08008750   0x00000030   Code   RO         7018    i.__mathlib_dbl_divzero  m_wm.l(dunder.o)
    0x08008780   0x08008780   0x00000014   Code   RO         7019    i.__mathlib_dbl_infnan  m_wm.l(dunder.o)
    0x08008794   0x08008794   0x00000014   Code   RO         7020    i.__mathlib_dbl_infnan2  m_wm.l(dunder.o)
    0x080087a8   0x080087a8   0x00000020   Code   RO         7021    i.__mathlib_dbl_invalid  m_wm.l(dunder.o)
    0x080087c8   0x080087c8   0x00000020   Code   RO         7022    i.__mathlib_dbl_overflow  m_wm.l(dunder.o)
    0x080087e8   0x080087e8   0x00000020   Code   RO         7024    i.__mathlib_dbl_underflow  m_wm.l(dunder.o)
    0x08008808   0x08008808   0x00000010   Code   RO         7003    i.atan              m_wm.l(atan.o)
    0x08008818   0x08008818   0x000000cc   Code   RO         4331    i.bezierCurve       curve.o
    0x080088e4   0x080088e4   0x00000060   Code   RO         4332    i.binomial_coefficient  curve.o
    0x08008944   0x08008944   0x00000018   Code   RO          294    i.calculateFunc     freertos.o
    0x0800895c   0x0800895c   0x00000024   Code   RO         4169    i.crc_ccitt         go-m8010-6.o
    0x08008980   0x08008980   0x000000c0   Code   RO         4224    i.dogTaskCtrl       postrue_control.o
    0x08008a40   0x08008a40   0x000000b0   Code   RO         4170    i.extract_data      go-m8010-6.o
    0x08008af0   0x08008af0   0x00000018   Code   RO         7034    i.fabs              m_wm.l(fabs.o)
    0x08008b08   0x08008b08   0x00000058   Code   RO         4427    i.hwt605_Init       hwt605.o
    0x08008b60   0x08008b60   0x0000000c   Code   RO         5252    i.inHandlerMode     cmsis_os.o
    0x08008b6c   0x08008b6c   0x000000d4   Code   RO         4225    i.leg_Act_Bezier    postrue_control.o
    0x08008c40   0x08008c40   0x00000012   Code   RO         4226    i.leg_Bezier_Free_Init  postrue_control.o
    0x08008c52   0x08008c52   0x00000040   Code   RO           16    i.main              main.o
    0x08008c92   0x08008c92   0x0000000c   Code   RO         5254    i.makeFreeRtosPriority  cmsis_os.o
    0x08008c9e   0x08008c9e   0x00000002   PAD
    0x08008ca0   0x08008ca0   0x000001a4   Code   RO         4171    i.modify_data       go-m8010-6.o
    0x08008e44   0x08008e44   0x0000005c   Code   RO         6786    i.normalizeAngle    autopath_plan.o
    0x08008ea0   0x08008ea0   0x0000000e   Code   RO         5256    i.osDelay           cmsis_os.o
    0x08008eae   0x08008eae   0x0000000a   Code   RO         5259    i.osKernelStart     cmsis_os.o
    0x08008eb8   0x08008eb8   0x00000018   Code   RO         5260    i.osKernelSysTick   cmsis_os.o
    0x08008ed0   0x08008ed0   0x00000054   Code   RO         5293    i.osThreadCreate    cmsis_os.o
    0x08008f24   0x08008f24   0x00000070   Code   RO         4936    i.prvAddCurrentTaskToDelayedList  tasks.o
    0x08008f94   0x08008f94   0x000000d0   Code   RO         4937    i.prvAddNewTaskToReadyList  tasks.o
    0x08009064   0x08009064   0x00000034   Code   RO         4938    i.prvDeleteTCB      tasks.o
    0x08009098   0x08009098   0x0000004c   Code   RO         5621    i.prvHeapInit       heap_4.o
    0x080090e4   0x080090e4   0x00000060   Code   RO         4939    i.prvIdleTask       tasks.o
    0x08009144   0x08009144   0x00000098   Code   RO         4940    i.prvInitialiseNewTask  tasks.o
    0x080091dc   0x080091dc   0x0000004c   Code   RO         5622    i.prvInsertBlockIntoFreeList  heap_4.o
    0x08009228   0x08009228   0x00000020   Code   RO         4941    i.prvResetNextTaskUnblockTime  tasks.o
    0x08009248   0x08009248   0x00000028   Code   RO         5690    i.prvTaskExitError  port.o
    0x08009270   0x08009270   0x000000dc   Code   RO         5623    i.pvPortMalloc      heap_4.o
    0x0800934c   0x0800934c   0x0000002c   Code   RO         5691    i.pxPortInitialiseStack  port.o
    0x08009378   0x08009378   0x0000006e   Code   RO         6943    i.sqrt              m_wm.l(sqrt.o)
    0x080093e6   0x080093e6   0x00000002   PAD
    0x080093e8   0x080093e8   0x00000094   Code   RO         4228    i.standUP           postrue_control.o
    0x0800947c   0x0800947c   0x00000224   Code   RO         4229    i.steps_jump        postrue_control.o
    0x080096a0   0x080096a0   0x00000026   Code   RO         4575    i.uxListRemove      list.o
    0x080096c6   0x080096c6   0x00000002   PAD
    0x080096c8   0x080096c8   0x00000014   Code   RO          295    i.vApplicationGetIdleTaskMemory  freertos.o
    0x080096dc   0x080096dc   0x00000016   Code   RO         4576    i.vListInitialise   list.o
    0x080096f2   0x080096f2   0x00000006   Code   RO         4577    i.vListInitialiseItem  list.o
    0x080096f8   0x080096f8   0x00000030   Code   RO         4578    i.vListInsert       list.o
    0x08009728   0x08009728   0x00000018   Code   RO         4579    i.vListInsertEnd    list.o
    0x08009740   0x08009740   0x00000040   Code   RO         5693    i.vPortEnterCritical  port.o
    0x08009780   0x08009780   0x00000028   Code   RO         5694    i.vPortExitCritical  port.o
    0x080097a8   0x080097a8   0x00000064   Code   RO         5624    i.vPortFree         heap_4.o
    0x0800980c   0x0800980c   0x00000024   Code   RO         5695    i.vPortSetupTimerInterrupt  port.o
    0x08009830   0x08009830   0x00000054   Code   RO         5696    i.vPortValidateInterruptPriority  port.o
    0x08009884   0x08009884   0x0000004c   Code   RO         4950    i.vTaskDelay        tasks.o
    0x080098d0   0x080098d0   0x0000006c   Code   RO         4963    i.vTaskStartScheduler  tasks.o
    0x0800993c   0x0800993c   0x00000010   Code   RO         4965    i.vTaskSuspendAll   tasks.o
    0x0800994c   0x0800994c   0x0000005c   Code   RO         4966    i.vTaskSwitchContext  tasks.o
    0x080099a8   0x080099a8   0x0000019c   Code   RO         4230    i.walkForward       postrue_control.o
    0x08009b44   0x08009b44   0x000000f4   Code   RO         5697    i.xPortStartScheduler  port.o
    0x08009c38   0x08009c38   0x0000005a   Code   RO         4969    i.xTaskCreate       tasks.o
    0x08009c92   0x08009c92   0x00000056   Code   RO         4970    i.xTaskCreateStatic  tasks.o
    0x08009ce8   0x08009ce8   0x0000000c   Code   RO         4975    i.xTaskGetTickCount  tasks.o
    0x08009cf4   0x08009cf4   0x00000010   Code   RO         4976    i.xTaskGetTickCountFromISR  tasks.o
    0x08009d04   0x08009d04   0x000000cc   Code   RO         4977    i.xTaskIncrementTick  tasks.o
    0x08009dd0   0x08009dd0   0x000000c4   Code   RO         4983    i.xTaskResumeAll    tasks.o
    0x08009e94   0x08009e94   0x00000018   Code   RO         6974    x$fpl$basic         fz_wm.l(basic.o)
    0x08009eac   0x08009eac   0x00000062   Code   RO         6859    x$fpl$d2f           fz_wm.l(d2f.o)
    0x08009f0e   0x08009f0e   0x00000002   PAD
    0x08009f10   0x08009f10   0x00000150   Code   RO         6861    x$fpl$dadd          fz_wm.l(daddsub_clz.o)
    0x0800a060   0x0800a060   0x00000010   Code   RO         7076    x$fpl$dcheck1       fz_wm.l(dcheck1.o)
    0x0800a070   0x0800a070   0x00000018   Code   RO         7078    x$fpl$dcmpinf       fz_wm.l(dcmpi.o)
    0x0800a088   0x0800a088   0x000002b0   Code   RO         6977    x$fpl$ddiv          fz_wm.l(ddiv.o)
    0x0800a338   0x0800a338   0x00000078   Code   RO         6980    x$fpl$deqf          fz_wm.l(deqf.o)
    0x0800a3b0   0x0800a3b0   0x0000005e   Code   RO         7080    x$fpl$dfix          fz_wm.l(dfix.o)
    0x0800a40e   0x0800a40e   0x0000002e   Code   RO         6868    x$fpl$dflt          fz_wm.l(dflt_clz.o)
    0x0800a43c   0x0800a43c   0x00000026   Code   RO         6867    x$fpl$dfltu         fz_wm.l(dflt_clz.o)
    0x0800a462   0x0800a462   0x00000002   PAD
    0x0800a464   0x0800a464   0x00000078   Code   RO         6982    x$fpl$dleqf         fz_wm.l(dleqf.o)
    0x0800a4dc   0x0800a4dc   0x00000154   Code   RO         6873    x$fpl$dmul          fz_wm.l(dmul.o)
    0x0800a630   0x0800a630   0x0000009c   Code   RO         6984    x$fpl$dnaninf       fz_wm.l(dnaninf.o)
    0x0800a6cc   0x0800a6cc   0x00000150   Code   RO         6986    x$fpl$drem          fz_wm.l(drem_clz.o)
    0x0800a81c   0x0800a81c   0x0000000c   Code   RO         6988    x$fpl$dretinf       fz_wm.l(dretinf.o)
    0x0800a828   0x0800a828   0x0000006c   Code   RO         6990    x$fpl$drleqf        fz_wm.l(drleqf.o)
    0x0800a894   0x0800a894   0x00000016   Code   RO         6862    x$fpl$drsb          fz_wm.l(daddsub_clz.o)
    0x0800a8aa   0x0800a8aa   0x00000002   PAD
    0x0800a8ac   0x0800a8ac   0x00000198   Code   RO         6992    x$fpl$dsqrt         fz_wm.l(dsqrt_umaal.o)
    0x0800aa44   0x0800aa44   0x000001d4   Code   RO         6863    x$fpl$dsub          fz_wm.l(daddsub_clz.o)
    0x0800ac18   0x0800ac18   0x00000056   Code   RO         6875    x$fpl$f2d           fz_wm.l(f2d.o)
    0x0800ac6e   0x0800ac6e   0x0000008c   Code   RO         6994    x$fpl$fnaninf       fz_wm.l(fnaninf.o)
    0x0800acfa   0x0800acfa   0x0000000a   Code   RO         7173    x$fpl$fpinit        fz_wm.l(fpinit.o)
    0x0800ad04   0x0800ad04   0x0000000a   Code   RO         6996    x$fpl$fretinf       fz_wm.l(fretinf.o)
    0x0800ad0e   0x0800ad0e   0x00000064   Code   RO         7101    x$fpl$retnan        fz_wm.l(retnan.o)
    0x0800ad72   0x0800ad72   0x0000005c   Code   RO         6998    x$fpl$scalbn        fz_wm.l(scalbn.o)
    0x0800adce   0x0800adce   0x00000030   Code   RO         7156    x$fpl$trapveneer    fz_wm.l(trapv.o)
    0x0800adfe   0x0800adfe   0x00000000   Code   RO         7000    x$fpl$usenofp       fz_wm.l(usenofp.o)
    0x0800adfe   0x0800adfe   0x00000002   PAD
    0x0800ae00   0x0800ae00   0x00000070   Data   RO          298    .constdata          freertos.o
    0x0800ae70   0x0800ae70   0x00000008   Data   RO         2797    .constdata          stm32f4xx_hal_dma.o
    0x0800ae78   0x0800ae78   0x00000010   Data   RO         4102    .constdata          system_stm32f4xx.o
    0x0800ae88   0x0800ae88   0x00000008   Data   RO         4103    .constdata          system_stm32f4xx.o
    0x0800ae90   0x0800ae90   0x00000200   Data   RO         4172    .constdata          go-m8010-6.o
    0x0800b090   0x0800b090   0x000005c0   Data   RO         4231    .constdata          postrue_control.o
    0x0800b650   0x0800b650   0x00000018   Data   RO         6787    .constdata          autopath_plan.o
    0x0800b668   0x0800b668   0x00000050   Data   RO         6880    .constdata          m_wm.l(acos.o)
    0x0800b6b8   0x0800b6b8   0x00000088   Data   RO         6918    .constdata          m_wm.l(pow.o)
    0x0800b740   0x0800b740   0x00000098   Data   RO         7004    .constdata          m_wm.l(atan.o)
    0x0800b7d8   0x0800b7d8   0x00000030   Data   RO         7016    .constdata          m_wm.l(cos_i.o)
    0x0800b808   0x0800b808   0x00000008   Data   RO         7042    .constdata          m_wm.l(qnan.o)
    0x0800b810   0x0800b810   0x000000c8   Data   RO         7045    .constdata          m_wm.l(rred.o)
    0x0800b8d8   0x0800b8d8   0x00000028   Data   RO         7049    .constdata          m_wm.l(sin_i.o)
    0x0800b900   0x0800b900   0x0000003c   Data   RO          299    .conststring        freertos.o
    0x0800b93c   0x0800b93c   0x00000020   Data   RO         7231    Region$$Table       anon$$obj.o


    Execution Region RW_IRAM2 (Exec base: 0x10000000, Load base: 0x0800baf0, Size: 0x00000000, Max: 0x00010000, ABSOLUTE)

    **** No section assigned to this execution region ****


    Execution Region RW_IRAM1 (Exec base: 0x20000000, Load base: 0x0800b95c, Size: 0x000070e0, Max: 0x00030000, ABSOLUTE, COMPRESSED[0x00000194])

    Exec Addr    Load Addr    Size         Type   Attr      Idx    E Section Name        Object

    0x20000000   COMPRESSED   0x00000014   Data   RW          300    .data               freertos.o
    0x20000014   COMPRESSED   0x00000004   Data   RW          404    .data               can.o
    0x20000018   COMPRESSED   0x0000000c   Data   RW         3262    .data               stm32f4xx_hal.o
    0x20000024   COMPRESSED   0x00000004   Data   RW         4104    .data               system_stm32f4xx.o
    0x20000028   COMPRESSED   0x00000b58   Data   RW         4232    .data               postrue_control.o
    0x20000b80   COMPRESSED   0x00000004   Data   RW         4396    .data               bsp_sbus.o
    0x20000b84   COMPRESSED   0x0000003c   Data   RW         4986    .data               tasks.o
    0x20000bc0   COMPRESSED   0x00000020   Data   RW         5630    .data               heap_4.o
    0x20000be0   COMPRESSED   0x0000000c   Data   RW         5698    .data               port.o
    0x20000bec   COMPRESSED   0x00000030   Data   RW         5795    .data               wit_c_sdk.o
    0x20000c1c   COMPRESSED   0x0000001c   Data   RW         5990    .data               usbd_desc.o
    0x20000c38   COMPRESSED   0x00000032   Data   RW         5991    .data               usbd_desc.o
    0x20000c6a   COMPRESSED   0x00000004   Data   RW         6070    .data               usbd_cdc_if.o
    0x20000c6e   COMPRESSED   0x00000002   PAD
    0x20000c70   COMPRESSED   0x00000014   Data   RW         6071    .data               usbd_cdc_if.o
    0x20000c84   COMPRESSED   0x00000001   Data   RW         6511    .data               usbd_ctlreq.o
    0x20000c85   COMPRESSED   0x00000003   PAD
    0x20000c88   COMPRESSED   0x00000053   Data   RW         6654    .data               usbd_cdc.o
    0x20000cdb   COMPRESSED   0x00000001   PAD
    0x20000cdc   COMPRESSED   0x00000038   Data   RW         6655    .data               usbd_cdc.o
    0x20000d14   COMPRESSED   0x00000008   Data   RW         6746    .data               readdata.o
    0x20000d1c   COMPRESSED   0x00000004   Data   RW         6788    .data               autopath_plan.o
    0x20000d20        -       0x0000096c   Zero   RW          297    .bss                freertos.o
    0x2000168c        -       0x00000050   Zero   RW          403    .bss                can.o
    0x200016dc        -       0x000001e0   Zero   RW          478    .bss                usart.o
    0x200018bc        -       0x00000048   Zero   RW          677    .bss                stm32f4xx_hal_timebase_tim.o
    0x20001904        -       0x00000056   Zero   RW         4395    .bss                bsp_sbus.o
    0x2000195a   COMPRESSED   0x00000002   PAD
    0x2000195c        -       0x00000018   Zero   RW         4428    .bss                hwt605.o
    0x20001974        -       0x000000f0   Zero   RW         4985    .bss                tasks.o
    0x20001a64        -       0x00003c00   Zero   RW         5629    .bss                heap_4.o
    0x20005664        -       0x0000023c   Zero   RW         5792    .bss                wit_c_sdk.o
    0x200058a0        -       0x000002dc   Zero   RW         5951    .bss                usb_device.o
    0x20005b7c        -       0x00000200   Zero   RW         5989    .bss                usbd_desc.o
    0x20005d7c        -       0x00000600   Zero   RW         6069    .bss                usbd_cdc_if.o
    0x2000637c        -       0x00000704   Zero   RW         6166    .bss                usbd_conf.o
    0x20006a80        -       0x00000060   Zero   RW         7085    .bss                c_w.l(libspace.o)
    0x20006ae0        -       0x00000200   Zero   RW            2    HEAP                startup_stm32f429xx.o
    0x20006ce0        -       0x00000400   Zero   RW            1    STACK               startup_stm32f429xx.o


==============================================================================

Image component sizes


      Code (inc. data)   RO Data    RW Data    ZI Data      Debug   Object Name

       392         52         24          4          0       2712   autopath_plan.o
        92         10          0          4         86       1935   bsp_sbus.o
       392         40          0          4         80       2562   can.o
       156          0          0          0          0      29907   cmsis_os.o
       300         10          0          0          0       1753   curve.o
        76          4          0          0          0        842   dma.o
         0          0          0          0          0      16944   event_groups.o
       260         40        172         20       2412       7272   freertos.o
       780        104        512          0          0       4001   go-m8010-6.o
       124          6          0          0          0       1512   go_ctrl.o
       196         12          0          0          0       1075   gpio.o
       472         24          0         32      15360       7499   heap_4.o
       272         38          0          0         24       2897   hwt605.o
       138          0          0          0          0       3622   list.o
       236         14          0          0          0     817712   main.o
       786         82          0         12          0      11997   port.o
      5082        154       1472       2904          0      15885   postrue_control.o
       240          4          0          8          0       2725   readdata.o
        64         26        428          0       1536        856   startup_stm32f429xx.o
       116         18          0         12          0       8950   stm32f4xx_hal.o
      1658          6          0          0          0      14547   stm32f4xx_hal_can.o
       158         14          0          0          0      33098   stm32f4xx_hal_cortex.o
       934         16          8          0          0       5695   stm32f4xx_hal_dma.o
       574         54          0          0          0       2244   stm32f4xx_hal_gpio.o
        56          4          0          0          0        890   stm32f4xx_hal_msp.o
      2576         12          0          0          0      13732   stm32f4xx_hal_pcd.o
        78          0          0          0          0       2449   stm32f4xx_hal_pcd_ex.o
      1420         88          0          0          0       6493   stm32f4xx_hal_rcc.o
       740         72          0          0          0       7616   stm32f4xx_hal_tim.o
         4          0          0          0          0       1665   stm32f4xx_hal_tim_ex.o
       152         20          0          0         72       1520   stm32f4xx_hal_timebase_tim.o
      1896         14          0          0          0      12991   stm32f4xx_hal_uart.o
       132         60          0          0          0       7708   stm32f4xx_it.o
      2708        116          0          0          0      23628   stm32f4xx_ll_usb.o
        16          4         24          4          0       1163   system_stm32f4xx.o
      1548        122          0         60        240      20897   tasks.o
       764         90          0          0        480       4197   usart.o
        84         18          0          0        732        836   usb_device.o
      1210         34          0        139          0      13795   usbd_cdc.o
       292         46          0         24       1536       5179   usbd_cdc_if.o
       642         24          0          0       1796      17156   usbd_conf.o
       934          0          0          0          0      15639   usbd_core.o
      1360         28          0          1          0      15476   usbd_ctlreq.o
       288        104          0         78        512       6305   usbd_desc.o
       138          0          0          0          0       4616   usbd_ioreq.o
       368         54          0         48        572       6579   wit_c_sdk.o

    ----------------------------------------------------------------------
     30956       1638       2672       3360      25440    1188772   Object Totals
         0          0         32          0          0          0   (incl. Generated)
        52          0          0          6          2          0   (incl. Padding)

    ----------------------------------------------------------------------

      Code (inc. data)   RO Data    RW Data    ZI Data      Debug   Library Member Name

        90          0          0          0          0          0   __dczerorl2.o
         8          0          0          0          0         68   __main.o
         0          0          0          0          0          0   __rtentry.o
        12          0          0          0          0          0   __rtentry2.o
         6          0          0          0          0          0   __rtentry4.o
        52          8          0          0          0          0   __scatter.o
        28          0          0          0          0          0   __scatter_zi.o
        22          0          0          0          0        100   _rserrno.o
        18          0          0          0          0         80   exit.o
         6          0          0          0          0        152   heapauxi.o
         0          0          0          0          0          0   indicate_semi.o
         2          0          0          0          0          0   libinit.o
         6          0          0          0          0          0   libinit2.o
         2          0          0          0          0          0   libshutdown.o
         2          0          0          0          0          0   libshutdown2.o
         8          4          0          0         96         68   libspace.o
       238          0          0          0          0        100   lludivv7m.o
         8          4          0          0          0         68   rt_errno_addr_intlibspace.o
        78          0          0          0          0         80   rt_memclr_w.o
       138          0          0          0          0         68   rt_memcpy_v6.o
       100          0          0          0          0         80   rt_memcpy_w.o
         2          0          0          0          0          0   rtexit.o
        10          0          0          0          0          0   rtexit2.o
        12          4          0          0          0         68   sys_exit.o
        74          0          0          0          0         80   sys_stackheap_outer.o
         2          0          0          0          0         68   use_no_semi.o
        24          0          0          0          0        164   basic.o
        98          4          0          0          0        140   d2f.o
       826         16          0          0          0        492   daddsub_clz.o
        16          4          0          0          0        116   dcheck1.o
        24          0          0          0          0        116   dcmpi.o
       688        140          0          0          0        256   ddiv.o
       120          4          0          0          0        140   deqf.o
        94          4          0          0          0        140   dfix.o
        84          0          0          0          0        232   dflt_clz.o
       120          4          0          0          0        140   dleqf.o
       340         12          0          0          0        152   dmul.o
       156          4          0          0          0        140   dnaninf.o
       336         12          0          0          0        136   drem_clz.o
        12          0          0          0          0        116   dretinf.o
       108          0          0          0          0        128   drleqf.o
       408         56          0          0          0        168   dsqrt_umaal.o
        86          4          0          0          0        132   f2d.o
       140          4          0          0          0        132   fnaninf.o
        10          0          0          0          0        116   fpinit.o
        10          0          0          0          0        116   fretinf.o
       100          0          0          0          0        116   retnan.o
        92          0          0          0          0        116   scalbn.o
        48          0          0          0          0        116   trapv.o
         0          0          0          0          0          0   usenofp.o
       856        118         80          0          0        288   acos.o
       744        106        152          0          0        352   atan.o
       512         64          0          0          0        208   atan2.o
       368         46         48          0          0        200   cos_i.o
       184         44          0          0          0        744   dunder.o
        24          0          0          0          0        124   fabs.o
       260          6          0          0          0        144   fmod.o
        48          0          0          0          0        124   fpclassify.o
       248          0          0          0          0        152   poly.o
      3152        296        136          0          0        352   pow.o
         0          0          8          0          0          0   qnan.o
      1080        142        200          0          0        188   rred.o
       200         20          0          0          0        164   sin.o
       304         24         40          0          0        208   sin_i.o
       232          0          0          0          0        296   sqrt.o
        58          0          0          0          0        136   sqrtf.o

    ----------------------------------------------------------------------
     13160       1158        664          0         96       8380   Library Totals
        26          4          0          0          0          0   (incl. Padding)

    ----------------------------------------------------------------------

      Code (inc. data)   RO Data    RW Data    ZI Data      Debug   Library Name

       924         20          0          0         96       1080   c_w.l
      3940        268          0          0          0       3620   fz_wm.l
      8270        866        664          0          0       3680   m_wm.l

    ----------------------------------------------------------------------
     13160       1158        664          0         96       8380   Library Totals

    ----------------------------------------------------------------------

==============================================================================


      Code (inc. data)   RO Data    RW Data    ZI Data      Debug   

     44116       2796       3336       3360      25536    1160684   Grand Totals
     44116       2796       3336        404      25536    1160684   ELF Image Totals (compressed)
     44116       2796       3336        404          0          0   ROM Totals

==============================================================================

    Total RO  Size (Code + RO Data)                47452 (  46.34kB)
    Total RW  Size (RW Data + ZI Data)             28896 (  28.22kB)
    Total ROM Size (Code + RO Data + RW Data)      47856 (  46.73kB)

==============================================================================

