Component: ARM Compiler 5.06 update 6 (build 750) Tool: armlink [4d35ed]

==============================================================================

Section Cross References

    startup_stm32f429xx.o(RESET) refers to startup_stm32f429xx.o(STACK) for __initial_sp
    startup_stm32f429xx.o(RESET) refers to startup_stm32f429xx.o(.text) for Reset_Handler
    startup_stm32f429xx.o(RESET) refers to stm32f4xx_it.o(i.NMI_Handler) for NMI_Handler
    startup_stm32f429xx.o(RESET) refers to stm32f4xx_it.o(i.HardFault_Handler) for HardFault_Handler
    startup_stm32f429xx.o(RESET) refers to stm32f4xx_it.o(i.MemManage_Handler) for MemManage_Handler
    startup_stm32f429xx.o(RESET) refers to stm32f4xx_it.o(i.BusFault_Handler) for BusFault_Handler
    startup_stm32f429xx.o(RESET) refers to stm32f4xx_it.o(i.UsageFault_Handler) for UsageFault_Handler
    startup_stm32f429xx.o(RESET) refers to port.o(.emb_text) for SVC_Handler
    startup_stm32f429xx.o(RESET) refers to stm32f4xx_it.o(i.DebugMon_Handler) for DebugMon_Handler
    startup_stm32f429xx.o(RESET) refers to port.o(i.SysTick_Handler) for SysTick_Handler
    startup_stm32f429xx.o(RESET) refers to stm32f4xx_it.o(i.DMA1_Stream5_IRQHandler) for DMA1_Stream5_IRQHandler
    startup_stm32f429xx.o(RESET) refers to stm32f4xx_it.o(i.DMA1_Stream6_IRQHandler) for DMA1_Stream6_IRQHandler
    startup_stm32f429xx.o(RESET) refers to stm32f4xx_it.o(i.USART1_IRQHandler) for USART1_IRQHandler
    startup_stm32f429xx.o(RESET) refers to stm32f4xx_it.o(i.USART2_IRQHandler) for USART2_IRQHandler
    startup_stm32f429xx.o(RESET) refers to stm32f4xx_it.o(i.TIM8_TRG_COM_TIM14_IRQHandler) for TIM8_TRG_COM_TIM14_IRQHandler
    startup_stm32f429xx.o(RESET) refers to stm32f4xx_it.o(i.DMA1_Stream7_IRQHandler) for DMA1_Stream7_IRQHandler
    startup_stm32f429xx.o(RESET) refers to stm32f4xx_it.o(i.DMA2_Stream2_IRQHandler) for DMA2_Stream2_IRQHandler
    startup_stm32f429xx.o(RESET) refers to stm32f4xx_it.o(i.CAN2_RX0_IRQHandler) for CAN2_RX0_IRQHandler
    startup_stm32f429xx.o(RESET) refers to stm32f4xx_it.o(i.OTG_FS_IRQHandler) for OTG_FS_IRQHandler
    startup_stm32f429xx.o(.text) refers to system_stm32f4xx.o(i.SystemInit) for SystemInit
    startup_stm32f429xx.o(.text) refers to entry.o(.ARM.Collect$$$$00000000) for __main
    main.o(i.HAL_TIM_PeriodElapsedCallback) refers to stm32f4xx_hal.o(i.HAL_IncTick) for HAL_IncTick
    main.o(i.SystemClock_Config) refers to memseta.o(.text) for __aeabi_memclr4
    main.o(i.SystemClock_Config) refers to stm32f4xx_hal_rcc.o(i.HAL_RCC_OscConfig) for HAL_RCC_OscConfig
    main.o(i.SystemClock_Config) refers to main.o(i.Error_Handler) for Error_Handler
    main.o(i.SystemClock_Config) refers to stm32f4xx_hal_rcc.o(i.HAL_RCC_ClockConfig) for HAL_RCC_ClockConfig
    main.o(i.main) refers to stm32f4xx_hal.o(i.HAL_Init) for HAL_Init
    main.o(i.main) refers to main.o(i.SystemClock_Config) for SystemClock_Config
    main.o(i.main) refers to gpio.o(i.MX_GPIO_Init) for MX_GPIO_Init
    main.o(i.main) refers to dma.o(i.MX_DMA_Init) for MX_DMA_Init
    main.o(i.main) refers to usart.o(i.MX_USART1_UART_Init) for MX_USART1_UART_Init
    main.o(i.main) refers to usart.o(i.MX_USART2_UART_Init) for MX_USART2_UART_Init
    main.o(i.main) refers to usart.o(i.MX_USART6_UART_Init) for MX_USART6_UART_Init
    main.o(i.main) refers to can.o(i.MX_CAN2_Init) for MX_CAN2_Init
    main.o(i.main) refers to can.o(i.MX_CAN1_Init) for MX_CAN1_Init
    main.o(i.main) refers to usart.o(i.MX_UART5_Init) for MX_UART5_Init
    main.o(i.main) refers to stm32f4xx_hal.o(i.HAL_Delay) for HAL_Delay
    main.o(i.main) refers to freertos.o(i.MX_FREERTOS_Init) for MX_FREERTOS_Init
    main.o(i.main) refers to cmsis_os.o(i.osKernelStart) for osKernelStart
    gpio.o(i.MX_GPIO_Init) refers to memseta.o(.text) for __aeabi_memclr4
    gpio.o(i.MX_GPIO_Init) refers to stm32f4xx_hal_gpio.o(i.HAL_GPIO_WritePin) for HAL_GPIO_WritePin
    gpio.o(i.MX_GPIO_Init) refers to stm32f4xx_hal_gpio.o(i.HAL_GPIO_Init) for HAL_GPIO_Init
    freertos.o(i.AutoMode) refers to imu_kalman.o(i.imu_kalman_init) for imu_kalman_init
    freertos.o(i.AutoMode) refers to cmsis_os.o(i.osKernelSysTick) for osKernelSysTick
    freertos.o(i.AutoMode) refers to imu_kalman.o(i.imu_kalman_step_from_hwt) for imu_kalman_step_from_hwt
    freertos.o(i.AutoMode) refers to imu_kalman.o(i.imu_kalman_get_angle_deg) for imu_kalman_get_angle_deg
    freertos.o(i.AutoMode) refers to f2d.o(.text) for __aeabi_f2d
    freertos.o(i.AutoMode) refers to printfa.o(i.__0printf) for __2printf
    freertos.o(i.AutoMode) refers to cmsis_os.o(i.osDelay) for osDelay
    freertos.o(i.AutoMode) refers to freertos.o(.bss) for g_imu_kf
    freertos.o(i.AutoMode) refers to hwt605.o(.bss) for hwt_angle
    freertos.o(i.HAL_UART_RxCpltCallback) refers to bsp_sbus.o(i.SBUS_Reveive) for SBUS_Reveive
    freertos.o(i.HAL_UART_RxCpltCallback) refers to stm32f4xx_hal_uart.o(i.HAL_UART_Receive_IT) for HAL_UART_Receive_IT
[...]
    HAL_Init                                 0x08002091   Thumb Code    54  stm32f4xx_hal.o(i.HAL_Init)
    HAL_InitTick                             0x080020cd   Thumb Code   160  stm32f4xx_hal_timebase_tim.o(i.HAL_InitTick)
    HAL_MspInit                              0x08002181   Thumb Code    78  stm32f4xx_hal_msp.o(i.HAL_MspInit)
    HAL_NVIC_EnableIRQ                       0x080021d5   Thumb Code    40  stm32f4xx_hal_cortex.o(i.HAL_NVIC_EnableIRQ)
    HAL_NVIC_SetPriority                     0x080021fd   Thumb Code   124  stm32f4xx_hal_cortex.o(i.HAL_NVIC_SetPriority)
    HAL_NVIC_SetPriorityGrouping             0x08002279   Thumb Code    32  stm32f4xx_hal_cortex.o(i.HAL_NVIC_SetPriorityGrouping)
    HAL_PCDEx_LPM_Callback                   0x080022a1   Thumb Code     2  stm32f4xx_hal_pcd_ex.o(i.HAL_PCDEx_LPM_Callback)
    HAL_PCDEx_SetRxFiFo                      0x080022a3   Thumb Code    10  stm32f4xx_hal_pcd_ex.o(i.HAL_PCDEx_SetRxFiFo)
    HAL_PCDEx_SetTxFiFo                      0x080022ad   Thumb Code    78  stm32f4xx_hal_pcd_ex.o(i.HAL_PCDEx_SetTxFiFo)
    HAL_PCD_ConnectCallback                  0x080022fb   Thumb Code    14  usbd_conf.o(i.HAL_PCD_ConnectCallback)
    HAL_PCD_DataInStageCallback              0x08002309   Thumb Code    32  usbd_conf.o(i.HAL_PCD_DataInStageCallback)
    HAL_PCD_DataOutStageCallback             0x08002329   Thumb Code    32  usbd_conf.o(i.HAL_PCD_DataOutStageCallback)
    HAL_PCD_DisconnectCallback               0x08002349   Thumb Code    14  usbd_conf.o(i.HAL_PCD_DisconnectCallback)
    HAL_PCD_EP_Abort                         0x08002357   Thumb Code    66  stm32f4xx_hal_pcd.o(i.HAL_PCD_EP_Abort)
    HAL_PCD_EP_Close                         0x08002399   Thumb Code   106  stm32f4xx_hal_pcd.o(i.HAL_PCD_EP_Close)
    HAL_PCD_EP_ClrStall                      0x08002403   Thumb Code   124  stm32f4xx_hal_pcd.o(i.HAL_PCD_EP_ClrStall)
    HAL_PCD_EP_GetRxCount                    0x0800247f   Thumb Code    22  stm32f4xx_hal_pcd.o(i.HAL_PCD_EP_GetRxCount)
    HAL_PCD_EP_Open                          0x08002495   Thumb Code   142  stm32f4xx_hal_pcd.o(i.HAL_PCD_EP_Open)
    HAL_PCD_EP_Receive                       0x08002523   Thumb Code    70  stm32f4xx_hal_pcd.o(i.HAL_PCD_EP_Receive)
    HAL_PCD_EP_SetStall                      0x08002569   Thumb Code   138  stm32f4xx_hal_pcd.o(i.HAL_PCD_EP_SetStall)
    HAL_PCD_EP_Transmit                      0x080025f3   Thumb Code    72  stm32f4xx_hal_pcd.o(i.HAL_PCD_EP_Transmit)
    HAL_PCD_IRQHandler                       0x0800263b   Thumb Code  1738  stm32f4xx_hal_pcd.o(i.HAL_PCD_IRQHandler)
    HAL_PCD_ISOINIncompleteCallback          0x08002d05   Thumb Code    18  usbd_conf.o(i.HAL_PCD_ISOINIncompleteCallback)
    HAL_PCD_ISOOUTIncompleteCallback         0x08002d17   Thumb Code    18  usbd_conf.o(i.HAL_PCD_ISOOUTIncompleteCallback)
    HAL_PCD_Init                             0x08002d29   Thumb Code   350  stm32f4xx_hal_pcd.o(i.HAL_PCD_Init)
    HAL_PCD_MspInit                          0x08002e89   Thumb Code   160  usbd_conf.o(i.HAL_PCD_MspInit)
    HAL_PCD_ResetCallback                    0x08002f31   Thumb Code    48  usbd_conf.o(i.HAL_PCD_ResetCallback)
    HAL_PCD_ResumeCallback                   0x08002f61   Thumb Code    14  usbd_conf.o(i.HAL_PCD_ResumeCallback)
    HAL_PCD_SOFCallback                      0x08002f6f   Thumb Code    14  usbd_conf.o(i.HAL_PCD_SOFCallback)
    HAL_PCD_SetAddress                       0x08002f7d   Thumb Code    52  stm32f4xx_hal_pcd.o(i.HAL_PCD_SetAddress)
    HAL_PCD_SetupStageCallback               0x08002fb1   Thumb Code    18  usbd_conf.o(i.HAL_PCD_SetupStageCallback)
    HAL_PCD_Start                            0x08002fc3   Thumb Code    76  stm32f4xx_hal_pcd.o(i.HAL_PCD_Start)
    HAL_PCD_SuspendCallback                  0x08003011   Thumb Code    46  usbd_conf.o(i.HAL_PCD_SuspendCallback)
    HAL_RCC_ClockConfig                      0x08003045   Thumb Code   368  stm32f4xx_hal_rcc.o(i.HAL_RCC_ClockConfig)
    HAL_RCC_GetClockConfig                   0x080031c9   Thumb Code    58  stm32f4xx_hal_rcc.o(i.HAL_RCC_GetClockConfig)
    HAL_RCC_GetHCLKFreq                      0x0800320d   Thumb Code     6  stm32f4xx_hal_rcc.o(i.HAL_RCC_GetHCLKFreq)
    HAL_RCC_GetPCLK1Freq                     0x08003219   Thumb Code    22  stm32f4xx_hal_rcc.o(i.HAL_RCC_GetPCLK1Freq)
    HAL_RCC_GetPCLK2Freq                     0x08003239   Thumb Code    22  stm32f4xx_hal_rcc.o(i.HAL_RCC_GetPCLK2Freq)
    HAL_RCC_GetSysClockFreq                  0x08003259   Thumb Code   162  stm32f4xx_hal_rcc.o(i.HAL_RCC_GetSysClockFreq)
    HAL_RCC_OscConfig                        0x08003309   Thumb Code  1172  stm32f4xx_hal_rcc.o(i.HAL_RCC_OscConfig)
    HAL_TIMEx_BreakCallback                  0x080037a5   Thumb Code     2  stm32f4xx_hal_tim_ex.o(i.HAL_TIMEx_BreakCallback)
    HAL_TIMEx_CommutCallback                 0x080037a7   Thumb Code     2  stm32f4xx_hal_tim_ex.o(i.HAL_TIMEx_CommutCallback)
    HAL_TIM_Base_Init                        0x080037a9   Thumb Code   102  stm32f4xx_hal_tim.o(i.HAL_TIM_Base_Init)
    HAL_TIM_Base_MspInit                     0x0800380f   Thumb Code     2  stm32f4xx_hal_tim.o(i.HAL_TIM_Base_MspInit)
    HAL_TIM_Base_Start_IT                    0x08003811   Thumb Code   138  stm32f4xx_hal_tim.o(i.HAL_TIM_Base_Start_IT)
    HAL_TIM_IC_CaptureCallback               0x080038b9   Thumb Code     2  stm32f4xx_hal_tim.o(i.HAL_TIM_IC_CaptureCallback)
    HAL_TIM_IRQHandler                       0x080038bb   Thumb Code   364  stm32f4xx_hal_tim.o(i.HAL_TIM_IRQHandler)
    HAL_TIM_OC_DelayElapsedCallback          0x08003a27   Thumb Code     2  stm32f4xx_hal_tim.o(i.HAL_TIM_OC_DelayElapsedCallback)
    HAL_TIM_PWM_PulseFinishedCallback        0x08003a29   Thumb Code     2  stm32f4xx_hal_tim.o(i.HAL_TIM_PWM_PulseFinishedCallback)
    HAL_TIM_PeriodElapsedCallback            0x08003a2d   Thumb Code    18  main.o(i.HAL_TIM_PeriodElapsedCallback)
    HAL_TIM_TriggerCallback                  0x08003a45   Thumb Code     2  stm32f4xx_hal_tim.o(i.HAL_TIM_TriggerCallback)
    HAL_UARTEx_ReceiveToIdle                 0x08003a47   Thumb Code   296  stm32f4xx_hal_uart.o(i.HAL_UARTEx_ReceiveToIdle)
    HAL_UARTEx_RxEventCallback               0x08003b6f   Thumb Code     2  stm32f4xx_hal_uart.o(i.HAL_UARTEx_RxEventCallback)
    HAL_UART_ErrorCallback                   0x08003b71   Thumb Code     2  stm32f4xx_hal_uart.o(i.HAL_UART_ErrorCallback)
    HAL_UART_IRQHandler                      0x08003b75   Thumb Code   772  stm32f4xx_hal_uart.o(i.HAL_UART_IRQHandler)
    HAL_UART_Init                            0x08003e7d   Thumb Code   118  stm32f4xx_hal_uart.o(i.HAL_UART_Init)
    HAL_UART_MspInit                         0x08003ef5   Thumb Code   792  usart.o(i.HAL_UART_MspInit)
    HAL_UART_Receive_IT                      0x08004245   Thumb Code    44  stm32f4xx_hal_uart.o(i.HAL_UART_Receive_IT)
    HAL_UART_RxCpltCallback                  0x08004271   Thumb Code    30  freertos.o(i.HAL_UART_RxCpltCallback)
    HAL_UART_Transmit                        0x08004299   Thumb Code   190  stm32f4xx_hal_uart.o(i.HAL_UART_Transmit)
    HAL_UART_TxCpltCallback                  0x08004357   Thumb Code     2  stm32f4xx_hal_uart.o(i.HAL_UART_TxCpltCallback)
    HardFault_Handler                        0x08004359   Thumb Code     4  stm32f4xx_it.o(i.HardFault_Handler)
    InJump                                   0x0800435d   Thumb Code   418  postrue_control.o(i.InJump)
    JumpForward                              0x08004549   Thumb Code   532  postrue_control.o(i.JumpForward)
    LowWalkForward                           0x08004769   Thumb Code   410  postrue_control.o(i.LowWalkForward)
    MX_CAN1_Init                             0x08004911   Thumb Code    58  can.o(i.MX_CAN1_Init)
    MX_CAN2_Init                             0x08004955   Thumb Code    58  can.o(i.MX_CAN2_Init)
    MX_DMA_Init                              0x08004999   Thumb Code   130  dma.o(i.MX_DMA_Init)
    MX_FREERTOS_Init                         0x08004a21   Thumb Code    86  freertos.o(i.MX_FREERTOS_Init)
    MX_GPIO_Init                             0x08004a8d   Thumb Code   202  gpio.o(i.MX_GPIO_Init)
    MX_UART5_Init                            0x08004b61   Thumb Code    46  usart.o(i.MX_UART5_Init)
    MX_USART1_UART_Init                      0x08004b99   Thumb Code    44  usart.o(i.MX_USART1_UART_Init)
    MX_USART2_UART_Init                      0x08004bd1   Thumb Code    46  usart.o(i.MX_USART2_UART_Init)
    MX_USART6_UART_Init                      0x08004c09   Thumb Code    46  usart.o(i.MX_USART6_UART_Init)
    MX_USB_DEVICE_Init                       0x08004c41   Thumb Code    60  usb_device.o(i.MX_USB_DEVICE_Init)
    MemManage_Handler                        0x08004c8d   Thumb Code     4  stm32f4xx_it.o(i.MemManage_Handler)
    MyCanWrite                               0x08004c91   Thumb Code    40  hwt605.o(i.MyCanWrite)
    NMI_Handler                              0x08004cbd   Thumb Code     4  stm32f4xx_it.o(i.NMI_Handler)
    OTG_FS_IRQHandler                        0x08004cc1   Thumb Code    10  stm32f4xx_it.o(i.OTG_FS_IRQHandler)
    OnRegUpdate                              0x08004cd1   Thumb Code   222  hwt605.o(i.OnRegUpdate)
    Pose_Inverse_Kinematics                  0x08005025   Thumb Code  1148  postrue_control.o(i.Pose_Inverse_Kinematics)
    SBUS_Reveive                             0x080054a1   Thumb Code   122  bsp_sbus.o(i.SBUS_Reveive)
    SERVO_Send_recv                          0x08005531   Thumb Code   142  go-m8010-6.o(i.SERVO_Send_recv)
    StartDefaultTask                         0x080055db   Thumb Code    18  freertos.o(i.StartDefaultTask)
    SysTick_Handler                          0x080055ed   Thumb Code    46  port.o(i.SysTick_Handler)
    SystemClock_Config                       0x08005621   Thumb Code   170  main.o(i.SystemClock_Config)
    SystemInit                               0x080056d5   Thumb Code    14  system_stm32f4xx.o(i.SystemInit)
    TIM8_TRG_COM_TIM14_IRQHandler            0x080056e9   Thumb Code    10  stm32f4xx_it.o(i.TIM8_TRG_COM_TIM14_IRQHandler)
    TIM_Base_SetConfig                       0x080056f9   Thumb Code   178  stm32f4xx_hal_tim.o(i.TIM_Base_SetConfig)
    Turn                                     0x080057d9   Thumb Code   810  postrue_control.o(i.Turn)
    UART_Start_Receive_IT                    0x08005edd   Thumb Code    64  stm32f4xx_hal_uart.o(i.UART_Start_Receive_IT)
    USART1_IRQHandler                        0x08006009   Thumb Code    10  stm32f4xx_it.o(i.USART1_IRQHandler)
    USART2_IRQHandler                        0x08006019   Thumb Code    10  stm32f4xx_it.o(i.USART2_IRQHandler)
    USBD_CDC_GetDeviceQualifierDescriptor    0x08006255   Thumb Code    10  usbd_cdc.o(i.USBD_CDC_GetDeviceQualifierDescriptor)
    USBD_CDC_ReceivePacket                   0x080064d5   Thumb Code    74  usbd_cdc.o(i.USBD_CDC_ReceivePacket)
    USBD_CDC_RegisterInterface               0x08006525   Thumb Code    24  usbd_cdc.o(i.USBD_CDC_RegisterInterface)
    USBD_CDC_SetRxBuffer                     0x0800653d   Thumb Code    30  usbd_cdc.o(i.USBD_CDC_SetRxBuffer)
    USBD_CDC_SetTxBuffer                     0x0800655b   Thumb Code    36  usbd_cdc.o(i.USBD_CDC_SetTxBuffer)
    USBD_ClrClassConfig                      0x080066bf   Thumb Code    28  usbd_core.o(i.USBD_ClrClassConfig)
    USBD_CoreFindEP                          0x08006719   Thumb Code     6  usbd_core.o(i.USBD_CoreFindEP)
    USBD_CoreFindIF                          0x0800671f   Thumb Code     6  usbd_core.o(i.USBD_CoreFindIF)
    USBD_CtlContinueRx                       0x08006725   Thumb Code    24  usbd_ioreq.o(i.USBD_CtlContinueRx)
    USBD_CtlContinueSendData                 0x0800673d   Thumb Code    24  usbd_ioreq.o(i.USBD_CtlContinueSendData)
    USBD_CtlError                            0x08006755   Thumb Code    24  usbd_ctlreq.o(i.USBD_CtlError)
    USBD_CtlPrepareRx                        0x0800676d   Thumb Code    46  usbd_ioreq.o(i.USBD_CtlPrepareRx)
    USBD_CtlReceiveStatus                    0x0800679b   Thumb Code    26  usbd_ioreq.o(i.USBD_CtlReceiveStatus)
    USBD_CtlSendData                         0x080067b5   Thumb Code    36  usbd_ioreq.o(i.USBD_CtlSendData)
    USBD_CtlSendStatus                       0x080067d9   Thumb Code    26  usbd_ioreq.o(i.USBD_CtlSendStatus)
    USBD_FS_ConfigStrDescriptor              0x080067f5   Thumb Code    34  usbd_desc.o(i.USBD_FS_ConfigStrDescriptor)
    USBD_FS_DeviceDescriptor                 0x08006829   Thumb Code    10  usbd_desc.o(i.USBD_FS_DeviceDescriptor)
    USBD_FS_InterfaceStrDescriptor           0x08006839   Thumb Code    34  usbd_desc.o(i.USBD_FS_InterfaceStrDescriptor)
    USBD_FS_LangIDStrDescriptor              0x08006871   Thumb Code    10  usbd_desc.o(i.USBD_FS_LangIDStrDescriptor)
    USBD_FS_ManufacturerStrDescriptor        0x08006881   Thumb Code    20  usbd_desc.o(i.USBD_FS_ManufacturerStrDescriptor)
    USBD_FS_ProductStrDescriptor             0x080068ad   Thumb Code    34  usbd_desc.o(i.USBD_FS_ProductStrDescriptor)
    USBD_FS_SerialStrDescriptor              0x080068ed   Thumb Code    18  usbd_desc.o(i.USBD_FS_SerialStrDescriptor)
    USBD_GetEpDesc                           0x08006b57   Thumb Code    80  usbd_core.o(i.USBD_GetEpDesc)
    USBD_GetNextDesc                         0x08006bbd   Thumb Code    20  usbd_core.o(i.USBD_GetNextDesc)
    USBD_GetString                           0x08006c2b   Thumb Code   104  usbd_ctlreq.o(i.USBD_GetString)
    USBD_Get_USB_Status                      0x08006c93   Thumb Code    44  usbd_conf.o(i.USBD_Get_USB_Status)
    USBD_Init                                0x08006cbf   Thumb Code    58  usbd_core.o(i.USBD_Init)
    USBD_LL_ClearStallEP                     0x08006cf9   Thumb Code    38  usbd_conf.o(i.USBD_LL_ClearStallEP)
    USBD_LL_CloseEP                          0x08006d1f   Thumb Code    38  usbd_conf.o(i.USBD_LL_CloseEP)
    USBD_LL_DataInStage                      0x08006d45   Thumb Code   272  usbd_core.o(i.USBD_LL_DataInStage)
    USBD_LL_DataOutStage                     0x08006e55   Thumb Code   266  usbd_core.o(i.USBD_LL_DataOutStage)
    USBD_LL_DevConnected                     0x08006f5f   Thumb Code     6  usbd_core.o(i.USBD_LL_DevConnected)
    USBD_LL_DevDisconnected                  0x08006f65   Thumb Code    38  usbd_core.o(i.USBD_LL_DevDisconnected)
    USBD_LL_GetRxDataSize                    0x08006f8b   Thumb Code    18  usbd_conf.o(i.USBD_LL_GetRxDataSize)
    USBD_LL_Init                             0x08006f9d   Thumb Code   100  usbd_conf.o(i.USBD_LL_Init)
    USBD_LL_IsStallEP                        0x08007005   Thumb Code    56  usbd_conf.o(i.USBD_LL_IsStallEP)
    USBD_LL_IsoINIncomplete                  0x0800703d   Thumb Code    72  usbd_core.o(i.USBD_LL_IsoINIncomplete)
    USBD_LL_IsoOUTIncomplete                 0x08007085   Thumb Code    72  usbd_core.o(i.USBD_LL_IsoOUTIncomplete)
    USBD_LL_OpenEP                           0x080070cd   Thumb Code    48  usbd_conf.o(i.USBD_LL_OpenEP)
    USBD_LL_PrepareReceive                   0x080070fd   Thumb Code    48  usbd_conf.o(i.USBD_LL_PrepareReceive)
    USBD_LL_Reset                            0x0800712d   Thumb Code   110  usbd_core.o(i.USBD_LL_Reset)
    USBD_LL_Resume                           0x0800719b   Thumb Code    22  usbd_core.o(i.USBD_LL_Resume)
    USBD_LL_SOF                              0x080071b1   Thumb Code    40  usbd_core.o(i.USBD_LL_SOF)
    USBD_LL_SetSpeed                         0x080071d9   Thumb Code     8  usbd_core.o(i.USBD_LL_SetSpeed)
    USBD_LL_SetUSBAddress                    0x080071e1   Thumb Code    38  usbd_conf.o(i.USBD_LL_SetUSBAddress)
    USBD_LL_SetupStage                       0x08007207   Thumb Code   118  usbd_core.o(i.USBD_LL_SetupStage)
    USBD_LL_StallEP                          0x0800727d   Thumb Code    38  usbd_conf.o(i.USBD_LL_StallEP)
    USBD_LL_Start                            0x080072a3   Thumb Code    30  usbd_conf.o(i.USBD_LL_Start)
    USBD_LL_Suspend                          0x080072c1   Thumb Code    28  usbd_core.o(i.USBD_LL_Suspend)
    USBD_LL_Transmit                         0x080072dd   Thumb Code    48  usbd_conf.o(i.USBD_LL_Transmit)
    USBD_ParseSetupRequest                   0x0800730d   Thumb Code    54  usbd_ctlreq.o(i.USBD_ParseSetupRequest)
    USBD_RegisterClass                       0x08007343   Thumb Code    72  usbd_core.o(i.USBD_RegisterClass)
    USBD_RunTestMode                         0x0800738b   Thumb Code     6  usbd_core.o(i.USBD_RunTestMode)
    USBD_SetClassConfig                      0x080073eb   Thumb Code    32  usbd_core.o(i.USBD_SetClassConfig)
    USBD_Start                               0x08007549   Thumb Code    12  usbd_core.o(i.USBD_Start)
    USBD_StdDevReq                           0x08007555   Thumb Code   174  usbd_ctlreq.o(i.USBD_StdDevReq)
    USBD_StdEPReq                            0x08007603   Thumb Code   644  usbd_ctlreq.o(i.USBD_StdEPReq)
    USBD_StdItfReq                           0x08007887   Thumb Code   174  usbd_ctlreq.o(i.USBD_StdItfReq)
    USBD_static_free                         0x08007935   Thumb Code     2  usbd_conf.o(i.USBD_static_free)
    USBD_static_malloc                       0x08007939   Thumb Code     6  usbd_conf.o(i.USBD_static_malloc)
    USB_ActivateEndpoint                     0x08007945   Thumb Code   202  stm32f4xx_ll_usb.o(i.USB_ActivateEndpoint)
    USB_ActivateSetup                        0x08007a15   Thumb Code    40  stm32f4xx_ll_usb.o(i.USB_ActivateSetup)
    USB_CoreInit                             0x08007a3d   Thumb Code   136  stm32f4xx_ll_usb.o(i.USB_CoreInit)
    USB_DeactivateEndpoint                   0x08007b2d   Thumb Code   318  stm32f4xx_ll_usb.o(i.USB_DeactivateEndpoint)
    USB_DevConnect                           0x08007c79   Thumb Code    36  stm32f4xx_ll_usb.o(i.USB_DevConnect)
    USB_DevDisconnect                        0x08007c9d   Thumb Code    36  stm32f4xx_ll_usb.o(i.USB_DevDisconnect)
    USB_DevInit                              0x08007cc1   Thumb Code   480  stm32f4xx_ll_usb.o(i.USB_DevInit)
    USB_DisableGlobalInt                     0x08007ea9   Thumb Code    14  stm32f4xx_ll_usb.o(i.USB_DisableGlobalInt)
    USB_EP0_OutStart                         0x08007eb9   Thumb Code   106  stm32f4xx_ll_usb.o(i.USB_EP0_OutStart)
    USB_EPClearStall                         0x08007f29   Thumb Code   142  stm32f4xx_ll_usb.o(i.USB_EPClearStall)
    USB_EPSetStall                           0x08007fb7   Thumb Code   154  stm32f4xx_ll_usb.o(i.USB_EPSetStall)
    USB_EPStartXfer                          0x08008051   Thumb Code   954  stm32f4xx_ll_usb.o(i.USB_EPStartXfer)
    USB_EPStopXfer                           0x08008411   Thumb Code   236  stm32f4xx_ll_usb.o(i.USB_EPStopXfer)
    USB_EnableGlobalInt                      0x080084fd   Thumb Code    14  stm32f4xx_ll_usb.o(i.USB_EnableGlobalInt)
    USB_FlushRxFifo                          0x0800850b   Thumb Code    80  stm32f4xx_ll_usb.o(i.USB_FlushRxFifo)
    USB_FlushTxFifo                          0x0800855b   Thumb Code    84  stm32f4xx_ll_usb.o(i.USB_FlushTxFifo)
    USB_GetDevSpeed                          0x080085af   Thumb Code    38  stm32f4xx_ll_usb.o(i.USB_GetDevSpeed)
    USB_GetMode                              0x080085d5   Thumb Code    10  stm32f4xx_ll_usb.o(i.USB_GetMode)
    USB_ReadDevAllInEpInterrupt              0x080085df   Thumb Code    20  stm32f4xx_ll_usb.o(i.USB_ReadDevAllInEpInterrupt)
    USB_ReadDevAllOutEpInterrupt             0x080085f3   Thumb Code    20  stm32f4xx_ll_usb.o(i.USB_ReadDevAllOutEpInterrupt)
    USB_ReadDevInEPInterrupt                 0x08008607   Thumb Code    50  stm32f4xx_ll_usb.o(i.USB_ReadDevInEPInterrupt)
    USB_ReadDevOutEPInterrupt                0x08008639   Thumb Code    26  stm32f4xx_ll_usb.o(i.USB_ReadDevOutEPInterrupt)
    USB_ReadInterrupts                       0x08008653   Thumb Code    10  stm32f4xx_ll_usb.o(i.USB_ReadInterrupts)
    USB_ReadPacket                           0x0800865d   Thumb Code    96  stm32f4xx_ll_usb.o(i.USB_ReadPacket)
    USB_SetCurrentMode                       0x080086bd   Thumb Code   104  stm32f4xx_ll_usb.o(i.USB_SetCurrentMode)
    USB_SetDevAddress                        0x08008725   Thumb Code    42  stm32f4xx_ll_usb.o(i.USB_SetDevAddress)
    USB_SetDevSpeed                          0x0800874f   Thumb Code    18  stm32f4xx_ll_usb.o(i.USB_SetDevSpeed)
    USB_SetTurnaroundTime                    0x08008761   Thumb Code   192  stm32f4xx_ll_usb.o(i.USB_SetTurnaroundTime)
    USB_WritePacket                          0x08008849   Thumb Code    68  stm32f4xx_ll_usb.o(i.USB_WritePacket)
    UsageFault_Handler                       0x0800888d   Thumb Code     4  stm32f4xx_it.o(i.UsageFault_Handler)
    WalkBack                                 0x08008891   Thumb Code   410  postrue_control.o(i.WalkBack)
    WitCanDataIn                             0x08008a39   Thumb Code   108  wit_c_sdk.o(i.WitCanDataIn)
    WitCanWriteRegister                      0x08008aad   Thumb Code    18  wit_c_sdk.o(i.WitCanWriteRegister)
    WitInit                                  0x08008ac5   Thumb Code    30  wit_c_sdk.o(i.WitInit)
    WitRegisterCallBack                      0x08008af1   Thumb Code    18  wit_c_sdk.o(i.WitRegisterCallBack)
    __0printf                                0x08008b09   Thumb Code    22  printfa.o(i.__0printf)
    __1printf                                0x08008b09   Thumb Code     0  printfa.o(i.__0printf)
    __2printf                                0x08008b09   Thumb Code     0  printfa.o(i.__0printf)
    __c89printf                              0x08008b09   Thumb Code     0  printfa.o(i.__0printf)
    printf                                   0x08008b09   Thumb Code     0  printfa.o(i.__0printf)
    __ARM_fpclassify                         0x08008b29   Thumb Code    48  fpclassify.o(i.__ARM_fpclassify)
    __hardfp_acos                            0x08008b91   Thumb Code   738  acos.o(i.__hardfp_acos)
    __hardfp_atan                            0x08008ee9   Thumb Code   622  atan.o(i.__hardfp_atan)
    __hardfp_atan2                           0x080091c1   Thumb Code   432  atan2.o(i.__hardfp_atan2)
    __hardfp_pow                             0x080093b1   Thumb Code  3072  pow.o(i.__hardfp_pow)
    __hardfp_sqrtf                           0x0800a001   Thumb Code    58  sqrtf.o(i.__hardfp_sqrtf)
    __kernel_poly                            0x0800a03b   Thumb Code   248  poly.o(i.__kernel_poly)
    __mathlib_dbl_divzero                    0x0800a139   Thumb Code    28  dunder.o(i.__mathlib_dbl_divzero)
    __mathlib_dbl_infnan                     0x0800a169   Thumb Code    20  dunder.o(i.__mathlib_dbl_infnan)
    __mathlib_dbl_infnan2                    0x0800a17d   Thumb Code    20  dunder.o(i.__mathlib_dbl_infnan2)
    __mathlib_dbl_invalid                    0x0800a191   Thumb Code    24  dunder.o(i.__mathlib_dbl_invalid)
    __mathlib_dbl_overflow                   0x0800a1b1   Thumb Code    24  dunder.o(i.__mathlib_dbl_overflow)
    __mathlib_dbl_underflow                  0x0800a1d1   Thumb Code    24  dunder.o(i.__mathlib_dbl_underflow)
    __scatterload_copy                       0x0800a1f1   Thumb Code    14  handlers.o(i.__scatterload_copy)
    __scatterload_null                       0x0800a1ff   Thumb Code     2  handlers.o(i.__scatterload_null)
    __scatterload_zeroinit                   0x0800a201   Thumb Code    14  handlers.o(i.__scatterload_zeroinit)
    __set_errno                              0x0800a211   Thumb Code     6  errno.o(i.__set_errno)
    atan                                     0x0800aacf   Thumb Code    16  atan.o(i.atan)
    bezierCurve                              0x0800aae1   Thumb Code   272  curve.o(i.bezierCurve)
    binomial_coefficient                     0x0800abf5   Thumb Code   104  curve.o(i.binomial_coefficient)
    calculateFunc                            0x0800ac65   Thumb Code    22  freertos.o(i.calculateFunc)
    dogTaskCtrl                              0x0800acc1   Thumb Code   196  postrue_control.o(i.dogTaskCtrl)
    extract_data                             0x0800ad8d   Thumb Code   178  go-m8010-6.o(i.extract_data)
    fabs                                     0x0800ae4d   Thumb Code    24  fabs.o(i.fabs)
    fputc                                    0x0800ae65   Thumb Code    22  usart.o(i.fputc)
    hwt605_Init                              0x0800ae81   Thumb Code    82  hwt605.o(i.hwt605_Init)
    imu_kalman_get_angle_deg                 0x0800aee1   Thumb Code    26  imu_kalman.o(i.imu_kalman_get_angle_deg)
    imu_kalman_init                          0x0800af01   Thumb Code   404  imu_kalman.o(i.imu_kalman_init)
    imu_kalman_predict                       0x0800b099   Thumb Code   132  imu_kalman.o(i.imu_kalman_predict)
    imu_kalman_step_from_hwt                 0x0800b11d   Thumb Code   100  imu_kalman.o(i.imu_kalman_step_from_hwt)
    imu_kalman_update                        0x0800b181   Thumb Code   166  imu_kalman.o(i.imu_kalman_update)
    leg_Act_Bezier                           0x0800b239   Thumb Code   240  postrue_control.o(i.leg_Act_Bezier)
    leg_Bezier_Free_Init                     0x0800b32d   Thumb Code    26  postrue_control.o(i.leg_Bezier_Free_Init)
    main                                     0x0800b347   Thumb Code    66  main.o(i.main)
    matrix_add                               0x0800b397   Thumb Code   120  simple_matrix.o(i.matrix_add)
    matrix_copy                              0x0800b40f   Thumb Code    62  simple_matrix.o(i.matrix_copy)
    matrix_fill                              0x0800b44d   Thumb Code    60  simple_matrix.o(i.matrix_fill)
    matrix_identity                          0x0800b489   Thumb Code    74  simple_matrix.o(i.matrix_identity)
    matrix_mul                               0x0800b6d9   Thumb Code   184  simple_matrix.o(i.matrix_mul)
    matrix_same_shape                        0x0800b795   Thumb Code    34  simple_matrix.o(i.matrix_same_shape)
    matrix_scalar                            0x0800b7b7   Thumb Code    98  simple_matrix.o(i.matrix_scalar)
    matrix_sub                               0x0800b819   Thumb Code   120  simple_matrix.o(i.matrix_sub)
    matrix_wrap                              0x0800b891   Thumb Code    34  simple_matrix.o(i.matrix_wrap)
    modify_data                              0x0800b8b5   Thumb Code   486  go-m8010-6.o(i.modify_data)
    osDelay                                  0x0800bacd   Thumb Code    24  cmsis_os.o(i.osDelay)
    osKernelStart                            0x0800bae5   Thumb Code    10  cmsis_os.o(i.osKernelStart)
    osKernelSysTick                          0x0800baef   Thumb Code    20  cmsis_os.o(i.osKernelSysTick)
    osThreadCreate                           0x0800bb03   Thumb Code    94  cmsis_os.o(i.osThreadCreate)
    pvPortMalloc                             0x0800bfe1   Thumb Code   306  heap_4.o(i.pvPortMalloc)
    pxPortInitialiseStack                    0x0800c12d   Thumb Code    38  port.o(i.pxPortInitialiseStack)
    sqrt                                     0x0800c1ad   Thumb Code   110  sqrt.o(i.sqrt)
    standUP                                  0x0800c21d   Thumb Code   100  postrue_control.o(i.standUP)
    uxListRemove                             0x0800c289   Thumb Code    40  list.o(i.uxListRemove)
    vApplicationGetIdleTaskMemory            0x0800c2b1   Thumb Code    14  freertos.o(i.vApplicationGetIdleTaskMemory)
    vListInitialise                          0x0800c2c9   Thumb Code    26  list.o(i.vListInitialise)
    vListInitialiseItem                      0x0800c2e3   Thumb Code     6  list.o(i.vListInitialiseItem)
    vListInsert                              0x0800c2e9   Thumb Code    52  list.o(i.vListInsert)
    vListInsertEnd                           0x0800c31d   Thumb Code    24  list.o(i.vListInsertEnd)
    vPortEnterCritical                       0x0800c335   Thumb Code    76  port.o(i.vPortEnterCritical)
    vPortExitCritical                        0x0800c389   Thumb Code    56  port.o(i.vPortExitCritical)
    vPortFree                                0x0800c3c5   Thumb Code   150  heap_4.o(i.vPortFree)
    vPortSetupTimerInterrupt                 0x0800c469   Thumb Code    36  port.o(i.vPortSetupTimerInterrupt)
    vPortValidateInterruptPriority           0x0800c491   Thumb Code   106  port.o(i.vPortValidateInterruptPriority)
    vTaskDelay                               0x0800c509   Thumb Code    82  tasks.o(i.vTaskDelay)
    vTaskStartScheduler                      0x0800c565   Thumb Code   146  tasks.o(i.vTaskStartScheduler)
    vTaskSuspendAll                          0x0800c615   Thumb Code    12  tasks.o(i.vTaskSuspendAll)
    vTaskSwitchContext                       0x0800c625   Thumb Code   118  tasks.o(i.vTaskSwitchContext)
    walkForward                              0x0800c6b1   Thumb Code   410  postrue_control.o(i.walkForward)
    xPortStartScheduler                      0x0800c859   Thumb Code   330  port.o(i.xPortStartScheduler)
    xTaskCreate                              0x0800c9c1   Thumb Code   100  tasks.o(i.xTaskCreate)
    xTaskCreateStatic                        0x0800ca25   Thumb Code   186  tasks.o(i.xTaskCreateStatic)
    xTaskGetTickCount                        0x0800cae1   Thumb Code     6  tasks.o(i.xTaskGetTickCount)
    xTaskGetTickCountFromISR                 0x0800caed   Thumb Code    16  tasks.o(i.xTaskGetTickCountFromISR)
    xTaskIncrementTick                       0x0800cb01   Thumb Code   282  tasks.o(i.xTaskIncrementTick)
    xTaskResumeAll                           0x0800cc49   Thumb Code   224  tasks.o(i.xTaskResumeAll)
    AHBPrescTable                            0x0800cda8   Data          16  system_stm32f4xx.o(.constdata)
    APBPrescTable                            0x0800cdb8   Data           8  system_stm32f4xx.o(.constdata)
    crc_ccitt_table                          0x0800cdc0   Data         512  go-m8010-6.o(.constdata)
    __mathlib_zero                           0x0800d650   Data           8  qnan.o(.constdata)
    Region$$Table$$Base                      0x0800d684   Number         0  anon$$obj.o(Region$$Table)
    Region$$Table$$Limit                     0x0800d6a4   Number         0  anon$$obj.o(Region$$Table)
    Rx_Temp                                  0x20000000   Data           1  freertos.o(.data)
    leg1_pidHandle                           0x20000004   Data           4  freertos.o(.data)
    AutoModeTaskHandle                       0x20000008   Data           4  freertos.o(.data)
    CalculateTaskHandle                      0x2000000c   Data           4  freertos.o(.data)
    RemoteContrlTaskHandle                   0x20000010   Data           4  freertos.o(.data)
    defaultTaskHandle                        0x20000014   Data           4  freertos.o(.data)
    uwTick                                   0x2000001c   Data           4  stm32f4xx_hal.o(.data)
    uwTickPrio                               0x20000020   Data           4  stm32f4xx_hal.o(.data)
    uwTickFreq                               0x20000024   Data           1  stm32f4xx_hal.o(.data)
    SystemCoreClock                          0x20000028   Data           4  system_stm32f4xx.o(.data)
    sbus_start                               0x20000a44   Data           1  bsp_sbus.o(.data)
    sbus_buf_index                           0x20000a45   Data           1  bsp_sbus.o(.data)
    sbus_new_cmd                             0x20000a46   Data           1  bsp_sbus.o(.data)
    failsafe_status                          0x20000a47   Data           1  bsp_sbus.o(.data)
    pxCurrentTCB                             0x20000a48   Data           4  tasks.o(.data)
    RxData                                   0x20000ab0   Data           8  wit_c_sdk.o(.data)
    FS_Desc                                  0x20000ae0   Data          28  usbd_desc.o(.data)
    USBD_FS_DeviceDesc                       0x20000afc   Data          18  usbd_desc.o(.data)
    USBD_LangIDDesc                          0x20000b10   Data           4  usbd_desc.o(.data)
    USBD_StringSerial                        0x20000b14   Data          26  usbd_desc.o(.data)
    USBD_Interface_fops_FS                   0x20000b34   Data          20  usbd_cdc_if.o(.data)
    USBD_CDC                                 0x20000b58   Data          56  usbd_cdc.o(.data)
    __stdout                                 0x20000bd8   Data           4  stdout.o(.data)
    dog                                      0x20000be0   Data        1840  freertos.o(.bss)
    buf                                      0x20001588   Data          64  freertos.o(.bss)
    RxHeader                                 0x200015c8   Data          28  freertos.o(.bss)
    hcan1                                    0x20001838   Data          40  can.o(.bss)
    hcan2                                    0x20001860   Data          40  can.o(.bss)
    huart5                                   0x20001888   Data          72  usart.o(.bss)
    huart1                                   0x200018d0   Data          72  usart.o(.bss)
    huart2                                   0x20001918   Data          72  usart.o(.bss)
    huart6                                   0x20001960   Data          72  usart.o(.bss)
    hdma_uart5_tx                            0x200019a8   Data          96  usart.o(.bss)
    hdma_usart1_rx                           0x20001a08   Data          96  usart.o(.bss)
    hdma_usart2_rx                           0x20001a68   Data          96  usart.o(.bss)
    hdma_usart2_tx                           0x20001ac8   Data          96  usart.o(.bss)
    htim14                                   0x20001b28   Data          72  stm32f4xx_hal_timebase_tim.o(.bss)
    inBuffer                                 0x20001b70   Data          25  bsp_sbus.o(.bss)
    sbus_data                                0x20001b89   Data          25  bsp_sbus.o(.bss)
    g_sbus_channels                          0x20001ba2   Data          36  bsp_sbus.o(.bss)
    hwt_angle                                0x20001bc8   Data          32  hwt605.o(.bss)
    sReg                                     0x200059d8   Data         288  wit_c_sdk.o(.bss)
    sReg1                                    0x20005af8   Data         288  wit_c_sdk.o(.bss)
    hUsbDeviceFS                             0x20005c18   Data         732  usb_device.o(.bss)
    USBD_StrDesc                             0x20005ef4   Data         512  usbd_desc.o(.bss)
    RingBuffer                               0x200060f4   Data         512  usbd_cdc_if.o(.bss)
    UserRxBufferFS                           0x200062f4   Data         512  usbd_cdc_if.o(.bss)
    UserTxBufferFS                           0x200064f4   Data         512  usbd_cdc_if.o(.bss)
    hpcd_USB_OTG_FS                          0x200066f4   Data        1252  usbd_conf.o(.bss)
    __initial_sp                             0x200071f8   Data           0  startup_stm32f429xx.o(STACK)



==============================================================================

Memory Map of the image

  Image Entry point : 0x080001ad

  Load Region LR_IROM1 (Base: 0x08000000, Size: 0x0000e284, Max: 0x00080000, ABSOLUTE, COMPRESSED[0x0000d818])

    Execution Region ER_IROM1 (Exec base: 0x08000000, Load base: 0x08000000, Size: 0x0000d6a4, Max: 0x00080000, ABSOLUTE)

    Exec Addr    Load Addr    Size         Type   Attr      Idx    E Section Name        Object

    0x08000000   0x08000000   0x000001ac   Data   RO            3    RESET               startup_stm32f429xx.o
    0x080001ac   0x080001ac   0x00000000   Code   RO         7170  * .ARM.Collect$$$$00000000  mc_w.l(entry.o)
    0x080001ac   0x080001ac   0x00000004   Code   RO         7509    .ARM.Collect$$$$00000001  mc_w.l(entry2.o)
    0x080001b0   0x080001b0   0x00000004   Code   RO         7512    .ARM.Collect$$$$00000004  mc_w.l(entry5.o)
    0x080001b4   0x080001b4   0x00000000   Code   RO         7514    .ARM.Collect$$$$00000008  mc_w.l(entry7b.o)
    0x080001b4   0x080001b4   0x00000000   Code   RO         7516    .ARM.Collect$$$$0000000A  mc_w.l(entry8b.o)
    0x080001b4   0x080001b4   0x00000008   Code   RO         7517    .ARM.Collect$$$$0000000B  mc_w.l(entry9a.o)
    0x080001bc   0x080001bc   0x00000000   Code   RO         7519    .ARM.Collect$$$$0000000D  mc_w.l(entry10a.o)
    0x080001bc   0x080001bc   0x00000000   Code   RO         7521    .ARM.Collect$$$$0000000F  mc_w.l(entry11a.o)
    0x080001bc   0x080001bc   0x00000004   Code   RO         7510    .ARM.Collect$$$$00002712  mc_w.l(entry2.o)
    0x080001c0   0x080001c0   0x000000be   Code   RO         5790    .emb_text           port.o
    0x0800027e   0x0800027e   0x00000002   PAD
    0x08000280   0x08000280   0x00000024   Code   RO            4    .text               startup_stm32f429xx.o
    0x080002a4   0x080002a4   0x00000062   Code   RO         7173    .text               mc_w.l(uldiv.o)
    0x08000306   0x08000306   0x00000024   Code   RO         7175    .text               mc_w.l(memcpya.o)
    0x0800032a   0x0800032a   0x00000024   Code   RO         7179    .text               mc_w.l(memseta.o)
    0x0800034e   0x0800034e   0x0000014e   Code   RO         7444    .text               mf_w.l(dadd.o)
    0x0800049c   0x0800049c   0x000000e4   Code   RO         7446    .text               mf_w.l(dmul.o)
    0x08000580   0x08000580   0x00000022   Code   RO         7450    .text               mf_w.l(dflti.o)
    0x080005a2   0x080005a2   0x0000001a   Code   RO         7452    .text               mf_w.l(dfltui.o)
    0x080005bc   0x080005bc   0x00000026   Code   RO         7454    .text               mf_w.l(f2d.o)
    0x080005e2   0x080005e2   0x00000038   Code   RO         7456    .text               mf_w.l(d2f.o)
    0x0800061a   0x0800061a   0x0000002c   Code   RO         7524    .text               mc_w.l(uidiv.o)
    0x08000646   0x08000646   0x0000001e   Code   RO         7526    .text               mc_w.l(llshl.o)
    0x08000664   0x08000664   0x00000020   Code   RO         7528    .text               mc_w.l(llushr.o)
    0x08000684   0x08000684   0x00000024   Code   RO         7530    .text               mc_w.l(llsshr.o)
    0x080006a8   0x080006a8   0x00000000   Code   RO         7539    .text               mc_w.l(iusefp.o)
    0x080006a8   0x080006a8   0x0000006e   Code   RO         7540    .text               mf_w.l(fepilogue.o)
    0x08000716   0x08000716   0x000000ba   Code   RO         7542    .text               mf_w.l(depilogue.o)
    0x080007d0   0x080007d0   0x000000de   Code   RO         7544    .text               mf_w.l(ddiv.o)
    0x080008ae   0x080008ae   0x0000002e   Code   RO         7546    .text               mf_w.l(dscalb.o)
    0x080008dc   0x080008dc   0x00000030   Code   RO         7548    .text               mf_w.l(dfixul.o)
    0x0800090c   0x0800090c   0x00000030   Code   RO         7550    .text               mf_w.l(cdrcmple.o)
    0x0800093c   0x0800093c   0x00000024   Code   RO         7552    .text               mc_w.l(init.o)
    0x08000960   0x08000960   0x000000a2   Code   RO         7554    .text               mf_w.l(dsqrt.o)
    0x08000a02   0x08000a02   0x00000056   Code   RO         7566    .text               mc_w.l(__dczerorl2.o)
    0x08000a58   0x08000a58   0x000000bc   Code   RO          291    i.AutoMode          freertos.o
    0x08000b14   0x08000b14   0x00000004   Code   RO          543    i.BusFault_Handler  stm32f4xx_it.o
    0x08000b18   0x08000b18   0x00000010   Code   RO          544    i.CAN2_RX0_IRQHandler  stm32f4xx_it.o
    0x08000b28   0x08000b28   0x00000044   Code   RO         6171    i.CDC_Control_FS    usbd_cdc_if.o
    0x08000b6c   0x08000b6c   0x00000014   Code   RO         6172    i.CDC_DeInit_FS     usbd_cdc_if.o
    0x08000b80   0x08000b80   0x00000024   Code   RO         6173    i.CDC_Init_FS       usbd_cdc_if.o
    0x08000ba4   0x08000ba4   0x00000088   Code   RO         6174    i.CDC_Receive_FS    usbd_cdc_if.o
    0x08000c2c   0x08000c2c   0x0000000c   Code   RO         6175    i.CDC_TransmitCplt_FS  usbd_cdc_if.o
    0x08000c38   0x08000c38   0x000000f0   Code   RO         5871    i.CopeWitData       wit_c_sdk.o
    0x08000d28   0x08000d28   0x00000010   Code   RO          545    i.DMA1_Stream5_IRQHandler  stm32f4xx_it.o
    0x08000d38   0x08000d38   0x00000010   Code   RO          546    i.DMA1_Stream6_IRQHandler  stm32f4xx_it.o
    0x08000d48   0x08000d48   0x00000010   Code   RO          547    i.DMA1_Stream7_IRQHandler  stm32f4xx_it.o
    0x08000d58   0x08000d58   0x00000010   Code   RO          548    i.DMA2_Stream2_IRQHandler  stm32f4xx_it.o
    0x08000d68   0x08000d68   0x00000034   Code   RO         2859    i.DMA_CalcBaseAndBitshift  stm32f4xx_hal_dma.o
    0x08000d9c   0x08000d9c   0x000000aa   Code   RO         2860    i.DMA_CheckFifoParam  stm32f4xx_hal_dma.o
    0x08000e46   0x08000e46   0x00000002   PAD
    0x08000e48   0x08000e48   0x00000054   Code   RO         4311    i.Damping_mode      postrue_control.o
    0x08000e9c   0x08000e9c   0x00000002   Code   RO          549    i.DebugMon_Handler  stm32f4xx_it.o
    0x08000e9e   0x08000e9e   0x00000002   PAD
    0x08000ea0   0x08000ea0   0x000000c4   Code   RO         4312    i.Dog_ParaInit      postrue_control.o
    0x08000f64   0x08000f64   0x00000006   Code   RO           13    i.Error_Handler     main.o
    0x08000f6a   0x08000f6a   0x00000002   PAD
    0x08000f6c   0x08000f6c   0x0000005c   Code   RO         4229    i.GO_init           go_ctrl.o
    0x08000fc8   0x08000fc8   0x00000042   Code   RO         4230    i.GO_mix_ctrl       go_ctrl.o
    0x0800100a   0x0800100a   0x00000002   PAD
    0x0800100c   0x0800100c   0x00000034   Code   RO         6088    i.Get_SerialNum     usbd_desc.o
    0x08001040   0x08001040   0x0000002a   Code   RO         3586    i.HAL_CAN_ActivateNotification  stm32f4xx_hal_can.o
    0x0800106a   0x0800106a   0x0000014a   Code   RO         3587    i.HAL_CAN_AddTxMessage  stm32f4xx_hal_can.o
    0x080011b4   0x080011b4   0x00000120   Code   RO         3588    i.HAL_CAN_ConfigFilter  stm32f4xx_hal_can.o
    0x080012d4   0x080012d4   0x00000002   Code   RO         3591    i.HAL_CAN_ErrorCallback  stm32f4xx_hal_can.o
    0x080012d6   0x080012d6   0x00000194   Code   RO         3594    i.HAL_CAN_GetRxMessage  stm32f4xx_hal_can.o
    0x0800146a   0x0800146a   0x0000024e   Code   RO         3598    i.HAL_CAN_IRQHandler  stm32f4xx_hal_can.o
    0x080016b8   0x080016b8   0x00000174   Code   RO         3599    i.HAL_CAN_Init      stm32f4xx_hal_can.o
    0x0800182c   0x0800182c   0x00000154   Code   RO          405    i.HAL_CAN_MspInit   can.o
    0x08001980   0x08001980   0x00000002   Code   RO         3606    i.HAL_CAN_RxFifo0FullCallback  stm32f4xx_hal_can.o
    0x08001982   0x08001982   0x00000002   PAD
    0x08001984   0x08001984   0x00000030   Code   RO         5872    i.HAL_CAN_RxFifo0MsgPendingCallback  wit_c_sdk.o
    0x080019b4   0x080019b4   0x00000002   Code   RO         3608    i.HAL_CAN_RxFifo1FullCallback  stm32f4xx_hal_can.o
    0x080019b6   0x080019b6   0x00000002   Code   RO         3609    i.HAL_CAN_RxFifo1MsgPendingCallback  stm32f4xx_hal_can.o
    0x080019b8   0x080019b8   0x00000002   Code   RO         3610    i.HAL_CAN_SleepCallback  stm32f4xx_hal_can.o
    0x080019ba   0x080019ba   0x0000005e   Code   RO         3611    i.HAL_CAN_Start     stm32f4xx_hal_can.o
    0x08001a18   0x08001a18   0x00000002   Code   RO         3613    i.HAL_CAN_TxMailbox0AbortCallback  stm32f4xx_hal_can.o
    0x08001a1a   0x08001a1a   0x00000002   Code   RO         3614    i.HAL_CAN_TxMailbox0CompleteCallback  stm32f4xx_hal_can.o
    0x08001a1c   0x08001a1c   0x00000002   Code   RO         3615    i.HAL_CAN_TxMailbox1AbortCallback  stm32f4xx_hal_can.o
    0x08001a1e   0x08001a1e   0x00000002   Code   RO         3616    i.HAL_CAN_TxMailbox1CompleteCallback  stm32f4xx_hal_can.o
    0x08001a20   0x08001a20   0x00000002   Code   RO         3617    i.HAL_CAN_TxMailbox2AbortCallback  stm32f4xx_hal_can.o
    0x08001a22   0x08001a22   0x00000002   Code   RO         3618    i.HAL_CAN_TxMailbox2CompleteCallback  stm32f4xx_hal_can.o
    0x08001a24   0x08001a24   0x00000002   Code   RO         3620    i.HAL_CAN_WakeUpFromRxMsgCallback  stm32f4xx_hal_can.o
    0x08001a26   0x08001a26   0x000000ac   Code   RO         2862    i.HAL_DMA_Abort     stm32f4xx_hal_dma.o
    0x08001ad2   0x08001ad2   0x00000028   Code   RO         2863    i.HAL_DMA_Abort_IT  stm32f4xx_hal_dma.o
    0x08001afa   0x08001afa   0x00000002   PAD
    0x08001afc   0x08001afc   0x00000240   Code   RO         2867    i.HAL_DMA_IRQHandler  stm32f4xx_hal_dma.o
    0x08001d3c   0x08001d3c   0x000000ec   Code   RO         2868    i.HAL_DMA_Init      stm32f4xx_hal_dma.o
    0x08001e28   0x08001e28   0x00000028   Code   RO         3322    i.HAL_Delay         stm32f4xx_hal.o
    0x08001e50   0x08001e50   0x00000210   Code   RO         2755    i.HAL_GPIO_Init     stm32f4xx_hal_gpio.o
    0x08002060   0x08002060   0x0000000c   Code   RO         2759    i.HAL_GPIO_WritePin  stm32f4xx_hal_gpio.o
    0x0800206c   0x0800206c   0x0000000c   Code   RO         3330    i.HAL_GetTick       stm32f4xx_hal.o
    0x08002078   0x08002078   0x00000018   Code   RO         3336    i.HAL_IncTick       stm32f4xx_hal.o
    0x08002090   0x08002090   0x0000003c   Code   RO         3337    i.HAL_Init          stm32f4xx_hal.o
    0x080020cc   0x080020cc   0x000000b4   Code   RO          679    i.HAL_InitTick      stm32f4xx_hal_timebase_tim.o
    0x08002180   0x08002180   0x00000054   Code   RO          655    i.HAL_MspInit       stm32f4xx_hal_msp.o
    0x080021d4   0x080021d4   0x00000028   Code   RO         3165    i.HAL_NVIC_EnableIRQ  stm32f4xx_hal_cortex.o
    0x080021fc   0x080021fc   0x0000007c   Code   RO         3171    i.HAL_NVIC_SetPriority  stm32f4xx_hal_cortex.o
    0x08002278   0x08002278   0x00000028   Code   RO         3172    i.HAL_NVIC_SetPriorityGrouping  stm32f4xx_hal_cortex.o
    0x080022a0   0x080022a0   0x00000002   Code   RO         1946    i.HAL_PCDEx_LPM_Callback  stm32f4xx_hal_pcd_ex.o
    0x080022a2   0x080022a2   0x0000000a   Code   RO         1947    i.HAL_PCDEx_SetRxFiFo  stm32f4xx_hal_pcd_ex.o
    0x080022ac   0x080022ac   0x0000004e   Code   RO         1948    i.HAL_PCDEx_SetTxFiFo  stm32f4xx_hal_pcd_ex.o
    0x080022fa   0x080022fa   0x0000000e   Code   RO         6246    i.HAL_PCD_ConnectCallback  usbd_conf.o
    0x08002308   0x08002308   0x00000020   Code   RO         6247    i.HAL_PCD_DataInStageCallback  usbd_conf.o
    0x08002328   0x08002328   0x00000020   Code   RO         6248    i.HAL_PCD_DataOutStageCallback  usbd_conf.o
    0x08002348   0x08002348   0x0000000e   Code   RO         6249    i.HAL_PCD_DisconnectCallback  usbd_conf.o
    0x08002356   0x08002356   0x00000042   Code   RO         1711    i.HAL_PCD_EP_Abort  stm32f4xx_hal_pcd.o
    0x08002398   0x08002398   0x0000006a   Code   RO         1712    i.HAL_PCD_EP_Close  stm32f4xx_hal_pcd.o
    0x08002402   0x08002402   0x0000007c   Code   RO         1713    i.HAL_PCD_EP_ClrStall  stm32f4xx_hal_pcd.o
    0x0800247e   0x0800247e   0x00000016   Code   RO         1715    i.HAL_PCD_EP_GetRxCount  stm32f4xx_hal_pcd.o
    0x08002494   0x08002494   0x0000008e   Code   RO         1716    i.HAL_PCD_EP_Open   stm32f4xx_hal_pcd.o
    0x08002522   0x08002522   0x00000046   Code   RO         1717    i.HAL_PCD_EP_Receive  stm32f4xx_hal_pcd.o
    0x08002568   0x08002568   0x0000008a   Code   RO         1718    i.HAL_PCD_EP_SetStall  stm32f4xx_hal_pcd.o
    0x080025f2   0x080025f2   0x00000048   Code   RO         1719    i.HAL_PCD_EP_Transmit  stm32f4xx_hal_pcd.o
    0x0800263a   0x0800263a   0x000006ca   Code   RO         1721    i.HAL_PCD_IRQHandler  stm32f4xx_hal_pcd.o
    0x08002d04   0x08002d04   0x00000012   Code   RO         6250    i.HAL_PCD_ISOINIncompleteCallback  usbd_conf.o
    0x08002d16   0x08002d16   0x00000012   Code   RO         6251    i.HAL_PCD_ISOOUTIncompleteCallback  usbd_conf.o
    0x08002d28   0x08002d28   0x0000015e   Code   RO         1724    i.HAL_PCD_Init      stm32f4xx_hal_pcd.o
    0x08002e86   0x08002e86   0x00000002   PAD
    0x08002e88   0x08002e88   0x000000a8   Code   RO         6253    i.HAL_PCD_MspInit   usbd_conf.o
    0x08002f30   0x08002f30   0x00000030   Code   RO         6254    i.HAL_PCD_ResetCallback  usbd_conf.o
    0x08002f60   0x08002f60   0x0000000e   Code   RO         6255    i.HAL_PCD_ResumeCallback  usbd_conf.o
    0x08002f6e   0x08002f6e   0x0000000e   Code   RO         6256    i.HAL_PCD_SOFCallback  usbd_conf.o
    0x08002f7c   0x08002f7c   0x00000034   Code   RO         1730    i.HAL_PCD_SetAddress  stm32f4xx_hal_pcd.o
    0x08002fb0   0x08002fb0   0x00000012   Code   RO         6257    i.HAL_PCD_SetupStageCallback  usbd_conf.o
    0x08002fc2   0x08002fc2   0x0000004c   Code   RO         1733    i.HAL_PCD_Start     stm32f4xx_hal_pcd.o
    0x0800300e   0x0800300e   0x00000002   PAD
    0x08003010   0x08003010   0x00000034   Code   RO         6258    i.HAL_PCD_SuspendCallback  usbd_conf.o
    0x08003044   0x08003044   0x00000184   Code   RO         2299    i.HAL_RCC_ClockConfig  stm32f4xx_hal_rcc.o
    0x080031c8   0x080031c8   0x00000044   Code   RO         2303    i.HAL_RCC_GetClockConfig  stm32f4xx_hal_rcc.o
    0x0800320c   0x0800320c   0x0000000c   Code   RO         2304    i.HAL_RCC_GetHCLKFreq  stm32f4xx_hal_rcc.o
    0x08003218   0x08003218   0x00000020   Code   RO         2306    i.HAL_RCC_GetPCLK1Freq  stm32f4xx_hal_rcc.o
    0x08003238   0x08003238   0x00000020   Code   RO         2307    i.HAL_RCC_GetPCLK2Freq  stm32f4xx_hal_rcc.o
    0x08003258   0x08003258   0x000000b0   Code   RO         2308    i.HAL_RCC_GetSysClockFreq  stm32f4xx_hal_rcc.o
    0x08003308   0x08003308   0x0000049c   Code   RO         2311    i.HAL_RCC_OscConfig  stm32f4xx_hal_rcc.o
    0x080037a4   0x080037a4   0x00000002   Code   RO         1435    i.HAL_TIMEx_BreakCallback  stm32f4xx_hal_tim_ex.o
    0x080037a6   0x080037a6   0x00000002   Code   RO         1436    i.HAL_TIMEx_CommutCallback  stm32f4xx_hal_tim_ex.o
    0x080037a8   0x080037a8   0x00000066   Code   RO          720    i.HAL_TIM_Base_Init  stm32f4xx_hal_tim.o
    0x0800380e   0x0800380e   0x00000002   Code   RO          722    i.HAL_TIM_Base_MspInit  stm32f4xx_hal_tim.o
    0x08003810   0x08003810   0x000000a8   Code   RO          725    i.HAL_TIM_Base_Start_IT  stm32f4xx_hal_tim.o
    0x080038b8   0x080038b8   0x00000002   Code   RO          754    i.HAL_TIM_IC_CaptureCallback  stm32f4xx_hal_tim.o
    0x080038ba   0x080038ba   0x0000016c   Code   RO          768    i.HAL_TIM_IRQHandler  stm32f4xx_hal_tim.o
    0x08003a26   0x08003a26   0x00000002   Code   RO          771    i.HAL_TIM_OC_DelayElapsedCallback  stm32f4xx_hal_tim.o
    0x08003a28   0x08003a28   0x00000002   Code   RO          798    i.HAL_TIM_PWM_PulseFinishedCallback  stm32f4xx_hal_tim.o
    0x08003a2a   0x08003a2a   0x00000002   PAD
    0x08003a2c   0x08003a2c   0x00000018   Code   RO           14    i.HAL_TIM_PeriodElapsedCallback  main.o
    0x08003a44   0x08003a44   0x00000002   Code   RO          811    i.HAL_TIM_TriggerCallback  stm32f4xx_hal_tim.o
    0x08003a46   0x08003a46   0x00000128   Code   RO         3828    i.HAL_UARTEx_ReceiveToIdle  stm32f4xx_hal_uart.o
    0x08003b6e   0x08003b6e   0x00000002   Code   RO         3831    i.HAL_UARTEx_RxEventCallback  stm32f4xx_hal_uart.o
    0x08003b70   0x08003b70   0x00000002   Code   RO         3845    i.HAL_UART_ErrorCallback  stm32f4xx_hal_uart.o
    0x08003b72   0x08003b72   0x00000002   PAD
    0x08003b74   0x08003b74   0x00000308   Code   RO         3848    i.HAL_UART_IRQHandler  stm32f4xx_hal_uart.o
    0x08003e7c   0x08003e7c   0x00000076   Code   RO         3849    i.HAL_UART_Init     stm32f4xx_hal_uart.o
    0x08003ef2   0x08003ef2   0x00000002   PAD
    0x08003ef4   0x08003ef4   0x00000350   Code   RO          478    i.HAL_UART_MspInit  usart.o
    0x08004244   0x08004244   0x0000002c   Code   RO         3854    i.HAL_UART_Receive_IT  stm32f4xx_hal_uart.o
    0x08004270   0x08004270   0x00000028   Code   RO          292    i.HAL_UART_RxCpltCallback  freertos.o
    0x08004298   0x08004298   0x000000be   Code   RO         3857    i.HAL_UART_Transmit  stm32f4xx_hal_uart.o
    0x08004356   0x08004356   0x00000002   Code   RO         3860    i.HAL_UART_TxCpltCallback  stm32f4xx_hal_uart.o
    0x08004358   0x08004358   0x00000004   Code   RO          550    i.HardFault_Handler  stm32f4xx_it.o
    0x0800435c   0x0800435c   0x000001ac   Code   RO         4313    i.InJump            postrue_control.o
    0x08004508   0x08004508   0x0000003e   Code   RO         6089    i.IntToUnicode      usbd_desc.o
    0x08004546   0x08004546   0x00000002   PAD
    0x08004548   0x08004548   0x00000220   Code   RO         4314    i.JumpForward       postrue_control.o
    0x08004768   0x08004768   0x000001a8   Code   RO         4315    i.LowWalkForward    postrue_control.o
    0x08004910   0x08004910   0x00000044   Code   RO          406    i.MX_CAN1_Init      can.o
    0x08004954   0x08004954   0x00000044   Code   RO          407    i.MX_CAN2_Init      can.o
    0x08004998   0x08004998   0x00000088   Code   RO          453    i.MX_DMA_Init       dma.o
    0x08004a20   0x08004a20   0x0000006c   Code   RO          293    i.MX_FREERTOS_Init  freertos.o
    0x08004a8c   0x08004a8c   0x000000d4   Code   RO          267    i.MX_GPIO_Init      gpio.o
    0x08004b60   0x08004b60   0x00000038   Code   RO          479    i.MX_UART5_Init     usart.o
    0x08004b98   0x08004b98   0x00000038   Code   RO          480    i.MX_USART1_UART_Init  usart.o
    0x08004bd0   0x08004bd0   0x00000038   Code   RO          481    i.MX_USART2_UART_Init  usart.o
    0x08004c08   0x08004c08   0x00000038   Code   RO          482    i.MX_USART6_UART_Init  usart.o
    0x08004c40   0x08004c40   0x0000004c   Code   RO         6057    i.MX_USB_DEVICE_Init  usb_device.o
    0x08004c8c   0x08004c8c   0x00000004   Code   RO          551    i.MemManage_Handler  stm32f4xx_it.o
    0x08004c90   0x08004c90   0x0000002c   Code   RO         4509    i.MyCanWrite        hwt605.o
    0x08004cbc   0x08004cbc   0x00000004   Code   RO          552    i.NMI_Handler       stm32f4xx_it.o
    0x08004cc0   0x08004cc0   0x00000010   Code   RO          553    i.OTG_FS_IRQHandler  stm32f4xx_it.o
    0x08004cd0   0x08004cd0   0x000000f4   Code   RO         4510    i.OnRegUpdate       hwt605.o
    0x08004dc4   0x08004dc4   0x00000064   Code   RO         1737    i.PCD_EP_OutSetupPacket_int  stm32f4xx_hal_pcd.o
    0x08004e28   0x08004e28   0x00000144   Code   RO         1738    i.PCD_EP_OutXfrComplete_int  stm32f4xx_hal_pcd.o
    0x08004f6c   0x08004f6c   0x000000b6   Code   RO         1739    i.PCD_WriteEmptyTxFifo  stm32f4xx_hal_pcd.o
    0x08005022   0x08005022   0x00000002   PAD
    0x08005024   0x08005024   0x0000047c   Code   RO         4316    i.Pose_Inverse_Kinematics  postrue_control.o
    0x080054a0   0x080054a0   0x00000090   Code   RO         4478    i.SBUS_Reveive      bsp_sbus.o
    0x08005530   0x08005530   0x00000098   Code   RO         4259    i.SERVO_Send_recv   go-m8010-6.o
    0x080055c8   0x080055c8   0x00000012   Code   RO         6615    i.SWAPBYTE          usbd_ctlreq.o
    0x080055da   0x080055da   0x00000012   Code   RO          295    i.StartDefaultTask  freertos.o
    0x080055ec   0x080055ec   0x00000034   Code   RO         5791    i.SysTick_Handler   port.o
    0x08005620   0x08005620   0x000000b4   Code   RO           15    i.SystemClock_Config  main.o
    0x080056d4   0x080056d4   0x00000014   Code   RO         4193    i.SystemInit        system_stm32f4xx.o
    0x080056e8   0x080056e8   0x00000010   Code   RO          554    i.TIM8_TRG_COM_TIM14_IRQHandler  stm32f4xx_it.o
    0x080056f8   0x080056f8   0x000000e0   Code   RO          813    i.TIM_Base_SetConfig  stm32f4xx_hal_tim.o
    0x080057d8   0x080057d8   0x0000033c   Code   RO         4317    i.Turn              postrue_control.o
    0x08005b14   0x08005b14   0x00000012   Code   RO         3862    i.UART_DMAAbortOnError  stm32f4xx_hal_uart.o
    0x08005b26   0x08005b26   0x0000006c   Code   RO         3872    i.UART_EndRxTransfer  stm32f4xx_hal_uart.o
    0x08005b92   0x08005b92   0x00000020   Code   RO         3873    i.UART_EndTransmit_IT  stm32f4xx_hal_uart.o
    0x08005bb2   0x08005bb2   0x000000fc   Code   RO         3875    i.UART_Receive_IT   stm32f4xx_hal_uart.o
    0x08005cae   0x08005cae   0x00000002   PAD
    0x08005cb0   0x08005cb0   0x0000022c   Code   RO         3876    i.UART_SetConfig    stm32f4xx_hal_uart.o
    0x08005edc   0x08005edc   0x00000040   Code   RO         3878    i.UART_Start_Receive_IT  stm32f4xx_hal_uart.o
    0x08005f1c   0x08005f1c   0x00000060   Code   RO         3879    i.UART_Transmit_IT  stm32f4xx_hal_uart.o
    0x08005f7c   0x08005f7c   0x0000008c   Code   RO         3880    i.UART_WaitOnFlagUntilTimeout  stm32f4xx_hal_uart.o
    0x08006008   0x08006008   0x00000010   Code   RO          555    i.USART1_IRQHandler  stm32f4xx_it.o
    0x08006018   0x08006018   0x00000010   Code   RO          556    i.USART2_IRQHandler  stm32f4xx_it.o
    0x08006028   0x08006028   0x000000be   Code   RO         6778    i.USBD_CDC_DataIn   usbd_cdc.o
    0x080060e6   0x080060e6   0x00000048   Code   RO         6779    i.USBD_CDC_DataOut  usbd_cdc.o
    0x0800612e   0x0800612e   0x00000002   PAD
    0x08006130   0x08006130   0x000000d4   Code   RO         6780    i.USBD_CDC_DeInit   usbd_cdc.o
    0x08006204   0x08006204   0x00000050   Code   RO         6781    i.USBD_CDC_EP0_RxReady  usbd_cdc.o
    0x08006254   0x08006254   0x00000010   Code   RO         6782    i.USBD_CDC_GetDeviceQualifierDescriptor  usbd_cdc.o
    0x08006264   0x08006264   0x00000044   Code   RO         6783    i.USBD_CDC_GetFSCfgDesc  usbd_cdc.o
    0x080062a8   0x080062a8   0x00000048   Code   RO         6784    i.USBD_CDC_GetHSCfgDesc  usbd_cdc.o
    0x080062f0   0x080062f0   0x00000044   Code   RO         6785    i.USBD_CDC_GetOtherSpeedCfgDesc  usbd_cdc.o
    0x08006334   0x08006334   0x000001a0   Code   RO         6786    i.USBD_CDC_Init     usbd_cdc.o
    0x080064d4   0x080064d4   0x00000050   Code   RO         6787    i.USBD_CDC_ReceivePacket  usbd_cdc.o
    0x08006524   0x08006524   0x00000018   Code   RO         6788    i.USBD_CDC_RegisterInterface  usbd_cdc.o
    0x0800653c   0x0800653c   0x0000001e   Code   RO         6789    i.USBD_CDC_SetRxBuffer  usbd_cdc.o
    0x0800655a   0x0800655a   0x00000024   Code   RO         6790    i.USBD_CDC_SetTxBuffer  usbd_cdc.o
    0x0800657e   0x0800657e   0x00000140   Code   RO         6791    i.USBD_CDC_Setup    usbd_cdc.o
    0x080066be   0x080066be   0x0000001c   Code   RO         6453    i.USBD_ClrClassConfig  usbd_core.o
    0x080066da   0x080066da   0x0000003e   Code   RO         6616    i.USBD_ClrFeature   usbd_ctlreq.o
    0x08006718   0x08006718   0x00000006   Code   RO         6454    i.USBD_CoreFindEP   usbd_core.o
    0x0800671e   0x0800671e   0x00000006   Code   RO         6455    i.USBD_CoreFindIF   usbd_core.o
    0x08006724   0x08006724   0x00000018   Code   RO         6718    i.USBD_CtlContinueRx  usbd_ioreq.o
    0x0800673c   0x0800673c   0x00000018   Code   RO         6719    i.USBD_CtlContinueSendData  usbd_ioreq.o
    0x08006754   0x08006754   0x00000018   Code   RO         6617    i.USBD_CtlError     usbd_ctlreq.o
    0x0800676c   0x0800676c   0x0000002e   Code   RO         6720    i.USBD_CtlPrepareRx  usbd_ioreq.o
    0x0800679a   0x0800679a   0x0000001a   Code   RO         6721    i.USBD_CtlReceiveStatus  usbd_ioreq.o
    0x080067b4   0x080067b4   0x00000024   Code   RO         6722    i.USBD_CtlSendData  usbd_ioreq.o
    0x080067d8   0x080067d8   0x0000001a   Code   RO         6723    i.USBD_CtlSendStatus  usbd_ioreq.o
    0x080067f2   0x080067f2   0x00000002   PAD
    0x080067f4   0x080067f4   0x00000034   Code   RO         6090    i.USBD_FS_ConfigStrDescriptor  usbd_desc.o
    0x08006828   0x08006828   0x00000010   Code   RO         6091    i.USBD_FS_DeviceDescriptor  usbd_desc.o
    0x08006838   0x08006838   0x00000038   Code   RO         6092    i.USBD_FS_InterfaceStrDescriptor  usbd_desc.o
    0x08006870   0x08006870   0x00000010   Code   RO         6093    i.USBD_FS_LangIDStrDescriptor  usbd_desc.o
    0x08006880   0x08006880   0x0000002c   Code   RO         6094    i.USBD_FS_ManufacturerStrDescriptor  usbd_desc.o
    0x080068ac   0x080068ac   0x00000040   Code   RO         6095    i.USBD_FS_ProductStrDescriptor  usbd_desc.o
    0x080068ec   0x080068ec   0x00000018   Code   RO         6096    i.USBD_FS_SerialStrDescriptor  usbd_desc.o
    0x08006904   0x08006904   0x00000056   Code   RO         6618    i.USBD_GetConfig    usbd_ctlreq.o
    0x0800695a   0x0800695a   0x000001fc   Code   RO         6619    i.USBD_GetDescriptor  usbd_ctlreq.o
    0x08006b56   0x08006b56   0x00000050   Code   RO         6457    i.USBD_GetEpDesc    usbd_core.o
    0x08006ba6   0x08006ba6   0x00000016   Code   RO         6620    i.USBD_GetLen       usbd_ctlreq.o
    0x08006bbc   0x08006bbc   0x00000014   Code   RO         6458    i.USBD_GetNextDesc  usbd_core.o
    0x08006bd0   0x08006bd0   0x0000005a   Code   RO         6621    i.USBD_GetStatus    usbd_ctlreq.o
    0x08006c2a   0x08006c2a   0x00000068   Code   RO         6622    i.USBD_GetString    usbd_ctlreq.o
    0x08006c92   0x08006c92   0x0000002c   Code   RO         6259    i.USBD_Get_USB_Status  usbd_conf.o
    0x08006cbe   0x08006cbe   0x0000003a   Code   RO         6459    i.USBD_Init         usbd_core.o
    0x08006cf8   0x08006cf8   0x00000026   Code   RO         6260    i.USBD_LL_ClearStallEP  usbd_conf.o
    0x08006d1e   0x08006d1e   0x00000026   Code   RO         6261    i.USBD_LL_CloseEP   usbd_conf.o
    0x08006d44   0x08006d44   0x00000110   Code   RO         6460    i.USBD_LL_DataInStage  usbd_core.o
    0x08006e54   0x08006e54   0x0000010a   Code   RO         6461    i.USBD_LL_DataOutStage  usbd_core.o
    0x08006f5e   0x08006f5e   0x00000006   Code   RO         6462    i.USBD_LL_DevConnected  usbd_core.o
    0x08006f64   0x08006f64   0x00000026   Code   RO         6463    i.USBD_LL_DevDisconnected  usbd_core.o
    0x08006f8a   0x08006f8a   0x00000012   Code   RO         6265    i.USBD_LL_GetRxDataSize  usbd_conf.o
    0x08006f9c   0x08006f9c   0x00000068   Code   RO         6266    i.USBD_LL_Init      usbd_conf.o
    0x08007004   0x08007004   0x00000038   Code   RO         6267    i.USBD_LL_IsStallEP  usbd_conf.o
    0x0800703c   0x0800703c   0x00000048   Code   RO         6464    i.USBD_LL_IsoINIncomplete  usbd_core.o
    0x08007084   0x08007084   0x00000048   Code   RO         6465    i.USBD_LL_IsoOUTIncomplete  usbd_core.o
    0x080070cc   0x080070cc   0x00000030   Code   RO         6268    i.USBD_LL_OpenEP    usbd_conf.o
    0x080070fc   0x080070fc   0x00000030   Code   RO         6269    i.USBD_LL_PrepareReceive  usbd_conf.o
    0x0800712c   0x0800712c   0x0000006e   Code   RO         6466    i.USBD_LL_Reset     usbd_core.o
    0x0800719a   0x0800719a   0x00000016   Code   RO         6467    i.USBD_LL_Resume    usbd_core.o
    0x080071b0   0x080071b0   0x00000028   Code   RO         6468    i.USBD_LL_SOF       usbd_core.o
    0x080071d8   0x080071d8   0x00000008   Code   RO         6469    i.USBD_LL_SetSpeed  usbd_core.o
    0x080071e0   0x080071e0   0x00000026   Code   RO         6270    i.USBD_LL_SetUSBAddress  usbd_conf.o
    0x08007206   0x08007206   0x00000076   Code   RO         6470    i.USBD_LL_SetupStage  usbd_core.o
    0x0800727c   0x0800727c   0x00000026   Code   RO         6271    i.USBD_LL_StallEP   usbd_conf.o
    0x080072a2   0x080072a2   0x0000001e   Code   RO         6272    i.USBD_LL_Start     usbd_conf.o
    0x080072c0   0x080072c0   0x0000001c   Code   RO         6471    i.USBD_LL_Suspend   usbd_core.o
    0x080072dc   0x080072dc   0x00000030   Code   RO         6274    i.USBD_LL_Transmit  usbd_conf.o
    0x0800730c   0x0800730c   0x00000036   Code   RO         6623    i.USBD_ParseSetupRequest  usbd_ctlreq.o
    0x08007342   0x08007342   0x00000048   Code   RO         6472    i.USBD_RegisterClass  usbd_core.o
    0x0800738a   0x0800738a   0x00000006   Code   RO         6473    i.USBD_RunTestMode  usbd_core.o
    0x08007390   0x08007390   0x0000005a   Code   RO         6624    i.USBD_SetAddress   usbd_ctlreq.o
    0x080073ea   0x080073ea   0x00000020   Code   RO         6474    i.USBD_SetClassConfig  usbd_core.o
    0x0800740a   0x0800740a   0x00000002   PAD
    0x0800740c   0x0800740c   0x00000104   Code   RO         6625    i.USBD_SetConfig    usbd_ctlreq.o
    0x08007510   0x08007510   0x00000038   Code   RO         6626    i.USBD_SetFeature   usbd_ctlreq.o
    0x08007548   0x08007548   0x0000000c   Code   RO         6475    i.USBD_Start        usbd_core.o
    0x08007554   0x08007554   0x000000ae   Code   RO         6627    i.USBD_StdDevReq    usbd_ctlreq.o
    0x08007602   0x08007602   0x00000284   Code   RO         6628    i.USBD_StdEPReq     usbd_ctlreq.o
    0x08007886   0x08007886   0x000000ae   Code   RO         6629    i.USBD_StdItfReq    usbd_ctlreq.o
    0x08007934   0x08007934   0x00000002   Code   RO         6275    i.USBD_static_free  usbd_conf.o
    0x08007936   0x08007936   0x00000002   PAD
    0x08007938   0x08007938   0x0000000c   Code   RO         6276    i.USBD_static_malloc  usbd_conf.o
    0x08007944   0x08007944   0x000000d0   Code   RO         1988    i.USB_ActivateEndpoint  stm32f4xx_ll_usb.o
    0x08007a14   0x08007a14   0x00000028   Code   RO         1990    i.USB_ActivateSetup  stm32f4xx_ll_usb.o
    0x08007a3c   0x08007a3c   0x0000008c   Code   RO         1992    i.USB_CoreInit      stm32f4xx_ll_usb.o
    0x08007ac8   0x08007ac8   0x00000062   Code   RO         1993    i.USB_CoreReset     stm32f4xx_ll_usb.o
    0x08007b2a   0x08007b2a   0x00000002   PAD
    0x08007b2c   0x08007b2c   0x0000014c   Code   RO         1996    i.USB_DeactivateEndpoint  stm32f4xx_ll_usb.o
    0x08007c78   0x08007c78   0x00000024   Code   RO         1997    i.USB_DevConnect    stm32f4xx_ll_usb.o
    0x08007c9c   0x08007c9c   0x00000024   Code   RO         1998    i.USB_DevDisconnect  stm32f4xx_ll_usb.o
    0x08007cc0   0x08007cc0   0x000001e8   Code   RO         1999    i.USB_DevInit       stm32f4xx_ll_usb.o
    0x08007ea8   0x08007ea8   0x0000000e   Code   RO         2000    i.USB_DisableGlobalInt  stm32f4xx_ll_usb.o
    0x08007eb6   0x08007eb6   0x00000002   PAD
    0x08007eb8   0x08007eb8   0x00000070   Code   RO         2003    i.USB_EP0_OutStart  stm32f4xx_ll_usb.o
    0x08007f28   0x08007f28   0x0000008e   Code   RO         2004    i.USB_EPClearStall  stm32f4xx_ll_usb.o
    0x08007fb6   0x08007fb6   0x0000009a   Code   RO         2005    i.USB_EPSetStall    stm32f4xx_ll_usb.o
    0x08008050   0x08008050   0x000003c0   Code   RO         2006    i.USB_EPStartXfer   stm32f4xx_ll_usb.o
    0x08008410   0x08008410   0x000000ec   Code   RO         2007    i.USB_EPStopXfer    stm32f4xx_ll_usb.o
    0x080084fc   0x080084fc   0x0000000e   Code   RO         2008    i.USB_EnableGlobalInt  stm32f4xx_ll_usb.o
    0x0800850a   0x0800850a   0x00000050   Code   RO         2009    i.USB_FlushRxFifo   stm32f4xx_ll_usb.o
    0x0800855a   0x0800855a   0x00000054   Code   RO         2010    i.USB_FlushTxFifo   stm32f4xx_ll_usb.o
    0x080085ae   0x080085ae   0x00000026   Code   RO         2012    i.USB_GetDevSpeed   stm32f4xx_ll_usb.o
    0x080085d4   0x080085d4   0x0000000a   Code   RO         2014    i.USB_GetMode       stm32f4xx_ll_usb.o
    0x080085de   0x080085de   0x00000014   Code   RO         2022    i.USB_ReadDevAllInEpInterrupt  stm32f4xx_ll_usb.o
    0x080085f2   0x080085f2   0x00000014   Code   RO         2023    i.USB_ReadDevAllOutEpInterrupt  stm32f4xx_ll_usb.o
    0x08008606   0x08008606   0x00000032   Code   RO         2024    i.USB_ReadDevInEPInterrupt  stm32f4xx_ll_usb.o
    0x08008638   0x08008638   0x0000001a   Code   RO         2025    i.USB_ReadDevOutEPInterrupt  stm32f4xx_ll_usb.o
    0x08008652   0x08008652   0x0000000a   Code   RO         2026    i.USB_ReadInterrupts  stm32f4xx_ll_usb.o
    0x0800865c   0x0800865c   0x00000060   Code   RO         2027    i.USB_ReadPacket    stm32f4xx_ll_usb.o
    0x080086bc   0x080086bc   0x00000068   Code   RO         2029    i.USB_SetCurrentMode  stm32f4xx_ll_usb.o
    0x08008724   0x08008724   0x0000002a   Code   RO         2030    i.USB_SetDevAddress  stm32f4xx_ll_usb.o
    0x0800874e   0x0800874e   0x00000012   Code   RO         2031    i.USB_SetDevSpeed   stm32f4xx_ll_usb.o
    0x08008760   0x08008760   0x000000e8   Code   RO         2032    i.USB_SetTurnaroundTime  stm32f4xx_ll_usb.o
    0x08008848   0x08008848   0x00000044   Code   RO         2035    i.USB_WritePacket   stm32f4xx_ll_usb.o
    0x0800888c   0x0800888c   0x00000004   Code   RO          557    i.UsageFault_Handler  stm32f4xx_it.o
    0x08008890   0x08008890   0x000001a8   Code   RO         4318    i.WalkBack          postrue_control.o
    0x08008a38   0x08008a38   0x00000074   Code   RO         5873    i.WitCanDataIn      wit_c_sdk.o
    0x08008aac   0x08008aac   0x00000018   Code   RO         5874    i.WitCanWriteRegister  wit_c_sdk.o
    0x08008ac4   0x08008ac4   0x0000002c   Code   RO         5878    i.WitInit           wit_c_sdk.o
    0x08008af0   0x08008af0   0x00000018   Code   RO         5880    i.WitRegisterCallBack  wit_c_sdk.o
    0x08008b08   0x08008b08   0x00000020   Code   RO         7416    i.__0printf         mc_w.l(printfa.o)
    0x08008b28   0x08008b28   0x00000030   Code   RO         7492    i.__ARM_fpclassify  m_wm.l(fpclassify.o)
    0x08008b58   0x08008b58   0x00000010   Code   RO         3178    i.__NVIC_GetPriorityGrouping  stm32f4xx_hal_cortex.o
    0x08008b68   0x08008b68   0x00000028   Code   RO         3179    i.__NVIC_SetPriority  stm32f4xx_hal_cortex.o
    0x08008b90   0x08008b90   0x00000358   Code   RO         7118    i.__hardfp_acos     m_wm.l(acos.o)
    0x08008ee8   0x08008ee8   0x000002d8   Code   RO         7458    i.__hardfp_atan     m_wm.l(atan.o)
    0x080091c0   0x080091c0   0x000001f0   Code   RO         7132    i.__hardfp_atan2    m_wm.l(atan2.o)
    0x080093b0   0x080093b0   0x00000c50   Code   RO         7144    i.__hardfp_pow      m_wm.l(pow.o)
    0x0800a000   0x0800a000   0x0000003a   Code   RO         7158    i.__hardfp_sqrtf    m_wm.l(sqrtf.o)
    0x0800a03a   0x0800a03a   0x000000f8   Code   RO         7494    i.__kernel_poly     m_wm.l(poly.o)
    0x0800a132   0x0800a132   0x00000006   PAD
    0x0800a138   0x0800a138   0x00000030   Code   RO         7472    i.__mathlib_dbl_divzero  m_wm.l(dunder.o)
    0x0800a168   0x0800a168   0x00000014   Code   RO         7473    i.__mathlib_dbl_infnan  m_wm.l(dunder.o)
    0x0800a17c   0x0800a17c   0x00000014   Code   RO         7474    i.__mathlib_dbl_infnan2  m_wm.l(dunder.o)
    0x0800a190   0x0800a190   0x00000020   Code   RO         7475    i.__mathlib_dbl_invalid  m_wm.l(dunder.o)
    0x0800a1b0   0x0800a1b0   0x00000020   Code   RO         7476    i.__mathlib_dbl_overflow  m_wm.l(dunder.o)
    0x0800a1d0   0x0800a1d0   0x00000020   Code   RO         7478    i.__mathlib_dbl_underflow  m_wm.l(dunder.o)
    0x0800a1f0   0x0800a1f0   0x0000000e   Code   RO         7560    i.__scatterload_copy  mc_w.l(handlers.o)
    0x0800a1fe   0x0800a1fe   0x00000002   Code   RO         7561    i.__scatterload_null  mc_w.l(handlers.o)
    0x0800a200   0x0800a200   0x0000000e   Code   RO         7562    i.__scatterload_zeroinit  mc_w.l(handlers.o)
    0x0800a20e   0x0800a20e   0x00000002   PAD
    0x0800a210   0x0800a210   0x0000000c   Code   RO         7534    i.__set_errno       mc_w.l(errno.o)
    0x0800a21c   0x0800a21c   0x00000184   Code   RO         7423    i._fp_digits        mc_w.l(printfa.o)
    0x0800a3a0   0x0800a3a0   0x000006dc   Code   RO         7424    i._printf_core      mc_w.l(printfa.o)
    0x0800aa7c   0x0800aa7c   0x00000024   Code   RO         7425    i._printf_post_padding  mc_w.l(printfa.o)
    0x0800aaa0   0x0800aaa0   0x0000002e   Code   RO         7426    i._printf_pre_padding  mc_w.l(printfa.o)
    0x0800aace   0x0800aace   0x00000010   Code   RO         7460    i.atan              m_wm.l(atan.o)
    0x0800aade   0x0800aade   0x00000002   PAD
    0x0800aae0   0x0800aae0   0x00000114   Code   RO         4415    i.bezierCurve       curve.o
    0x0800abf4   0x0800abf4   0x00000070   Code   RO         4416    i.binomial_coefficient  curve.o
    0x0800ac64   0x0800ac64   0x0000001c   Code   RO          296    i.calculateFunc     freertos.o
    0x0800ac80   0x0800ac80   0x00000028   Code   RO         4260    i.crc_ccitt         go-m8010-6.o
    0x0800aca8   0x0800aca8   0x00000018   Code   RO         4261    i.crc_ccitt_byte    go-m8010-6.o
    0x0800acc0   0x0800acc0   0x000000cc   Code   RO         4319    i.dogTaskCtrl       postrue_control.o
    0x0800ad8c   0x0800ad8c   0x000000c0   Code   RO         4262    i.extract_data      go-m8010-6.o
    0x0800ae4c   0x0800ae4c   0x00000018   Code   RO         7488    i.fabs              m_wm.l(fabs.o)
    0x0800ae64   0x0800ae64   0x0000001c   Code   RO          483    i.fputc             usart.o
    0x0800ae80   0x0800ae80   0x00000060   Code   RO         4511    i.hwt605_Init       hwt605.o
    0x0800aee0   0x0800aee0   0x00000020   Code   RO         7052    i.imu_kalman_get_angle_deg  imu_kalman.o
    0x0800af00   0x0800af00   0x00000198   Code   RO         7053    i.imu_kalman_init   imu_kalman.o
    0x0800b098   0x0800b098   0x00000084   Code   RO         7054    i.imu_kalman_predict  imu_kalman.o
    0x0800b11c   0x0800b11c   0x00000064   Code   RO         7055    i.imu_kalman_step_from_hwt  imu_kalman.o
    0x0800b180   0x0800b180   0x000000a6   Code   RO         7056    i.imu_kalman_update  imu_kalman.o
    0x0800b226   0x0800b226   0x00000010   Code   RO         5354    i.inHandlerMode     cmsis_os.o
    0x0800b236   0x0800b236   0x00000002   PAD
    0x0800b238   0x0800b238   0x000000f4   Code   RO         4320    i.leg_Act_Bezier    postrue_control.o
    0x0800b32c   0x0800b32c   0x0000001a   Code   RO         4321    i.leg_Bezier_Free_Init  postrue_control.o
    0x0800b346   0x0800b346   0x00000042   Code   RO           16    i.main              main.o
    0x0800b388   0x0800b388   0x0000000e   Code   RO         5356    i.makeFreeRtosPriority  cmsis_os.o
    0x0800b396   0x0800b396   0x00000078   Code   RO         6978    i.matrix_add        simple_matrix.o
    0x0800b40e   0x0800b40e   0x0000003e   Code   RO         6979    i.matrix_copy       simple_matrix.o
    0x0800b44c   0x0800b44c   0x0000003c   Code   RO         6980    i.matrix_fill       simple_matrix.o
    0x0800b488   0x0800b488   0x00000050   Code   RO         6981    i.matrix_identity   simple_matrix.o
    0x0800b4d8   0x0800b4d8   0x000001e8   Code   RO         7057    i.matrix_inverse_3x3  imu_kalman.o
    0x0800b6c0   0x0800b6c0   0x00000018   Code   RO         6982    i.matrix_is_valid   simple_matrix.o
    0x0800b6d8   0x0800b6d8   0x000000bc   Code   RO         6983    i.matrix_mul        simple_matrix.o
    0x0800b794   0x0800b794   0x00000022   Code   RO         6984    i.matrix_same_shape  simple_matrix.o
    0x0800b7b6   0x0800b7b6   0x00000062   Code   RO         6985    i.matrix_scalar     simple_matrix.o
    0x0800b818   0x0800b818   0x00000078   Code   RO         6986    i.matrix_sub        simple_matrix.o
    0x0800b890   0x0800b890   0x00000022   Code   RO         6988    i.matrix_wrap       simple_matrix.o
    0x0800b8b2   0x0800b8b2   0x00000002   PAD
    0x0800b8b4   0x0800b8b4   0x00000218   Code   RO         4263    i.modify_data       go-m8010-6.o
    0x0800bacc   0x0800bacc   0x00000018   Code   RO         5358    i.osDelay           cmsis_os.o
    0x0800bae4   0x0800bae4   0x0000000a   Code   RO         5361    i.osKernelStart     cmsis_os.o
    0x0800baee   0x0800baee   0x00000014   Code   RO         5362    i.osKernelSysTick   cmsis_os.o
    0x0800bb02   0x0800bb02   0x0000005e   Code   RO         5395    i.osThreadCreate    cmsis_os.o
    0x0800bb60   0x0800bb60   0x00000098   Code   RO         5027    i.prvAddCurrentTaskToDelayedList  tasks.o
    0x0800bbf8   0x0800bbf8   0x000000b4   Code   RO         5028    i.prvAddNewTaskToReadyList  tasks.o
    0x0800bcac   0x0800bcac   0x00000048   Code   RO         5029    i.prvCheckTasksWaitingTermination  tasks.o
    0x0800bcf4   0x0800bcf4   0x00000050   Code   RO         5030    i.prvDeleteTCB      tasks.o
    0x0800bd44   0x0800bd44   0x0000007c   Code   RO         5723    i.prvHeapInit       heap_4.o
    0x0800bdc0   0x0800bdc0   0x00000028   Code   RO         5031    i.prvIdleTask       tasks.o
    0x0800bde8   0x0800bde8   0x000000b4   Code   RO         5032    i.prvInitialiseNewTask  tasks.o
    0x0800be9c   0x0800be9c   0x00000068   Code   RO         5033    i.prvInitialiseTaskLists  tasks.o
    0x0800bf04   0x0800bf04   0x00000068   Code   RO         5724    i.prvInsertBlockIntoFreeList  heap_4.o
    0x0800bf6c   0x0800bf6c   0x00000034   Code   RO         5034    i.prvResetNextTaskUnblockTime  tasks.o
    0x0800bfa0   0x0800bfa0   0x00000040   Code   RO         5792    i.prvTaskExitError  port.o
    0x0800bfe0   0x0800bfe0   0x0000014c   Code   RO         5725    i.pvPortMalloc      heap_4.o
    0x0800c12c   0x0800c12c   0x0000002c   Code   RO         5793    i.pxPortInitialiseStack  port.o
    0x0800c158   0x0800c158   0x00000048   Code   RO         7058    i.set_diag          imu_kalman.o
    0x0800c1a0   0x0800c1a0   0x0000000c   Code   RO         7059    i.set_identity      imu_kalman.o
    0x0800c1ac   0x0800c1ac   0x0000006e   Code   RO         7499    i.sqrt              m_wm.l(sqrt.o)
    0x0800c21a   0x0800c21a   0x00000002   PAD
    0x0800c21c   0x0800c21c   0x0000006c   Code   RO         4323    i.standUP           postrue_control.o
    0x0800c288   0x0800c288   0x00000028   Code   RO         4656    i.uxListRemove      list.o
    0x0800c2b0   0x0800c2b0   0x00000018   Code   RO          297    i.vApplicationGetIdleTaskMemory  freertos.o
    0x0800c2c8   0x0800c2c8   0x0000001a   Code   RO         4657    i.vListInitialise   list.o
    0x0800c2e2   0x0800c2e2   0x00000006   Code   RO         4658    i.vListInitialiseItem  list.o
    0x0800c2e8   0x0800c2e8   0x00000034   Code   RO         4659    i.vListInsert       list.o
    0x0800c31c   0x0800c31c   0x00000018   Code   RO         4660    i.vListInsertEnd    list.o
    0x0800c334   0x0800c334   0x00000054   Code   RO         5795    i.vPortEnterCritical  port.o
    0x0800c388   0x0800c388   0x0000003c   Code   RO         5796    i.vPortExitCritical  port.o
    0x0800c3c4   0x0800c3c4   0x000000a4   Code   RO         5726    i.vPortFree         heap_4.o
    0x0800c468   0x0800c468   0x00000028   Code   RO         5797    i.vPortSetupTimerInterrupt  port.o
    0x0800c490   0x0800c490   0x00000078   Code   RO         5798    i.vPortValidateInterruptPriority  port.o
    0x0800c508   0x0800c508   0x0000005c   Code   RO         5043    i.vTaskDelay        tasks.o
    0x0800c564   0x0800c564   0x000000b0   Code   RO         5056    i.vTaskStartScheduler  tasks.o
    0x0800c614   0x0800c614   0x00000010   Code   RO         5058    i.vTaskSuspendAll   tasks.o
    0x0800c624   0x0800c624   0x0000008c   Code   RO         5059    i.vTaskSwitchContext  tasks.o
    0x0800c6b0   0x0800c6b0   0x000001a8   Code   RO         4324    i.walkForward       postrue_control.o
    0x0800c858   0x0800c858   0x00000168   Code   RO         5799    i.xPortStartScheduler  port.o
    0x0800c9c0   0x0800c9c0   0x00000064   Code   RO         5062    i.xTaskCreate       tasks.o
    0x0800ca24   0x0800ca24   0x000000ba   Code   RO         5063    i.xTaskCreateStatic  tasks.o
    0x0800cade   0x0800cade   0x00000002   PAD
    0x0800cae0   0x0800cae0   0x0000000c   Code   RO         5068    i.xTaskGetTickCount  tasks.o
    0x0800caec   0x0800caec   0x00000014   Code   RO         5069    i.xTaskGetTickCountFromISR  tasks.o
    0x0800cb00   0x0800cb00   0x00000148   Code   RO         5070    i.xTaskIncrementTick  tasks.o
    0x0800cc48   0x0800cc48   0x00000104   Code   RO         5076    i.xTaskResumeAll    tasks.o
    0x0800cd4c   0x0800cd4c   0x00000054   Data   RO          299    .constdata          freertos.o
    0x0800cda0   0x0800cda0   0x00000008   Data   RO         2874    .constdata          stm32f4xx_hal_dma.o
    0x0800cda8   0x0800cda8   0x00000018   Data   RO         4194    .constdata          system_stm32f4xx.o
    0x0800cdc0   0x0800cdc0   0x00000200   Data   RO         4264    .constdata          go-m8010-6.o
    0x0800cfc0   0x0800cfc0   0x00000520   Data   RO         4325    .constdata          postrue_control.o
    0x0800d4e0   0x0800d4e0   0x00000050   Data   RO         7121    .constdata          m_wm.l(acos.o)
    0x0800d530   0x0800d530   0x00000088   Data   RO         7147    .constdata          m_wm.l(pow.o)
    0x0800d5b8   0x0800d5b8   0x00000098   Data   RO         7461    .constdata          m_wm.l(atan.o)
    0x0800d650   0x0800d650   0x00000008   Data   RO         7496    .constdata          m_wm.l(qnan.o)
    0x0800d658   0x0800d658   0x0000002c   Data   RO          300    .conststring        freertos.o
    0x0800d684   0x0800d684   0x00000020   Data   RO         7558    Region$$Table       anon$$obj.o


    Execution Region RW_IRAM2 (Exec base: 0x10000000, Load base: 0x0800d818, Size: 0x00000000, Max: 0x00010000, ABSOLUTE)

    **** No section assigned to this execution region ****


    Execution Region RW_IRAM1 (Exec base: 0x20000000, Load base: 0x0800d6a4, Size: 0x000071f8, Max: 0x00030000, ABSOLUTE, COMPRESSED[0x00000174])

    Exec Addr    Load Addr    Size         Type   Attr      Idx    E Section Name        Object

    0x20000000   COMPRESSED   0x00000018   Data   RW          301    .data               freertos.o
    0x20000018   COMPRESSED   0x00000004   Data   RW          409    .data               can.o
    0x2000001c   COMPRESSED   0x00000009   Data   RW         3344    .data               stm32f4xx_hal.o
    0x20000025   COMPRESSED   0x00000003   PAD
    0x20000028   COMPRESSED   0x00000004   Data   RW         4195    .data               system_stm32f4xx.o
    0x2000002c   COMPRESSED   0x00000a18   Data   RW         4326    .data               postrue_control.o
    0x20000a44   COMPRESSED   0x00000004   Data   RW         4480    .data               bsp_sbus.o
    0x20000a48   COMPRESSED   0x0000003c   Data   RW         5079    .data               tasks.o
    0x20000a84   COMPRESSED   0x00000020   Data   RW         5732    .data               heap_4.o
    0x20000aa4   COMPRESSED   0x0000000c   Data   RW         5800    .data               port.o
    0x20000ab0   COMPRESSED   0x00000030   Data   RW         5897    .data               wit_c_sdk.o
    0x20000ae0   COMPRESSED   0x0000004e   Data   RW         6098    .data               usbd_desc.o
    0x20000b2e   COMPRESSED   0x00000002   PAD
    0x20000b30   COMPRESSED   0x00000018   Data   RW         6181    .data               usbd_cdc_if.o
    0x20000b48   COMPRESSED   0x00000001   Data   RW         6630    .data               usbd_ctlreq.o
    0x20000b49   COMPRESSED   0x00000003   PAD
    0x20000b4c   COMPRESSED   0x0000008a   Data   RW         6793    .data               usbd_cdc.o
    0x20000bd6   COMPRESSED   0x00000002   PAD
    0x20000bd8   COMPRESSED   0x00000004   Data   RW         7523    .data               mc_w.l(stdout.o)
    0x20000bdc   COMPRESSED   0x00000004   Data   RW         7535    .data               mc_w.l(errno.o)
    0x20000be0        -       0x00000c58   Zero   RW          298    .bss                freertos.o
    0x20001838        -       0x00000050   Zero   RW          408    .bss                can.o
    0x20001888        -       0x000002a0   Zero   RW          484    .bss                usart.o
    0x20001b28        -       0x00000048   Zero   RW          682    .bss                stm32f4xx_hal_timebase_tim.o
    0x20001b70        -       0x00000056   Zero   RW         4479    .bss                bsp_sbus.o
    0x20001bc6   COMPRESSED   0x00000002   PAD
    0x20001bc8        -       0x00000020   Zero   RW         4512    .bss                hwt605.o
    0x20001be8        -       0x000000f0   Zero   RW         5078    .bss                tasks.o
    0x20001cd8        -       0x00003c00   Zero   RW         5731    .bss                heap_4.o
    0x200058d8        -       0x00000340   Zero   RW         5895    .bss                wit_c_sdk.o
    0x20005c18        -       0x000002dc   Zero   RW         6058    .bss                usb_device.o
    0x20005ef4        -       0x00000200   Zero   RW         6097    .bss                usbd_desc.o
    0x200060f4        -       0x00000600   Zero   RW         6180    .bss                usbd_cdc_if.o
    0x200066f4        -       0x00000704   Zero   RW         6277    .bss                usbd_conf.o
    0x20006df8        -       0x00000400   Zero   RW            1    STACK               startup_stm32f429xx.o


==============================================================================

Image component sizes


      Code (inc. data)   RO Data    RW Data    ZI Data      Debug   Object Name

       144         22          0          4         86       1955   bsp_sbus.o
       476         46          0          4         80       2466   can.o
       178          0          0          0          0      29617   cmsis_os.o
       388         12          0          0          0       1729   curve.o
       136          6          0          0          0        842   dma.o
         0          0          0          0          0      16952   event_groups.o
       406         80        128         24       3160       9124   freertos.o
       944         78        512          0          0       4365   go-m8010-6.o
       158          6          0          0          0       1572   go_ctrl.o
       212         10          0          0          0       1023   gpio.o
       724         74          0         32      15360       7475   heap_4.o
       384         40          0          0         32       2725   hwt605.o
      1410         22          0          0          0       8005   imu_kalman.o
       148          0          0          0          0       3618   list.o
       276         16          0          0          0     819728   main.o
      1014         92          0         12          0      12121   port.o
      5082        148       1312       2584          0      14148   postrue_control.o
       820         10          0          0          0       8143   simple_matrix.o
        36          8        428          0       1024        844   startup_stm32f429xx.o
       136         24          0          9          0       8914   stm32f4xx_hal.o
      2144          4          0          0          0      14507   stm32f4xx_hal_can.o
       260         22          0          0          0      33610   stm32f4xx_hal_cortex.o
      1246         16          8          0          0       5415   stm32f4xx_hal_dma.o
       540         54          0          0          0       2148   stm32f4xx_hal_gpio.o
        84          6          0          0          0        874   stm32f4xx_hal_msp.o
      3562         16          0          0          0      13888   stm32f4xx_hal_pcd.o
        90          0          0          0          0       2457   stm32f4xx_hal_pcd_ex.o
      1888         94          0          0          0       6333   stm32f4xx_hal_rcc.o
       868         76          0          0          0       6658   stm32f4xx_hal_tim.o
         4          0          0          0          0       1617   stm32f4xx_hal_tim_ex.o
       180         20          0          0         72       1492   stm32f4xx_hal_timebase_tim.o
      2696         14          0          0          0      13875   stm32f4xx_hal_uart.o
       166         54          0          0          0       7447   stm32f4xx_it.o
      3908         84          0          0          0      23060   stm32f4xx_ll_usb.o
        20          6         24          4          0       1151   system_stm32f4xx.o
      2190        280          0         60        240      21788   tasks.o
      1100        104          0          0        672       4806   usart.o
        76         16          0          0        732        792   usb_device.o
      1684         48          0        138          0      13583   usbd_cdc.o
       272         42          0         24       1536       3821   usbd_cdc_if.o
      1004         24          0          0       1796      17804   usbd_conf.o
      1372          0          0          0          0      16709   usbd_core.o
      2366         30          0          1          0      17980   usbd_ctlreq.o
       386        122          0         78        512       6957   usbd_desc.o
       182          0          0          0          0       4764   usbd_ioreq.o
       496         78          0         48        832       6388   wit_c_sdk.o

    ----------------------------------------------------------------------
     41904       1904       2444       3032      26136    1205290   Object Totals
         0          0         32          0          0          0   (incl. Generated)
        48          0          0         10          2          0   (incl. Padding)

    ----------------------------------------------------------------------

      Code (inc. data)   RO Data    RW Data    ZI Data      Debug   Library Member Name

       856        118         80          0          0        288   acos.o
       744        106        152          0          0        352   atan.o
       496         64          0          0          0        192   atan2.o
       184         44          0          0          0        744   dunder.o
        24          0          0          0          0        124   fabs.o
        48          0          0          0          0        124   fpclassify.o
       248          0          0          0          0        152   poly.o
      3152        296        136          0          0        352   pow.o
         0          0          8          0          0          0   qnan.o
       110          0          0          0          0        148   sqrt.o
        58          0          0          0          0        136   sqrtf.o
        86          0          0          0          0          0   __dczerorl2.o
         0          0          0          0          0          0   entry.o
         0          0          0          0          0          0   entry10a.o
         0          0          0          0          0          0   entry11a.o
         8          4          0          0          0          0   entry2.o
         4          0          0          0          0          0   entry5.o
         0          0          0          0          0          0   entry7b.o
         0          0          0          0          0          0   entry8b.o
         8          4          0          0          0          0   entry9a.o
        12          6          0          4          0         68   errno.o
        30          0          0          0          0          0   handlers.o
        36          8          0          0          0         68   init.o
         0          0          0          0          0          0   iusefp.o
        30          0          0          0          0         68   llshl.o
        36          0          0          0          0         68   llsshr.o
        32          0          0          0          0         68   llushr.o
        36          0          0          0          0         68   memcpya.o
        36          0          0          0          0        108   memseta.o
      2258         90          0          0          0        452   printfa.o
         0          0          0          4          0          0   stdout.o
        44          0          0          0          0         80   uidiv.o
        98          0          0          0          0         92   uldiv.o
        48          0          0          0          0         68   cdrcmple.o
        56          0          0          0          0         88   d2f.o
       334          0          0          0          0        148   dadd.o
       222          0          0          0          0        100   ddiv.o
       186          0          0          0          0        176   depilogue.o
        48          0          0          0          0         68   dfixul.o
        34          0          0          0          0         76   dflti.o
        26          0          0          0          0         76   dfltui.o
       228          0          0          0          0         96   dmul.o
        46          0          0          0          0         80   dscalb.o
       162          0          0          0          0        100   dsqrt.o
        38          0          0          0          0         68   f2d.o
       110          0          0          0          0        168   fepilogue.o

    ----------------------------------------------------------------------
     10224        740        376          8          0       5064   Library Totals
        12          0          0          0          0          0   (incl. Padding)

    ----------------------------------------------------------------------

      Code (inc. data)   RO Data    RW Data    ZI Data      Debug   Library Name

      5920        628        376          0          0       2612   m_wm.l
      2754        112          0          8          0       1140   mc_w.l
      1538          0          0          0          0       1312   mf_w.l

    ----------------------------------------------------------------------
     10224        740        376          8          0       5064   Library Totals

    ----------------------------------------------------------------------

==============================================================================


      Code (inc. data)   RO Data    RW Data    ZI Data      Debug   

     52128       2644       2820       3040      26136    1173990   Grand Totals
     52128       2644       2820        372      26136    1173990   ELF Image Totals (compressed)
     52128       2644       2820        372          0          0   ROM Totals

==============================================================================

    Total RO  Size (Code + RO Data)                54948 (  53.66kB)
    Total RW  Size (RW Data + ZI Data)             29176 (  28.49kB)
    Total ROM Size (Code + RO Data + RW Data)      55320 (  54.02kB)

==============================================================================

