<html>
<body>
<pre>
<h1>µVision Build Log</h1>
<h2>Tool Versions:</h2>
IDE-Version: ¦ÌVision V5.43.0.0
Copyright (C) 2025 ARM Ltd and ARM Germany GmbH. All rights reserved.
License Information: Slime Tommy, North University of China, LIC=D0D7S-LGI42-WFZI7-E7HBW-W6ZJJ-DQQ6J
 
Tool Versions:
Toolchain:       MDK-ARM Plus  Version: 5.43.0.0
Toolchain Path:  C:\AppWorking\Keli5.43\ARM\ARMCC\Bin
C Compiler:      Armcc.exe V5.06 update 6 (build 750)
Assembler:       Armasm.exe V5.06 update 6 (build 750)
Linker/Locator:  ArmLink.exe V5.06 update 6 (build 750)
Library Manager: ArmAr.exe V5.06 update 6 (build 750)
Hex Converter:   FromElf.exe V5.06 update 6 (build 750)
CPU DLL:         SARMCM3.DLL V5.43.0.0
Dialog DLL:      DCM.DLL V1.17.5.0
Target DLL:      CMSIS_AGDI.dll V1.33.24.0
Dialog DLL:      TCM.DLL V1.56.6.0
 
<h2>Project:</h2>
C:\STM32_Feil_Keil\para_doggit\parallel_dog\MDK-ARM\ParallelDog_f429_test1.uvprojx
Project File Date:  03/26/2026

<h2>Output:</h2>
*** Using Compiler 'V5.06 update 6 (build 750)', folder: 'C:\AppWorking\Keli5.43\ARM\ARMCC\Bin'
Rebuild target 'ParallelDog_f429_test1'
assembling startup_stm32f429xx.s...
compiling stm32f4xx_it.c...
compiling stm32f4xx_hal_timebase_tim.c...
compiling stm32f4xx_hal_pcd_ex.c...
compiling gpio.c...
compiling stm32f4xx_hal_msp.c...
compiling dma.c...
compiling usart.c...
compiling can.c...
compiling stm32f4xx_hal_pcd.c...
compiling stm32f4xx_hal_tim_ex.c...
compiling main.c...
compiling stm32f4xx_ll_usb.c...
compiling freertos.c...
compiling stm32f4xx_hal_tim.c...
compiling stm32f4xx_hal_cortex.c...
compiling stm32f4xx_hal_pwr_ex.c...
compiling stm32f4xx_hal_exti.c...
compiling stm32f4xx_hal_gpio.c...
compiling stm32f4xx_hal_dma.c...
compiling stm32f4xx_hal_flash_ramfunc.c...
compiling stm32f4xx_hal_pwr.c...
compiling stm32f4xx_hal_dma_ex.c...
compiling stm32f4xx_hal_can.c...
compiling stm32f4xx_hal_rcc.c...
compiling stm32f4xx_hal.c...
compiling stm32f4xx_hal_flash.c...
compiling stm32f4xx_hal_flash_ex.c...
compiling stm32f4xx_hal_rcc_ex.c...
compiling croutine.c...
compiling event_groups.c...
compiling list.c...
compiling queue.c...
compiling stream_buffer.c...
compiling timers.c...
compiling tasks.c...
compiling heap_4.c...
compiling port.c...
compiling cmsis_os.c...
compiling vofa_Debug.c...
compiling simple_matrix.c...
compiling curve.c...
compiling stm32f4xx_hal_uart.c...
compiling system_stm32f4xx.c...
compiling GO-M8010-6.c...
compiling usb_device.c...
compiling usbd_conf.c...
compiling usbd_ctlreq.c...
compiling usbd_desc.c...
compiling usbd_cdc.c...
compiling usbd_core.c...
compiling A28_rc.c...
compiling usbd_cdc_if.c...
compiling GO_ctrl.c...
compiling usbd_ioreq.c...
compiling postrue_control.c...
compiling hwt605.c...
compiling imu_kalman.c...
compiling wit_c_sdk.c...
compiling world.c...
compiling dog.c...
compiling ReadData.c...
..\Lib\Perception\Radar\ReadData.c(115): warning:  #550-D: variable "linebuf"  was set but never used
      uint8_t linebuf[LINE_BUF_SIZE];
..\Lib\Perception\Radar\ReadData.c: 1 warning, 0 errors
compiling task_switch.c...
compiling planning.c...
linking...
Program Size: Code=54688 RO-data=7848 RW-data=468 ZI-data=54676  
FromELF: creating hex file...
"ParallelDog_f429_test1\ParallelDog_f429_test1.axf" - 0 Error(s), 1 Warning(s).

<h2>Software Packages used:</h2>

Package Vendor: ARM
                https://www.keil.com/pack/ARM.CMSIS.6.2.0.pack
                ARM::CMSIS@6.2.0
                CMSIS (Common Microcontroller Software Interface Standard)
   * Component: CORE Version: 6.1.1

Package Vendor: Keil
                https://www.keil.com/pack/Keil.STM32F4xx_DFP.3.1.1.pack
                Keil::STM32F4xx_DFP@3.1.1
                STMicroelectronics STM32F4 Series Device Support

<h2>Collection of Component include folders:</h2>
  ./RTE/_ParallelDog_f429_test1
  C:/AppWorking/Keilapp_data/ARM/CMSIS/6.2.0/CMSIS/Core/Include

<h2>Collection of Component Files used:</h2>

   * Component: ARM::CMSIS:CORE@6.1.1
      Include file:  CMSIS/Core/Include/tz_context.h
Build Time Elapsed:  00:00:17
</pre>
</body>
</html>
