Component: ARM Compiler 5.06 update 6 (build 750) Tool: armlink [4d35ed]

==============================================================================

Section Cross References

    startup_stm32f429xx.o(RESET) refers to startup_stm32f429xx.o(STACK) for __initial_sp
    startup_stm32f429xx.o(RESET) refers to startup_stm32f429xx.o(.text) for Reset_Handler
    startup_stm32f429xx.o(RESET) refers to stm32f4xx_it.o(i.NMI_Handler) for NMI_Handler
    startup_stm32f429xx.o(RESET) refers to stm32f4xx_it.o(i.HardFault_Handler) for HardFault_Handler
    startup_stm32f429xx.o(RESET) refers to stm32f4xx_it.o(i.MemManage_Handler) for MemManage_Handler
    startup_stm32f429xx.o(RESET) refers to stm32f4xx_it.o(i.BusFault_Handler) for BusFault_Handler
    startup_stm32f429xx.o(RESET) refers to stm32f4xx_it.o(i.UsageFault_Handler) for UsageFault_Handler
    startup_stm32f429xx.o(RESET) refers to port.o(.emb_text) for SVC_Handler
    startup_stm32f429xx.o(RESET) refers to stm32f4xx_it.o(i.DebugMon_Handler) for DebugMon_Handler
    startup_stm32f429xx.o(RESET) refers to port.o(i.SysTick_Handler) for SysTick_Handler
    startup_stm32f429xx.o(RESET) refers to stm32f4xx_it.o(i.DMA1_Stream5_IRQHandler) for DMA1_Stream5_IRQHandler
    startup_stm32f429xx.o(RESET) refers to stm32f4xx_it.o(i.USART1_IRQHandler) for USART1_IRQHandler
    startup_stm32f429xx.o(RESET) refers to stm32f4xx_it.o(i.USART2_IRQHandler) for USART2_IRQHandler
    startup_stm32f429xx.o(RESET) refers to stm32f4xx_it.o(i.TIM8_TRG_COM_TIM14_IRQHandler) for TIM8_TRG_COM_TIM14_IRQHandler
    startup_stm32f429xx.o(RESET) refers to stm32f4xx_it.o(i.DMA1_Stream7_IRQHandler) for DMA1_Stream7_IRQHandler
    startup_stm32f429xx.o(RESET) refers to stm32f4xx_it.o(i.DMA2_Stream2_IRQHandler) for DMA2_Stream2_IRQHandler
    startup_stm32f429xx.o(RESET) refers to stm32f4xx_it.o(i.CAN2_RX0_IRQHandler) for CAN2_RX0_IRQHandler
    startup_stm32f429xx.o(RESET) refers to stm32f4xx_it.o(i.OTG_FS_IRQHandler) for OTG_FS_IRQHandler
    startup_stm32f429xx.o(RESET) refers to stm32f4xx_it.o(i.DMA2_Stream7_IRQHandler) for DMA2_Stream7_IRQHandler
    startup_stm32f429xx.o(RESET) refers to stm32f4xx_it.o(i.USART6_IRQHandler) for USART6_IRQHandler
    startup_stm32f429xx.o(.text) refers to system_stm32f4xx.o(i.SystemInit) for SystemInit
    startup_stm32f429xx.o(.text) refers to entry.o(.ARM.Collect$$$$00000000) for __main
    main.o(i.HAL_TIM_PeriodElapsedCallback) refers to stm32f4xx_hal.o(i.HAL_IncTick) for HAL_IncTick
    main.o(i.SystemClock_Config) refers to memseta.o(.text) for __aeabi_memclr4
    main.o(i.SystemClock_Config) refers to stm32f4xx_hal_rcc.o(i.HAL_RCC_OscConfig) for HAL_RCC_OscConfig
    main.o(i.SystemClock_Config) refers to main.o(i.Error_Handler) for Error_Handler
    main.o(i.SystemClock_Config) refers to stm32f4xx_hal_rcc.o(i.HAL_RCC_ClockConfig) for HAL_RCC_ClockConfig
    main.o(i.main) refers to stm32f4xx_hal.o(i.HAL_Init) for HAL_Init
    main.o(i.main) refers to main.o(i.SystemClock_Config) for SystemClock_Config
    main.o(i.main) refers to gpio.o(i.MX_GPIO_Init) for MX_GPIO_Init
    main.o(i.main) refers to dma.o(i.MX_DMA_Init) for MX_DMA_Init
    main.o(i.main) refers to usart.o(i.MX_USART1_UART_Init) for MX_USART1_UART_Init
    main.o(i.main) refers to usart.o(i.MX_USART2_UART_Init) for MX_USART2_UART_Init
    main.o(i.main) refers to usart.o(i.MX_USART6_UART_Init) for MX_USART6_UART_Init
    main.o(i.main) refers to can.o(i.MX_CAN2_Init) for MX_CAN2_Init
    main.o(i.main) refers to usart.o(i.MX_UART5_Init) for MX_UART5_Init
    main.o(i.main) refers to stm32f4xx_hal.o(i.HAL_Delay) for HAL_Delay
    main.o(i.main) refers to freertos.o(i.MX_FREERTOS_Init) for MX_FREERTOS_Init
    main.o(i.main) refers to cmsis_os.o(i.osKernelStart) for osKernelStart
    gpio.o(i.MX_GPIO_Init) refers to memseta.o(.text) for __aeabi_memclr4
    gpio.o(i.MX_GPIO_Init) refers to stm32f4xx_hal_gpio.o(i.HAL_GPIO_WritePin) for HAL_GPIO_WritePin
    gpio.o(i.MX_GPIO_Init) refers to stm32f4xx_hal_gpio.o(i.HAL_GPIO_Init) for HAL_GPIO_Init
    freertos.o(i.AutoMode) refers to imu_kalman.o(i.imu_kalman_init) for imu_kalman_init
    freertos.o(i.AutoMode) refers to cmsis_os.o(i.osKernelSysTick) for osKernelSysTick
    freertos.o(i.AutoMode) refers to imu_kalman.o(i.imu_kalman_step_from_hwt) for imu_kalman_step_from_hwt
    freertos.o(i.AutoMode) refers to imu_kalman.o(i.imu_kalman_get_angle_deg) for imu_kalman_get_angle_deg
    freertos.o(i.AutoMode) refers to f2d.o(.text) for __aeabi_f2d
    freertos.o(i.AutoMode) refers to printfa.o(i.__0printf) for __2printf
    freertos.o(i.AutoMode) refers to cmsis_os.o(i.osDelay) for osDelay
    freertos.o(i.AutoMode) refers to freertos.o(.bss) for g_imu_kf
    freertos.o(i.AutoMode) refers to hwt605.o(.bss) for hwt_angle
    freertos.o(i.HAL_UART_ErrorCallback) refers to stm32f4xx_hal_uart.o(i.HAL_UART_Receive_IT) for HAL_UART_Receive_IT
    freertos.o(i.HAL_UART_ErrorCallback) refers to usart.o(.bss) for huart2
[...]
    MX_FREERTOS_Init                         0x08004cf9   Thumb Code    86  freertos.o(i.MX_FREERTOS_Init)
    MX_GPIO_Init                             0x08004d65   Thumb Code   234  gpio.o(i.MX_GPIO_Init)
    MX_UART5_Init                            0x08004e5d   Thumb Code    46  usart.o(i.MX_UART5_Init)
    MX_USART1_UART_Init                      0x08004e95   Thumb Code    44  usart.o(i.MX_USART1_UART_Init)
    MX_USART2_UART_Init                      0x08004ecd   Thumb Code    50  usart.o(i.MX_USART2_UART_Init)
    MX_USART6_UART_Init                      0x08004f0d   Thumb Code    46  usart.o(i.MX_USART6_UART_Init)
    MX_USB_DEVICE_Init                       0x08004f45   Thumb Code    60  usb_device.o(i.MX_USB_DEVICE_Init)
    MemManage_Handler                        0x08004f91   Thumb Code     4  stm32f4xx_it.o(i.MemManage_Handler)
    MyCanWrite                               0x08004f95   Thumb Code    40  hwt605.o(i.MyCanWrite)
    NMI_Handler                              0x08004fc1   Thumb Code     4  stm32f4xx_it.o(i.NMI_Handler)
    OTG_FS_IRQHandler                        0x08004fc5   Thumb Code    10  stm32f4xx_it.o(i.OTG_FS_IRQHandler)
    OnRegUpdate                              0x08004fd5   Thumb Code   222  hwt605.o(i.OnRegUpdate)
    RC_Ctrl                                  0x08005329   Thumb Code    80  freertos.o(i.RC_Ctrl)
    SERVO_Send_recv                          0x08005381   Thumb Code   142  go-m8010-6.o(i.SERVO_Send_recv)
    StartDefaultTask                         0x0800542d   Thumb Code    62  freertos.o(i.StartDefaultTask)
    SysTick_Handler                          0x0800547d   Thumb Code    46  port.o(i.SysTick_Handler)
    SystemClock_Config                       0x080054b1   Thumb Code   170  main.o(i.SystemClock_Config)
    SystemInit                               0x08005565   Thumb Code    14  system_stm32f4xx.o(i.SystemInit)
    TIM8_TRG_COM_TIM14_IRQHandler            0x08005579   Thumb Code    10  stm32f4xx_it.o(i.TIM8_TRG_COM_TIM14_IRQHandler)
    TIM_Base_SetConfig                       0x08005589   Thumb Code   178  stm32f4xx_hal_tim.o(i.TIM_Base_SetConfig)
    Trot_RotateJump_FPC                      0x08005669   Thumb Code     2  postrue_control.o(i.Trot_RotateJump_FPC)
    Turn                                     0x0800566d   Thumb Code   864  postrue_control.o(i.Turn)
    UART_Start_Receive_IT                    0x08005db1   Thumb Code    64  stm32f4xx_hal_uart.o(i.UART_Start_Receive_IT)
    USART1_IRQHandler                        0x08005edd   Thumb Code    10  stm32f4xx_it.o(i.USART1_IRQHandler)
    USART2_IRQHandler                        0x08005eed   Thumb Code    10  stm32f4xx_it.o(i.USART2_IRQHandler)
    USART6_IRQHandler                        0x08005efd   Thumb Code    10  stm32f4xx_it.o(i.USART6_IRQHandler)
    USBD_CDC_GetDeviceQualifierDescriptor    0x08006139   Thumb Code    10  usbd_cdc.o(i.USBD_CDC_GetDeviceQualifierDescriptor)
    USBD_CDC_ReceivePacket                   0x080063b9   Thumb Code    74  usbd_cdc.o(i.USBD_CDC_ReceivePacket)
    USBD_CDC_RegisterInterface               0x08006409   Thumb Code    24  usbd_cdc.o(i.USBD_CDC_RegisterInterface)
    USBD_CDC_SetRxBuffer                     0x08006421   Thumb Code    30  usbd_cdc.o(i.USBD_CDC_SetRxBuffer)
    USBD_CDC_SetTxBuffer                     0x0800643f   Thumb Code    36  usbd_cdc.o(i.USBD_CDC_SetTxBuffer)
    USBD_ClrClassConfig                      0x080065a3   Thumb Code    28  usbd_core.o(i.USBD_ClrClassConfig)
    USBD_CoreFindEP                          0x080065fd   Thumb Code     6  usbd_core.o(i.USBD_CoreFindEP)
    USBD_CoreFindIF                          0x08006603   Thumb Code     6  usbd_core.o(i.USBD_CoreFindIF)
    USBD_CtlContinueRx                       0x08006609   Thumb Code    24  usbd_ioreq.o(i.USBD_CtlContinueRx)
    USBD_CtlContinueSendData                 0x08006621   Thumb Code    24  usbd_ioreq.o(i.USBD_CtlContinueSendData)
    USBD_CtlError                            0x08006639   Thumb Code    24  usbd_ctlreq.o(i.USBD_CtlError)
    USBD_CtlPrepareRx                        0x08006651   Thumb Code    46  usbd_ioreq.o(i.USBD_CtlPrepareRx)
    USBD_CtlReceiveStatus                    0x0800667f   Thumb Code    26  usbd_ioreq.o(i.USBD_CtlReceiveStatus)
    USBD_CtlSendData                         0x08006699   Thumb Code    36  usbd_ioreq.o(i.USBD_CtlSendData)
    USBD_CtlSendStatus                       0x080066bd   Thumb Code    26  usbd_ioreq.o(i.USBD_CtlSendStatus)
    USBD_FS_ConfigStrDescriptor              0x080066d9   Thumb Code    34  usbd_desc.o(i.USBD_FS_ConfigStrDescriptor)
    USBD_FS_DeviceDescriptor                 0x0800670d   Thumb Code    10  usbd_desc.o(i.USBD_FS_DeviceDescriptor)
    USBD_FS_InterfaceStrDescriptor           0x0800671d   Thumb Code    34  usbd_desc.o(i.USBD_FS_InterfaceStrDescriptor)
    USBD_FS_LangIDStrDescriptor              0x08006755   Thumb Code    10  usbd_desc.o(i.USBD_FS_LangIDStrDescriptor)
    USBD_FS_ManufacturerStrDescriptor        0x08006765   Thumb Code    20  usbd_desc.o(i.USBD_FS_ManufacturerStrDescriptor)
    USBD_FS_ProductStrDescriptor             0x08006791   Thumb Code    34  usbd_desc.o(i.USBD_FS_ProductStrDescriptor)
    USBD_FS_SerialStrDescriptor              0x080067d1   Thumb Code    18  usbd_desc.o(i.USBD_FS_SerialStrDescriptor)
    USBD_GetEpDesc                           0x08006a3b   Thumb Code    80  usbd_core.o(i.USBD_GetEpDesc)
    USBD_GetNextDesc                         0x08006aa1   Thumb Code    20  usbd_core.o(i.USBD_GetNextDesc)
    USBD_GetString                           0x08006b0f   Thumb Code   104  usbd_ctlreq.o(i.USBD_GetString)
    USBD_Get_USB_Status                      0x08006b77   Thumb Code    44  usbd_conf.o(i.USBD_Get_USB_Status)
    USBD_Init                                0x08006ba3   Thumb Code    58  usbd_core.o(i.USBD_Init)
    USBD_LL_ClearStallEP                     0x08006bdd   Thumb Code    38  usbd_conf.o(i.USBD_LL_ClearStallEP)
    USBD_LL_CloseEP                          0x08006c03   Thumb Code    38  usbd_conf.o(i.USBD_LL_CloseEP)
    USBD_LL_DataInStage                      0x08006c29   Thumb Code   272  usbd_core.o(i.USBD_LL_DataInStage)
    USBD_LL_DataOutStage                     0x08006d39   Thumb Code   266  usbd_core.o(i.USBD_LL_DataOutStage)
    USBD_LL_DevConnected                     0x08006e43   Thumb Code     6  usbd_core.o(i.USBD_LL_DevConnected)
    USBD_LL_DevDisconnected                  0x08006e49   Thumb Code    38  usbd_core.o(i.USBD_LL_DevDisconnected)
    USBD_LL_GetRxDataSize                    0x08006e6f   Thumb Code    18  usbd_conf.o(i.USBD_LL_GetRxDataSize)
    USBD_LL_Init                             0x08006e81   Thumb Code   100  usbd_conf.o(i.USBD_LL_Init)
    USBD_LL_IsStallEP                        0x08006ee9   Thumb Code    56  usbd_conf.o(i.USBD_LL_IsStallEP)
    USBD_LL_IsoINIncomplete                  0x08006f21   Thumb Code    72  usbd_core.o(i.USBD_LL_IsoINIncomplete)
    USBD_LL_IsoOUTIncomplete                 0x08006f69   Thumb Code    72  usbd_core.o(i.USBD_LL_IsoOUTIncomplete)
    USBD_LL_OpenEP                           0x08006fb1   Thumb Code    48  usbd_conf.o(i.USBD_LL_OpenEP)
    USBD_LL_PrepareReceive                   0x08006fe1   Thumb Code    48  usbd_conf.o(i.USBD_LL_PrepareReceive)
    USBD_LL_Reset                            0x08007011   Thumb Code   110  usbd_core.o(i.USBD_LL_Reset)
    USBD_LL_Resume                           0x0800707f   Thumb Code    22  usbd_core.o(i.USBD_LL_Resume)
    USBD_LL_SOF                              0x08007095   Thumb Code    40  usbd_core.o(i.USBD_LL_SOF)
    USBD_LL_SetSpeed                         0x080070bd   Thumb Code     8  usbd_core.o(i.USBD_LL_SetSpeed)
    USBD_LL_SetUSBAddress                    0x080070c5   Thumb Code    38  usbd_conf.o(i.USBD_LL_SetUSBAddress)
    USBD_LL_SetupStage                       0x080070eb   Thumb Code   118  usbd_core.o(i.USBD_LL_SetupStage)
    USBD_LL_StallEP                          0x08007161   Thumb Code    38  usbd_conf.o(i.USBD_LL_StallEP)
    USBD_LL_Start                            0x08007187   Thumb Code    30  usbd_conf.o(i.USBD_LL_Start)
    USBD_LL_Suspend                          0x080071a5   Thumb Code    28  usbd_core.o(i.USBD_LL_Suspend)
    USBD_LL_Transmit                         0x080071c1   Thumb Code    48  usbd_conf.o(i.USBD_LL_Transmit)
    USBD_ParseSetupRequest                   0x080071f1   Thumb Code    54  usbd_ctlreq.o(i.USBD_ParseSetupRequest)
    USBD_RegisterClass                       0x08007227   Thumb Code    72  usbd_core.o(i.USBD_RegisterClass)
    USBD_RunTestMode                         0x0800726f   Thumb Code     6  usbd_core.o(i.USBD_RunTestMode)
    USBD_SetClassConfig                      0x080072cf   Thumb Code    32  usbd_core.o(i.USBD_SetClassConfig)
    USBD_Start                               0x0800742d   Thumb Code    12  usbd_core.o(i.USBD_Start)
    USBD_StdDevReq                           0x08007439   Thumb Code   174  usbd_ctlreq.o(i.USBD_StdDevReq)
    USBD_StdEPReq                            0x080074e7   Thumb Code   644  usbd_ctlreq.o(i.USBD_StdEPReq)
    USBD_StdItfReq                           0x0800776b   Thumb Code   174  usbd_ctlreq.o(i.USBD_StdItfReq)
    USBD_static_free                         0x08007819   Thumb Code     2  usbd_conf.o(i.USBD_static_free)
    USBD_static_malloc                       0x0800781d   Thumb Code     6  usbd_conf.o(i.USBD_static_malloc)
    USB_ActivateEndpoint                     0x08007829   Thumb Code   202  stm32f4xx_ll_usb.o(i.USB_ActivateEndpoint)
    USB_ActivateSetup                        0x080078f9   Thumb Code    40  stm32f4xx_ll_usb.o(i.USB_ActivateSetup)
    USB_CoreInit                             0x08007921   Thumb Code   136  stm32f4xx_ll_usb.o(i.USB_CoreInit)
    USB_DeactivateEndpoint                   0x08007a11   Thumb Code   318  stm32f4xx_ll_usb.o(i.USB_DeactivateEndpoint)
    USB_DevConnect                           0x08007b5d   Thumb Code    36  stm32f4xx_ll_usb.o(i.USB_DevConnect)
    USB_DevDisconnect                        0x08007b81   Thumb Code    36  stm32f4xx_ll_usb.o(i.USB_DevDisconnect)
    USB_DevInit                              0x08007ba5   Thumb Code   480  stm32f4xx_ll_usb.o(i.USB_DevInit)
    USB_DisableGlobalInt                     0x08007d8d   Thumb Code    14  stm32f4xx_ll_usb.o(i.USB_DisableGlobalInt)
    USB_EP0_OutStart                         0x08007d9d   Thumb Code   106  stm32f4xx_ll_usb.o(i.USB_EP0_OutStart)
    USB_EPClearStall                         0x08007e0d   Thumb Code   142  stm32f4xx_ll_usb.o(i.USB_EPClearStall)
    USB_EPSetStall                           0x08007e9b   Thumb Code   154  stm32f4xx_ll_usb.o(i.USB_EPSetStall)
    USB_EPStartXfer                          0x08007f35   Thumb Code   954  stm32f4xx_ll_usb.o(i.USB_EPStartXfer)
    USB_EPStopXfer                           0x080082f5   Thumb Code   236  stm32f4xx_ll_usb.o(i.USB_EPStopXfer)
    USB_EnableGlobalInt                      0x080083e1   Thumb Code    14  stm32f4xx_ll_usb.o(i.USB_EnableGlobalInt)
    USB_FlushRxFifo                          0x080083ef   Thumb Code    80  stm32f4xx_ll_usb.o(i.USB_FlushRxFifo)
    USB_FlushTxFifo                          0x0800843f   Thumb Code    84  stm32f4xx_ll_usb.o(i.USB_FlushTxFifo)
    USB_GetDevSpeed                          0x08008493   Thumb Code    38  stm32f4xx_ll_usb.o(i.USB_GetDevSpeed)
    USB_GetMode                              0x080084b9   Thumb Code    10  stm32f4xx_ll_usb.o(i.USB_GetMode)
    USB_ReadDevAllInEpInterrupt              0x080084c3   Thumb Code    20  stm32f4xx_ll_usb.o(i.USB_ReadDevAllInEpInterrupt)
    USB_ReadDevAllOutEpInterrupt             0x080084d7   Thumb Code    20  stm32f4xx_ll_usb.o(i.USB_ReadDevAllOutEpInterrupt)
    USB_ReadDevInEPInterrupt                 0x080084eb   Thumb Code    50  stm32f4xx_ll_usb.o(i.USB_ReadDevInEPInterrupt)
    USB_ReadDevOutEPInterrupt                0x0800851d   Thumb Code    26  stm32f4xx_ll_usb.o(i.USB_ReadDevOutEPInterrupt)
    USB_ReadInterrupts                       0x08008537   Thumb Code    10  stm32f4xx_ll_usb.o(i.USB_ReadInterrupts)
    USB_ReadPacket                           0x08008541   Thumb Code    96  stm32f4xx_ll_usb.o(i.USB_ReadPacket)
    USB_SetCurrentMode                       0x080085a1   Thumb Code   104  stm32f4xx_ll_usb.o(i.USB_SetCurrentMode)
    USB_SetDevAddress                        0x08008609   Thumb Code    42  stm32f4xx_ll_usb.o(i.USB_SetDevAddress)
    USB_SetDevSpeed                          0x08008633   Thumb Code    18  stm32f4xx_ll_usb.o(i.USB_SetDevSpeed)
    USB_SetTurnaroundTime                    0x08008645   Thumb Code   192  stm32f4xx_ll_usb.o(i.USB_SetTurnaroundTime)
    USB_WritePacket                          0x0800872d   Thumb Code    68  stm32f4xx_ll_usb.o(i.USB_WritePacket)
    UsageFault_Handler                       0x08008771   Thumb Code     4  stm32f4xx_it.o(i.UsageFault_Handler)
    VCP_ResetRxBuffer                        0x08008775   Thumb Code    12  readdata.o(i.VCP_ResetRxBuffer)
    VCP_WriteRxData                          0x08008789   Thumb Code    94  readdata.o(i.VCP_WriteRxData)
    WitCanDataIn                             0x080087f5   Thumb Code   108  wit_c_sdk.o(i.WitCanDataIn)
    WitCanWriteRegister                      0x08008869   Thumb Code    18  wit_c_sdk.o(i.WitCanWriteRegister)
    WitInit                                  0x08008881   Thumb Code    30  wit_c_sdk.o(i.WitInit)
    WitRegisterCallBack                      0x080088ad   Thumb Code    18  wit_c_sdk.o(i.WitRegisterCallBack)
    __0printf                                0x080088c5   Thumb Code    22  printfa.o(i.__0printf)
    __1printf                                0x080088c5   Thumb Code     0  printfa.o(i.__0printf)
    __2printf                                0x080088c5   Thumb Code     0  printfa.o(i.__0printf)
    __c89printf                              0x080088c5   Thumb Code     0  printfa.o(i.__0printf)
    printf                                   0x080088c5   Thumb Code     0  printfa.o(i.__0printf)
    __ARM_fpclassify                         0x080088e5   Thumb Code    48  fpclassify.o(i.__ARM_fpclassify)
    __ARM_fpclassifyf                        0x08008915   Thumb Code    38  fpclassifyf.o(i.__ARM_fpclassifyf)
    __hardfp___mathlib_tofloat               0x08008979   Thumb Code   232  narrow.o(i.__hardfp___mathlib_tofloat)
    __hardfp_acos                            0x08008a71   Thumb Code   738  acos.o(i.__hardfp_acos)
    __hardfp_atan                            0x08008dc9   Thumb Code   622  atan.o(i.__hardfp_atan)
    __hardfp_atan2                           0x080090a1   Thumb Code   432  atan2.o(i.__hardfp_atan2)
    __hardfp_cosf                            0x08009291   Thumb Code   280  cosf.o(i.__hardfp_cosf)
    __hardfp_expf                            0x080093e1   Thumb Code   426  expf.o(i.__hardfp_expf)
    __mathlib_expf                           0x080093e1   Thumb Code     0  expf.o(i.__hardfp_expf)
    __hardfp_pow                             0x080095c9   Thumb Code  3072  pow.o(i.__hardfp_pow)
    __hardfp_powf                            0x0800a219   Thumb Code  1606  powf.o(i.__hardfp_powf)
    __mathlib_powf                           0x0800a219   Thumb Code     0  powf.o(i.__hardfp_powf)
    __hardfp_sinf                            0x0800a87d   Thumb Code   344  sinf.o(i.__hardfp_sinf)
    __hardfp_sqrtf                           0x0800aa0d   Thumb Code    58  sqrtf.o(i.__hardfp_sqrtf)
    __hardfp_strtof                          0x0800aa49   Thumb Code    26  strtof.o(i.__hardfp_strtof)
    __hardfp_tanhf                           0x0800aa69   Thumb Code   208  tanhf.o(i.__hardfp_tanhf)
    __kernel_poly                            0x0800ab4d   Thumb Code   248  poly.o(i.__kernel_poly)
    __mathlib_dbl_divzero                    0x0800ac49   Thumb Code    28  dunder.o(i.__mathlib_dbl_divzero)
    __mathlib_dbl_infnan                     0x0800ac79   Thumb Code    20  dunder.o(i.__mathlib_dbl_infnan)
    __mathlib_dbl_infnan2                    0x0800ac8d   Thumb Code    20  dunder.o(i.__mathlib_dbl_infnan2)
    __mathlib_dbl_invalid                    0x0800aca1   Thumb Code    24  dunder.o(i.__mathlib_dbl_invalid)
    __mathlib_dbl_overflow                   0x0800acc1   Thumb Code    24  dunder.o(i.__mathlib_dbl_overflow)
    __mathlib_dbl_underflow                  0x0800ace1   Thumb Code    24  dunder.o(i.__mathlib_dbl_underflow)
    __mathlib_flt_divzero                    0x0800ad01   Thumb Code    14  funder.o(i.__mathlib_flt_divzero)
    __mathlib_flt_infnan                     0x0800ad15   Thumb Code     6  funder.o(i.__mathlib_flt_infnan)
    __mathlib_flt_infnan2                    0x0800ad1b   Thumb Code     6  funder.o(i.__mathlib_flt_infnan2)
    __mathlib_flt_invalid                    0x0800ad21   Thumb Code    10  funder.o(i.__mathlib_flt_invalid)
    __mathlib_flt_overflow                   0x0800ad31   Thumb Code    10  funder.o(i.__mathlib_flt_overflow)
    __mathlib_flt_underflow                  0x0800ad41   Thumb Code    10  funder.o(i.__mathlib_flt_underflow)
    __mathlib_narrow                         0x0800ad51   Thumb Code    18  narrow.o(i.__mathlib_narrow)
    __mathlib_rredf2                         0x0800ad65   Thumb Code   316  rredf.o(i.__mathlib_rredf2)
    __scatterload_copy                       0x0800aeb9   Thumb Code    14  handlers.o(i.__scatterload_copy)
    __scatterload_null                       0x0800aec7   Thumb Code     2  handlers.o(i.__scatterload_null)
    __scatterload_zeroinit                   0x0800aec9   Thumb Code    14  handlers.o(i.__scatterload_zeroinit)
    __set_errno                              0x0800aed9   Thumb Code     6  errno.o(i.__set_errno)
    _is_digit                                0x0800b069   Thumb Code    14  scanf_fp.o(i._is_digit)
    atan                                     0x0800b7a7   Thumb Code    16  atan.o(i.atan)
    bezierCurve                              0x0800b7b9   Thumb Code   216  curve.o(i.bezierCurve)
    binomial_coefficient                     0x0800b925   Thumb Code   106  curve.o(i.binomial_coefficient)
    calculateFunc                            0x0800b999   Thumb Code    30  freertos.o(i.calculateFunc)
    dogTaskCtrl                              0x0800b9fd   Thumb Code   244  postrue_control.o(i.dogTaskCtrl)
    extract_data                             0x0800bb91   Thumb Code   178  go-m8010-6.o(i.extract_data)
    fabs                                     0x0800bc51   Thumb Code    24  fabs.o(i.fabs)
    fpc_Leg_Bezier_Act                       0x0800bc69   Thumb Code   168  postrue_control.o(i.fpc_Leg_Bezier_Act)
    fputc                                    0x0800bd15   Thumb Code    22  usart.o(i.fputc)
    frexp                                    0x0800bd31   Thumb Code   118  frexp.o(i.frexp)
    hwt605_Init                              0x0800bdbd   Thumb Code    82  hwt605.o(i.hwt605_Init)
    leg_BezierTargetPos_Update               0x0800be2d   Thumb Code   104  postrue_control.o(i.leg_BezierTargetPos_Update)
    leg_Bezier_Act                           0x0800be95   Thumb Code   162  postrue_control.o(i.leg_Bezier_Act)
    leg_Bezier_Free_Init                     0x0800bf3d   Thumb Code    26  postrue_control.o(i.leg_Bezier_Free_Init)
    leg_Forward_Kinematics                   0x0800c1a1   Thumb Code   448  postrue_control.o(i.leg_Forward_Kinematics)
    leg_Inverse_Kinematics                   0x0800c37d   Thumb Code  1008  postrue_control.o(i.leg_Inverse_Kinematics)
    main                                     0x0800c789   Thumb Code    62  main.o(i.main)
    matrix_mul                               0x0800c7ed   Thumb Code   184  simple_matrix.o(i.matrix_mul)
    matrix_transpose                         0x0800c8a9   Thumb Code   106  simple_matrix.o(i.matrix_transpose)
    matrix_wrap                              0x0800c913   Thumb Code    34  simple_matrix.o(i.matrix_wrap)
    modify_data                              0x0800c935   Thumb Code   486  go-m8010-6.o(i.modify_data)
    osDelay                                  0x0800cb4d   Thumb Code    24  cmsis_os.o(i.osDelay)
    osKernelStart                            0x0800cb65   Thumb Code    10  cmsis_os.o(i.osKernelStart)
    osKernelSysTick                          0x0800cb6f   Thumb Code    20  cmsis_os.o(i.osKernelSysTick)
    osThreadCreate                           0x0800cb83   Thumb Code    94  cmsis_os.o(i.osThreadCreate)
    posCtrlSolve                             0x0800cce9   Thumb Code    76  postrue_control.o(i.posCtrlSolve)
    pvPortMalloc                             0x0800d1b5   Thumb Code   306  heap_4.o(i.pvPortMalloc)
    pxPortInitialiseStack                    0x0800d301   Thumb Code    38  port.o(i.pxPortInitialiseStack)
    sqrt                                     0x0800d32d   Thumb Code   110  sqrt.o(i.sqrt)
    standUP                                  0x0800d39d   Thumb Code   116  postrue_control.o(i.standUP)
    standUP_FPC                              0x0800d42d   Thumb Code    88  postrue_control.o(i.standUP_FPC)
    trotRun_FPC                              0x0800d49d   Thumb Code   726  postrue_control.o(i.trotRun_FPC)
    uxListRemove                             0x0800d7a5   Thumb Code    40  list.o(i.uxListRemove)
    vApplicationGetIdleTaskMemory            0x0800d7cd   Thumb Code    14  freertos.o(i.vApplicationGetIdleTaskMemory)
    vListInitialise                          0x0800d7e5   Thumb Code    26  list.o(i.vListInitialise)
    vListInitialiseItem                      0x0800d7ff   Thumb Code     6  list.o(i.vListInitialiseItem)
    vListInsert                              0x0800d805   Thumb Code    52  list.o(i.vListInsert)
    vListInsertEnd                           0x0800d839   Thumb Code    24  list.o(i.vListInsertEnd)
    vPortEnterCritical                       0x0800d851   Thumb Code    76  port.o(i.vPortEnterCritical)
    vPortExitCritical                        0x0800d8a5   Thumb Code    56  port.o(i.vPortExitCritical)
    vPortFree                                0x0800d8e1   Thumb Code   150  heap_4.o(i.vPortFree)
    vPortSetupTimerInterrupt                 0x0800d985   Thumb Code    36  port.o(i.vPortSetupTimerInterrupt)
    vPortValidateInterruptPriority           0x0800d9ad   Thumb Code   106  port.o(i.vPortValidateInterruptPriority)
    vTaskDelay                               0x0800da25   Thumb Code    82  tasks.o(i.vTaskDelay)
    vTaskStartScheduler                      0x0800da81   Thumb Code   146  tasks.o(i.vTaskStartScheduler)
    vTaskSuspendAll                          0x0800db31   Thumb Code    12  tasks.o(i.vTaskSuspendAll)
    vTaskSwitchContext                       0x0800db41   Thumb Code   118  tasks.o(i.vTaskSwitchContext)
    vmc_Solve                                0x0800dbcd   Thumb Code   780  postrue_control.o(i.vmc_Solve)
    vofa_GetData                             0x0800dfb5   Thumb Code   252  vofa_debug.o(i.vofa_GetData)
    vofa_data_write                          0x0800e0b9   Thumb Code    86  vofa_debug.o(i.vofa_data_write)
    xPortStartScheduler                      0x0800e11d   Thumb Code   330  port.o(i.xPortStartScheduler)
    xTaskCreate                              0x0800e285   Thumb Code   100  tasks.o(i.xTaskCreate)
    xTaskCreateStatic                        0x0800e2e9   Thumb Code   186  tasks.o(i.xTaskCreateStatic)
    xTaskGetTickCount                        0x0800e3a5   Thumb Code     6  tasks.o(i.xTaskGetTickCount)
    xTaskGetTickCountFromISR                 0x0800e3b1   Thumb Code    16  tasks.o(i.xTaskGetTickCountFromISR)
    xTaskIncrementTick                       0x0800e3c5   Thumb Code   282  tasks.o(i.xTaskIncrementTick)
    xTaskResumeAll                           0x0800e50d   Thumb Code   224  tasks.o(i.xTaskResumeAll)
    AHBPrescTable                            0x0800e66c   Data          16  system_stm32f4xx.o(.constdata)
    APBPrescTable                            0x0800e67c   Data           8  system_stm32f4xx.o(.constdata)
    crc_ccitt_table                          0x0801004c   Data         512  go-m8010-6.o(.constdata)
    __mathlib_zero                           0x08010530   Data           8  qnan.o(.constdata)
    __ctype_categories                       0x08010558   Data          64  ctype_c.o(.constdata)
    Region$$Table$$Base                      0x080105c8   Number         0  anon$$obj.o(Region$$Table)
    Region$$Table$$Limit                     0x080105e8   Number         0  anon$$obj.o(Region$$Table)
    leg1_pidHandle                           0x20000000   Data           4  freertos.o(.data)
    AutoModeTaskHandle                       0x20000004   Data           4  freertos.o(.data)
    CalculateTaskHandle                      0x20000008   Data           4  freertos.o(.data)
    RemoteContrlTaskHandle                   0x2000000c   Data           4  freertos.o(.data)
    state_cmd                                0x20000010   Data           4  freertos.o(.data)
    defaultTaskHandle                        0x20000014   Data           4  freertos.o(.data)
    uwTick                                   0x20000018   Data           4  stm32f4xx_hal.o(.data)
    uwTickPrio                               0x2000001c   Data           4  stm32f4xx_hal.o(.data)
    uwTickFreq                               0x20000020   Data           1  stm32f4xx_hal.o(.data)
    SystemCoreClock                          0x20000024   Data           4  system_stm32f4xx.o(.data)
    pxCurrentTCB                             0x20000028   Data           4  tasks.o(.data)
    FS_Desc                                  0x20000090   Data          28  usbd_desc.o(.data)
    USBD_FS_DeviceDesc                       0x200000ac   Data          18  usbd_desc.o(.data)
    USBD_LangIDDesc                          0x200000c0   Data           4  usbd_desc.o(.data)
    USBD_StringSerial                        0x200000c4   Data          26  usbd_desc.o(.data)
    USBD_Interface_fops_FS                   0x200000e0   Data          20  usbd_cdc_if.o(.data)
    USBD_CDC                                 0x20000104   Data          56  usbd_cdc.o(.data)
    msg                                      0x2000018c   Data           8  readdata.o(.data)
    RxData                                   0x20000194   Data           8  wit_c_sdk.o(.data)
    __stdout                                 0x200001c4   Data           4  stdout.o(.data)
    dog                                      0x200001d0   Data        2168  freertos.o(.bss)
    Rx_Temp                                  0x20000a48   Data          10  freertos.o(.bss)
    buf                                      0x20000ccc   Data          64  freertos.o(.bss)
    RxHeader                                 0x20000d0c   Data          28  freertos.o(.bss)
    hcan2                                    0x20000f7c   Data          40  can.o(.bss)
    huart5                                   0x20000fa4   Data          72  usart.o(.bss)
    huart1                                   0x20000fec   Data          72  usart.o(.bss)
    huart2                                   0x20001034   Data          72  usart.o(.bss)
    huart6                                   0x2000107c   Data          72  usart.o(.bss)
    hdma_uart5_tx                            0x200010c4   Data          96  usart.o(.bss)
    hdma_usart1_rx                           0x20001124   Data          96  usart.o(.bss)
    hdma_usart1_tx                           0x20001184   Data          96  usart.o(.bss)
    hdma_usart2_rx                           0x200011e4   Data          96  usart.o(.bss)
    htim14                                   0x20001244   Data          72  stm32f4xx_hal_timebase_tim.o(.bss)
    hUsbDeviceFS                             0x20004f7c   Data         732  usb_device.o(.bss)
    USBD_StrDesc                             0x20005258   Data         512  usbd_desc.o(.bss)
    UserRxBufferFS                           0x20005458   Data         512  usbd_cdc_if.o(.bss)
    UserTxBufferFS                           0x20005658   Data         512  usbd_cdc_if.o(.bss)
    hpcd_USB_OTG_FS                          0x20005858   Data        1252  usbd_conf.o(.bss)
    vofa_data                                0x20005f5c   Data          40  vofa_debug.o(.bss)
    last_vofa_data                           0x20005f84   Data          40  vofa_debug.o(.bss)
    g_vmc_force_sat_count                    0x20005fac   Data          16  postrue_control.o(.bss)
    g_vmc_torque_sat_count                   0x20005fbc   Data          16  postrue_control.o(.bss)
    hwt_angle                                0x2000d96c   Data          32  hwt605.o(.bss)
    sReg                                     0x2000dc8c   Data         288  wit_c_sdk.o(.bss)
    sReg1                                    0x2000ddac   Data         288  wit_c_sdk.o(.bss)
    __initial_sp                             0x2000e2d0   Data           0  startup_stm32f429xx.o(STACK)



==============================================================================

Memory Map of the image

  Image Entry point : 0x080001ad

  Load Region LR_IROM1 (Base: 0x08000000, Size: 0x000107b4, Max: 0x00080000, ABSOLUTE, COMPRESSED[0x000106a8])

    Execution Region ER_IROM1 (Exec base: 0x08000000, Load base: 0x08000000, Size: 0x000105e8, Max: 0x00080000, ABSOLUTE)

    Exec Addr    Load Addr    Size         Type   Attr      Idx    E Section Name        Object

    0x08000000   0x08000000   0x000001ac   Data   RO            3    RESET               startup_stm32f429xx.o
    0x080001ac   0x080001ac   0x00000000   Code   RO         7350  * .ARM.Collect$$$$00000000  mc_w.l(entry.o)
    0x080001ac   0x080001ac   0x00000004   Code   RO         7718    .ARM.Collect$$$$00000001  mc_w.l(entry2.o)
    0x080001b0   0x080001b0   0x00000004   Code   RO         7721    .ARM.Collect$$$$00000004  mc_w.l(entry5.o)
    0x080001b4   0x080001b4   0x00000000   Code   RO         7723    .ARM.Collect$$$$00000008  mc_w.l(entry7b.o)
    0x080001b4   0x080001b4   0x00000000   Code   RO         7725    .ARM.Collect$$$$0000000A  mc_w.l(entry8b.o)
    0x080001b4   0x080001b4   0x00000008   Code   RO         7726    .ARM.Collect$$$$0000000B  mc_w.l(entry9a.o)
    0x080001bc   0x080001bc   0x00000000   Code   RO         7728    .ARM.Collect$$$$0000000D  mc_w.l(entry10a.o)
    0x080001bc   0x080001bc   0x00000000   Code   RO         7730    .ARM.Collect$$$$0000000F  mc_w.l(entry11a.o)
    0x080001bc   0x080001bc   0x00000004   Code   RO         7719    .ARM.Collect$$$$00002712  mc_w.l(entry2.o)
    0x080001c0   0x080001c0   0x000000be   Code   RO         5472    .emb_text           port.o
    0x0800027e   0x0800027e   0x00000002   PAD
    0x08000280   0x08000280   0x00000024   Code   RO            4    .text               startup_stm32f429xx.o
    0x080002a4   0x080002a4   0x00000062   Code   RO         7353    .text               mc_w.l(uldiv.o)
    0x08000306   0x08000306   0x00000024   Code   RO         7355    .text               mc_w.l(memcpya.o)
    0x0800032a   0x0800032a   0x00000024   Code   RO         7359    .text               mc_w.l(memseta.o)
    0x0800034e   0x0800034e   0x0000014e   Code   RO         7624    .text               mf_w.l(dadd.o)
    0x0800049c   0x0800049c   0x000000e4   Code   RO         7626    .text               mf_w.l(dmul.o)
    0x08000580   0x08000580   0x00000026   Code   RO         7630    .text               mf_w.l(f2d.o)
    0x080005a6   0x080005a6   0x00000038   Code   RO         7632    .text               mf_w.l(d2f.o)
    0x080005de   0x080005de   0x0000002c   Code   RO         7733    .text               mc_w.l(uidiv.o)
    0x0800060a   0x0800060a   0x0000001e   Code   RO         7735    .text               mc_w.l(llshl.o)
    0x08000628   0x08000628   0x00000020   Code   RO         7737    .text               mc_w.l(llushr.o)
    0x08000648   0x08000648   0x00000024   Code   RO         7739    .text               mc_w.l(llsshr.o)
    0x0800066c   0x0800066c   0x0000001a   Code   RO         7748    .text               mc_w.l(strtof.o)
    0x08000686   0x08000686   0x00000000   Code   RO         7750    .text               mc_w.l(iusefp.o)
    0x08000686   0x08000686   0x0000006e   Code   RO         7751    .text               mf_w.l(fepilogue.o)
    0x080006f4   0x080006f4   0x000000ba   Code   RO         7753    .text               mf_w.l(depilogue.o)
    0x080007ae   0x080007ae   0x000000de   Code   RO         7755    .text               mf_w.l(ddiv.o)
    0x0800088c   0x0800088c   0x0000002e   Code   RO         7757    .text               mf_w.l(dscalb.o)
    0x080008ba   0x080008ba   0x00000022   Code   RO         7759    .text               mf_w.l(dflti.o)
    0x080008dc   0x080008dc   0x00000030   Code   RO         7761    .text               mf_w.l(dfixul.o)
    0x0800090c   0x0800090c   0x00000030   Code   RO         7763    .text               mf_w.l(cdrcmple.o)
    0x0800093c   0x0800093c   0x00000004   Code   RO         7765    .text               mf_w.l(fpstat.o)
    0x08000940   0x08000940   0x00000024   Code   RO         7775    .text               mc_w.l(init.o)
    0x08000964   0x08000964   0x0000009c   Code   RO         7777    .text               mc_w.l(strtod.o)
    0x08000a00   0x08000a00   0x000000a2   Code   RO         7779    .text               mf_w.l(dsqrt.o)
    0x08000aa2   0x08000aa2   0x00000002   PAD
    0x08000aa4   0x08000aa4   0x00000030   Code   RO         7781    .text               mf_w.l(cdcmple.o)
    0x08000ad4   0x08000ad4   0x0000000a   Code   RO         7789    .text               mc_w.l(isspace_c.o)
    0x08000ade   0x08000ade   0x00000002   PAD
    0x08000ae0   0x08000ae0   0x00000360   Code   RO         7791    .text               mc_w.l(scanf_fp.o)
    0x08000e40   0x08000e40   0x00000040   Code   RO         7795    .text               mc_w.l(_sgetc.o)
    0x08000e80   0x08000e80   0x00000028   Code   RO         7797    .text               mc_w.l(ctype_c.o)
    0x08000ea8   0x08000ea8   0x00000018   Code   RO         7800    .text               mf_w.l(dfltul.o)
    0x08000ec0   0x08000ec0   0x00000056   Code   RO         7810    .text               mc_w.l(__dczerorl2.o)
    0x08000f16   0x08000f16   0x00000004   Code   RO          542    i.BusFault_Handler  stm32f4xx_it.o
    0x08000f1a   0x08000f1a   0x00000002   PAD
    0x08000f1c   0x08000f1c   0x00000010   Code   RO          543    i.CAN2_RX0_IRQHandler  stm32f4xx_it.o
    0x08000f2c   0x08000f2c   0x00000044   Code   RO         5673    i.CDC_Control_FS    usbd_cdc_if.o
    0x08000f70   0x08000f70   0x0000000a   Code   RO         5674    i.CDC_DeInit_FS     usbd_cdc_if.o
    0x08000f7a   0x08000f7a   0x00000002   PAD
    0x08000f7c   0x08000f7c   0x00000024   Code   RO         5675    i.CDC_Init_FS       usbd_cdc_if.o
    0x08000fa0   0x08000fa0   0x0000002c   Code   RO         5676    i.CDC_Receive_FS    usbd_cdc_if.o
    0x08000fcc   0x08000fcc   0x0000000c   Code   RO         5677    i.CDC_TransmitCplt_FS  usbd_cdc_if.o
    0x08000fd8   0x08000fd8   0x000000f0   Code   RO         7051    i.CopeWitData       wit_c_sdk.o
    0x080010c8   0x080010c8   0x00000010   Code   RO          544    i.DMA1_Stream5_IRQHandler  stm32f4xx_it.o
    0x080010d8   0x080010d8   0x00000010   Code   RO          545    i.DMA1_Stream7_IRQHandler  stm32f4xx_it.o
    0x080010e8   0x080010e8   0x00000010   Code   RO          546    i.DMA2_Stream2_IRQHandler  stm32f4xx_it.o
    0x080010f8   0x080010f8   0x00000010   Code   RO          547    i.DMA2_Stream7_IRQHandler  stm32f4xx_it.o
    0x08001108   0x08001108   0x00000034   Code   RO         2864    i.DMA_CalcBaseAndBitshift  stm32f4xx_hal_dma.o
    0x0800113c   0x0800113c   0x000000aa   Code   RO         2865    i.DMA_CheckFifoParam  stm32f4xx_hal_dma.o
    0x080011e6   0x080011e6   0x00000002   PAD
    0x080011e8   0x080011e8   0x000000ac   Code   RO         6484    i.Damping_mode      postrue_control.o
    0x08001294   0x08001294   0x00000002   Code   RO          548    i.DebugMon_Handler  stm32f4xx_it.o
    0x08001296   0x08001296   0x00000002   PAD
    0x08001298   0x08001298   0x000000cc   Code   RO         6485    i.Dog_ParaInit      postrue_control.o
    0x08001364   0x08001364   0x00000006   Code   RO           13    i.Error_Handler     main.o
    0x0800136a   0x0800136a   0x00000042   Code   RO         6721    i.GO_PFC_Ctrl       go_ctrl.o
    0x080013ac   0x080013ac   0x00000048   Code   RO         6722    i.GO_PosMode_Ctrl   go_ctrl.o
    0x080013f4   0x080013f4   0x0000005c   Code   RO         6724    i.GO_init           go_ctrl.o
    0x08001450   0x08001450   0x00000034   Code   RO         5583    i.Get_SerialNum     usbd_desc.o
    0x08001484   0x08001484   0x0000002a   Code   RO         3591    i.HAL_CAN_ActivateNotification  stm32f4xx_hal_can.o
    0x080014ae   0x080014ae   0x0000014a   Code   RO         3592    i.HAL_CAN_AddTxMessage  stm32f4xx_hal_can.o
    0x080015f8   0x080015f8   0x00000120   Code   RO         3593    i.HAL_CAN_ConfigFilter  stm32f4xx_hal_can.o
    0x08001718   0x08001718   0x00000002   Code   RO         3596    i.HAL_CAN_ErrorCallback  stm32f4xx_hal_can.o
    0x0800171a   0x0800171a   0x00000194   Code   RO         3599    i.HAL_CAN_GetRxMessage  stm32f4xx_hal_can.o
    0x080018ae   0x080018ae   0x0000024e   Code   RO         3603    i.HAL_CAN_IRQHandler  stm32f4xx_hal_can.o
    0x08001afc   0x08001afc   0x00000174   Code   RO         3604    i.HAL_CAN_Init      stm32f4xx_hal_can.o
    0x08001c70   0x08001c70   0x000000b8   Code   RO          411    i.HAL_CAN_MspInit   can.o
    0x08001d28   0x08001d28   0x00000002   Code   RO         3611    i.HAL_CAN_RxFifo0FullCallback  stm32f4xx_hal_can.o
    0x08001d2a   0x08001d2a   0x00000002   PAD
    0x08001d2c   0x08001d2c   0x00000030   Code   RO         7052    i.HAL_CAN_RxFifo0MsgPendingCallback  wit_c_sdk.o
    0x08001d5c   0x08001d5c   0x00000002   Code   RO         3613    i.HAL_CAN_RxFifo1FullCallback  stm32f4xx_hal_can.o
    0x08001d5e   0x08001d5e   0x00000002   Code   RO         3614    i.HAL_CAN_RxFifo1MsgPendingCallback  stm32f4xx_hal_can.o
    0x08001d60   0x08001d60   0x00000002   Code   RO         3615    i.HAL_CAN_SleepCallback  stm32f4xx_hal_can.o
    0x08001d62   0x08001d62   0x0000005e   Code   RO         3616    i.HAL_CAN_Start     stm32f4xx_hal_can.o
    0x08001dc0   0x08001dc0   0x00000002   Code   RO         3618    i.HAL_CAN_TxMailbox0AbortCallback  stm32f4xx_hal_can.o
    0x08001dc2   0x08001dc2   0x00000002   Code   RO         3619    i.HAL_CAN_TxMailbox0CompleteCallback  stm32f4xx_hal_can.o
    0x08001dc4   0x08001dc4   0x00000002   Code   RO         3620    i.HAL_CAN_TxMailbox1AbortCallback  stm32f4xx_hal_can.o
    0x08001dc6   0x08001dc6   0x00000002   Code   RO         3621    i.HAL_CAN_TxMailbox1CompleteCallback  stm32f4xx_hal_can.o
    0x08001dc8   0x08001dc8   0x00000002   Code   RO         3622    i.HAL_CAN_TxMailbox2AbortCallback  stm32f4xx_hal_can.o
    0x08001dca   0x08001dca   0x00000002   Code   RO         3623    i.HAL_CAN_TxMailbox2CompleteCallback  stm32f4xx_hal_can.o
    0x08001dcc   0x08001dcc   0x00000002   Code   RO         3625    i.HAL_CAN_WakeUpFromRxMsgCallback  stm32f4xx_hal_can.o
    0x08001dce   0x08001dce   0x000000ac   Code   RO         2867    i.HAL_DMA_Abort     stm32f4xx_hal_dma.o
    0x08001e7a   0x08001e7a   0x00000028   Code   RO         2868    i.HAL_DMA_Abort_IT  stm32f4xx_hal_dma.o
    0x08001ea2   0x08001ea2   0x00000002   PAD
    0x08001ea4   0x08001ea4   0x00000240   Code   RO         2872    i.HAL_DMA_IRQHandler  stm32f4xx_hal_dma.o
    0x080020e4   0x080020e4   0x000000ec   Code   RO         2873    i.HAL_DMA_Init      stm32f4xx_hal_dma.o
    0x080021d0   0x080021d0   0x00000028   Code   RO         3327    i.HAL_Delay         stm32f4xx_hal.o
    0x080021f8   0x080021f8   0x00000210   Code   RO         2760    i.HAL_GPIO_Init     stm32f4xx_hal_gpio.o
    0x08002408   0x08002408   0x0000000c   Code   RO         2764    i.HAL_GPIO_WritePin  stm32f4xx_hal_gpio.o
    0x08002414   0x08002414   0x0000000c   Code   RO         3335    i.HAL_GetTick       stm32f4xx_hal.o
    0x08002420   0x08002420   0x00000018   Code   RO         3341    i.HAL_IncTick       stm32f4xx_hal.o
    0x08002438   0x08002438   0x0000003c   Code   RO         3342    i.HAL_Init          stm32f4xx_hal.o
    0x08002474   0x08002474   0x000000b4   Code   RO          684    i.HAL_InitTick      stm32f4xx_hal_timebase_tim.o
    0x08002528   0x08002528   0x00000054   Code   RO          660    i.HAL_MspInit       stm32f4xx_hal_msp.o
    0x0800257c   0x0800257c   0x00000028   Code   RO         3170    i.HAL_NVIC_EnableIRQ  stm32f4xx_hal_cortex.o
    0x080025a4   0x080025a4   0x0000007c   Code   RO         3176    i.HAL_NVIC_SetPriority  stm32f4xx_hal_cortex.o
    0x08002620   0x08002620   0x00000028   Code   RO         3177    i.HAL_NVIC_SetPriorityGrouping  stm32f4xx_hal_cortex.o
    0x08002648   0x08002648   0x00000002   Code   RO         1951    i.HAL_PCDEx_LPM_Callback  stm32f4xx_hal_pcd_ex.o
    0x0800264a   0x0800264a   0x0000000a   Code   RO         1952    i.HAL_PCDEx_SetRxFiFo  stm32f4xx_hal_pcd_ex.o
    0x08002654   0x08002654   0x0000004e   Code   RO         1953    i.HAL_PCDEx_SetTxFiFo  stm32f4xx_hal_pcd_ex.o
    0x080026a2   0x080026a2   0x0000000e   Code   RO         5733    i.HAL_PCD_ConnectCallback  usbd_conf.o
    0x080026b0   0x080026b0   0x00000020   Code   RO         5734    i.HAL_PCD_DataInStageCallback  usbd_conf.o
    0x080026d0   0x080026d0   0x00000020   Code   RO         5735    i.HAL_PCD_DataOutStageCallback  usbd_conf.o
    0x080026f0   0x080026f0   0x0000000e   Code   RO         5736    i.HAL_PCD_DisconnectCallback  usbd_conf.o
    0x080026fe   0x080026fe   0x00000042   Code   RO         1716    i.HAL_PCD_EP_Abort  stm32f4xx_hal_pcd.o
    0x08002740   0x08002740   0x0000006a   Code   RO         1717    i.HAL_PCD_EP_Close  stm32f4xx_hal_pcd.o
    0x080027aa   0x080027aa   0x0000007c   Code   RO         1718    i.HAL_PCD_EP_ClrStall  stm32f4xx_hal_pcd.o
    0x08002826   0x08002826   0x00000016   Code   RO         1720    i.HAL_PCD_EP_GetRxCount  stm32f4xx_hal_pcd.o
    0x0800283c   0x0800283c   0x0000008e   Code   RO         1721    i.HAL_PCD_EP_Open   stm32f4xx_hal_pcd.o
    0x080028ca   0x080028ca   0x00000046   Code   RO         1722    i.HAL_PCD_EP_Receive  stm32f4xx_hal_pcd.o
    0x08002910   0x08002910   0x0000008a   Code   RO         1723    i.HAL_PCD_EP_SetStall  stm32f4xx_hal_pcd.o
    0x0800299a   0x0800299a   0x00000048   Code   RO         1724    i.HAL_PCD_EP_Transmit  stm32f4xx_hal_pcd.o
    0x080029e2   0x080029e2   0x000006ca   Code   RO         1726    i.HAL_PCD_IRQHandler  stm32f4xx_hal_pcd.o
    0x080030ac   0x080030ac   0x00000012   Code   RO         5737    i.HAL_PCD_ISOINIncompleteCallback  usbd_conf.o
    0x080030be   0x080030be   0x00000012   Code   RO         5738    i.HAL_PCD_ISOOUTIncompleteCallback  usbd_conf.o
    0x080030d0   0x080030d0   0x0000015e   Code   RO         1729    i.HAL_PCD_Init      stm32f4xx_hal_pcd.o
    0x0800322e   0x0800322e   0x00000002   PAD
    0x08003230   0x08003230   0x000000a8   Code   RO         5740    i.HAL_PCD_MspInit   usbd_conf.o
    0x080032d8   0x080032d8   0x00000030   Code   RO         5741    i.HAL_PCD_ResetCallback  usbd_conf.o
    0x08003308   0x08003308   0x0000000e   Code   RO         5742    i.HAL_PCD_ResumeCallback  usbd_conf.o
    0x08003316   0x08003316   0x0000000e   Code   RO         5743    i.HAL_PCD_SOFCallback  usbd_conf.o
    0x08003324   0x08003324   0x00000034   Code   RO         1735    i.HAL_PCD_SetAddress  stm32f4xx_hal_pcd.o
    0x08003358   0x08003358   0x00000012   Code   RO         5744    i.HAL_PCD_SetupStageCallback  usbd_conf.o
    0x0800336a   0x0800336a   0x0000004c   Code   RO         1738    i.HAL_PCD_Start     stm32f4xx_hal_pcd.o
    0x080033b6   0x080033b6   0x00000002   PAD
    0x080033b8   0x080033b8   0x00000034   Code   RO         5745    i.HAL_PCD_SuspendCallback  usbd_conf.o
    0x080033ec   0x080033ec   0x00000184   Code   RO         2304    i.HAL_RCC_ClockConfig  stm32f4xx_hal_rcc.o
    0x08003570   0x08003570   0x00000044   Code   RO         2308    i.HAL_RCC_GetClockConfig  stm32f4xx_hal_rcc.o
    0x080035b4   0x080035b4   0x0000000c   Code   RO         2309    i.HAL_RCC_GetHCLKFreq  stm32f4xx_hal_rcc.o
    0x080035c0   0x080035c0   0x00000020   Code   RO         2311    i.HAL_RCC_GetPCLK1Freq  stm32f4xx_hal_rcc.o
    0x080035e0   0x080035e0   0x00000020   Code   RO         2312    i.HAL_RCC_GetPCLK2Freq  stm32f4xx_hal_rcc.o
    0x08003600   0x08003600   0x000000b0   Code   RO         2313    i.HAL_RCC_GetSysClockFreq  stm32f4xx_hal_rcc.o
    0x080036b0   0x080036b0   0x0000049c   Code   RO         2316    i.HAL_RCC_OscConfig  stm32f4xx_hal_rcc.o
    0x08003b4c   0x08003b4c   0x00000002   Code   RO         1440    i.HAL_TIMEx_BreakCallback  stm32f4xx_hal_tim_ex.o
    0x08003b4e   0x08003b4e   0x00000002   Code   RO         1441    i.HAL_TIMEx_CommutCallback  stm32f4xx_hal_tim_ex.o
    0x08003b50   0x08003b50   0x00000066   Code   RO          725    i.HAL_TIM_Base_Init  stm32f4xx_hal_tim.o
    0x08003bb6   0x08003bb6   0x00000002   Code   RO          727    i.HAL_TIM_Base_MspInit  stm32f4xx_hal_tim.o
    0x08003bb8   0x08003bb8   0x000000a8   Code   RO          730    i.HAL_TIM_Base_Start_IT  stm32f4xx_hal_tim.o
    0x08003c60   0x08003c60   0x00000002   Code   RO          759    i.HAL_TIM_IC_CaptureCallback  stm32f4xx_hal_tim.o
    0x08003c62   0x08003c62   0x0000016c   Code   RO          773    i.HAL_TIM_IRQHandler  stm32f4xx_hal_tim.o
    0x08003dce   0x08003dce   0x00000002   Code   RO          776    i.HAL_TIM_OC_DelayElapsedCallback  stm32f4xx_hal_tim.o
    0x08003dd0   0x08003dd0   0x00000002   Code   RO          803    i.HAL_TIM_PWM_PulseFinishedCallback  stm32f4xx_hal_tim.o
    0x08003dd2   0x08003dd2   0x00000002   PAD
    0x08003dd4   0x08003dd4   0x00000018   Code   RO           14    i.HAL_TIM_PeriodElapsedCallback  main.o
    0x08003dec   0x08003dec   0x00000002   Code   RO          816    i.HAL_TIM_TriggerCallback  stm32f4xx_hal_tim.o
    0x08003dee   0x08003dee   0x00000128   Code   RO         3833    i.HAL_UARTEx_ReceiveToIdle  stm32f4xx_hal_uart.o
    0x08003f16   0x08003f16   0x00000002   Code   RO         3836    i.HAL_UARTEx_RxEventCallback  stm32f4xx_hal_uart.o
    0x08003f18   0x08003f18   0x00000060   Code   RO          289    i.HAL_UART_ErrorCallback  freertos.o
    0x08003f78   0x08003f78   0x00000308   Code   RO         3853    i.HAL_UART_IRQHandler  stm32f4xx_hal_uart.o
    0x08004280   0x08004280   0x00000076   Code   RO         3854    i.HAL_UART_Init     stm32f4xx_hal_uart.o
    0x080042f6   0x080042f6   0x00000002   PAD
    0x080042f8   0x080042f8   0x00000368   Code   RO          477    i.HAL_UART_MspInit  usart.o
    0x08004660   0x08004660   0x0000002c   Code   RO         3859    i.HAL_UART_Receive_IT  stm32f4xx_hal_uart.o
    0x0800468c   0x0800468c   0x00000024   Code   RO          290    i.HAL_UART_RxCpltCallback  freertos.o
    0x080046b0   0x080046b0   0x000000be   Code   RO         3862    i.HAL_UART_Transmit  stm32f4xx_hal_uart.o
    0x0800476e   0x0800476e   0x00000002   Code   RO         3865    i.HAL_UART_TxCpltCallback  stm32f4xx_hal_uart.o
    0x08004770   0x08004770   0x00000004   Code   RO          549    i.HardFault_Handler  stm32f4xx_it.o
    0x08004774   0x08004774   0x00000154   Code   RO         6486    i.InJump            postrue_control.o
    0x080048c8   0x080048c8   0x0000003e   Code   RO         5584    i.IntToUnicode      usbd_desc.o
    0x08004906   0x08004906   0x00000002   PAD
    0x08004908   0x08004908   0x00000198   Code   RO         6487    i.JumpForward       postrue_control.o
    0x08004aa0   0x08004aa0   0x0000018c   Code   RO         6488    i.LowWalkForward    postrue_control.o
    0x08004c2c   0x08004c2c   0x00000044   Code   RO          412    i.MX_CAN2_Init      can.o
    0x08004c70   0x08004c70   0x00000088   Code   RO          452    i.MX_DMA_Init       dma.o
    0x08004cf8   0x08004cf8   0x0000006c   Code   RO          291    i.MX_FREERTOS_Init  freertos.o
    0x08004d64   0x08004d64   0x000000f8   Code   RO          264    i.MX_GPIO_Init      gpio.o
    0x08004e5c   0x08004e5c   0x00000038   Code   RO          478    i.MX_UART5_Init     usart.o
    0x08004e94   0x08004e94   0x00000038   Code   RO          479    i.MX_USART1_UART_Init  usart.o
    0x08004ecc   0x08004ecc   0x00000040   Code   RO          480    i.MX_USART2_UART_Init  usart.o
    0x08004f0c   0x08004f0c   0x00000038   Code   RO          481    i.MX_USART6_UART_Init  usart.o
    0x08004f44   0x08004f44   0x0000004c   Code   RO         5552    i.MX_USB_DEVICE_Init  usb_device.o
    0x08004f90   0x08004f90   0x00000004   Code   RO          550    i.MemManage_Handler  stm32f4xx_it.o
    0x08004f94   0x08004f94   0x0000002c   Code   RO         6867    i.MyCanWrite        hwt605.o
    0x08004fc0   0x08004fc0   0x00000004   Code   RO          551    i.NMI_Handler       stm32f4xx_it.o
    0x08004fc4   0x08004fc4   0x00000010   Code   RO          552    i.OTG_FS_IRQHandler  stm32f4xx_it.o
    0x08004fd4   0x08004fd4   0x000000f4   Code   RO         6868    i.OnRegUpdate       hwt605.o
    0x080050c8   0x080050c8   0x00000064   Code   RO         1742    i.PCD_EP_OutSetupPacket_int  stm32f4xx_hal_pcd.o
    0x0800512c   0x0800512c   0x00000144   Code   RO         1743    i.PCD_EP_OutXfrComplete_int  stm32f4xx_hal_pcd.o
    0x08005270   0x08005270   0x000000b6   Code   RO         1744    i.PCD_WriteEmptyTxFifo  stm32f4xx_hal_pcd.o
    0x08005326   0x08005326   0x00000002   PAD
    0x08005328   0x08005328   0x00000058   Code   RO          292    i.RC_Ctrl           freertos.o
    0x08005380   0x08005380   0x00000098   Code   RO         6763    i.SERVO_Send_recv   go-m8010-6.o
    0x08005418   0x08005418   0x00000012   Code   RO         6102    i.SWAPBYTE          usbd_ctlreq.o
    0x0800542a   0x0800542a   0x00000002   PAD
    0x0800542c   0x0800542c   0x00000050   Code   RO          293    i.StartDefaultTask  freertos.o
    0x0800547c   0x0800547c   0x00000034   Code   RO         5473    i.SysTick_Handler   port.o
    0x080054b0   0x080054b0   0x000000b4   Code   RO           15    i.SystemClock_Config  main.o
    0x08005564   0x08005564   0x00000014   Code   RO         4198    i.SystemInit        system_stm32f4xx.o
    0x08005578   0x08005578   0x00000010   Code   RO          553    i.TIM8_TRG_COM_TIM14_IRQHandler  stm32f4xx_it.o
    0x08005588   0x08005588   0x000000e0   Code   RO          818    i.TIM_Base_SetConfig  stm32f4xx_hal_tim.o
    0x08005668   0x08005668   0x00000002   Code   RO         6489    i.Trot_RotateJump_FPC  postrue_control.o
    0x0800566a   0x0800566a   0x00000002   PAD
    0x0800566c   0x0800566c   0x0000037c   Code   RO         6490    i.Turn              postrue_control.o
    0x080059e8   0x080059e8   0x00000012   Code   RO         3867    i.UART_DMAAbortOnError  stm32f4xx_hal_uart.o
    0x080059fa   0x080059fa   0x0000006c   Code   RO         3877    i.UART_EndRxTransfer  stm32f4xx_hal_uart.o
    0x08005a66   0x08005a66   0x00000020   Code   RO         3878    i.UART_EndTransmit_IT  stm32f4xx_hal_uart.o
    0x08005a86   0x08005a86   0x000000fc   Code   RO         3880    i.UART_Receive_IT   stm32f4xx_hal_uart.o
    0x08005b82   0x08005b82   0x00000002   PAD
    0x08005b84   0x08005b84   0x0000022c   Code   RO         3881    i.UART_SetConfig    stm32f4xx_hal_uart.o
    0x08005db0   0x08005db0   0x00000040   Code   RO         3883    i.UART_Start_Receive_IT  stm32f4xx_hal_uart.o
    0x08005df0   0x08005df0   0x00000060   Code   RO         3884    i.UART_Transmit_IT  stm32f4xx_hal_uart.o
    0x08005e50   0x08005e50   0x0000008c   Code   RO         3885    i.UART_WaitOnFlagUntilTimeout  stm32f4xx_hal_uart.o
    0x08005edc   0x08005edc   0x00000010   Code   RO          554    i.USART1_IRQHandler  stm32f4xx_it.o
    0x08005eec   0x08005eec   0x00000010   Code   RO          555    i.USART2_IRQHandler  stm32f4xx_it.o
    0x08005efc   0x08005efc   0x00000010   Code   RO          556    i.USART6_IRQHandler  stm32f4xx_it.o
    0x08005f0c   0x08005f0c   0x000000be   Code   RO         6265    i.USBD_CDC_DataIn   usbd_cdc.o
    0x08005fca   0x08005fca   0x00000048   Code   RO         6266    i.USBD_CDC_DataOut  usbd_cdc.o
    0x08006012   0x08006012   0x00000002   PAD
    0x08006014   0x08006014   0x000000d4   Code   RO         6267    i.USBD_CDC_DeInit   usbd_cdc.o
    0x080060e8   0x080060e8   0x00000050   Code   RO         6268    i.USBD_CDC_EP0_RxReady  usbd_cdc.o
    0x08006138   0x08006138   0x00000010   Code   RO         6269    i.USBD_CDC_GetDeviceQualifierDescriptor  usbd_cdc.o
    0x08006148   0x08006148   0x00000044   Code   RO         6270    i.USBD_CDC_GetFSCfgDesc  usbd_cdc.o
    0x0800618c   0x0800618c   0x00000048   Code   RO         6271    i.USBD_CDC_GetHSCfgDesc  usbd_cdc.o
    0x080061d4   0x080061d4   0x00000044   Code   RO         6272    i.USBD_CDC_GetOtherSpeedCfgDesc  usbd_cdc.o
    0x08006218   0x08006218   0x000001a0   Code   RO         6273    i.USBD_CDC_Init     usbd_cdc.o
    0x080063b8   0x080063b8   0x00000050   Code   RO         6274    i.USBD_CDC_ReceivePacket  usbd_cdc.o
    0x08006408   0x08006408   0x00000018   Code   RO         6275    i.USBD_CDC_RegisterInterface  usbd_cdc.o
    0x08006420   0x08006420   0x0000001e   Code   RO         6276    i.USBD_CDC_SetRxBuffer  usbd_cdc.o
    0x0800643e   0x0800643e   0x00000024   Code   RO         6277    i.USBD_CDC_SetTxBuffer  usbd_cdc.o
    0x08006462   0x08006462   0x00000140   Code   RO         6278    i.USBD_CDC_Setup    usbd_cdc.o
    0x080065a2   0x080065a2   0x0000001c   Code   RO         5940    i.USBD_ClrClassConfig  usbd_core.o
    0x080065be   0x080065be   0x0000003e   Code   RO         6103    i.USBD_ClrFeature   usbd_ctlreq.o
    0x080065fc   0x080065fc   0x00000006   Code   RO         5941    i.USBD_CoreFindEP   usbd_core.o
    0x08006602   0x08006602   0x00000006   Code   RO         5942    i.USBD_CoreFindIF   usbd_core.o
    0x08006608   0x08006608   0x00000018   Code   RO         6205    i.USBD_CtlContinueRx  usbd_ioreq.o
    0x08006620   0x08006620   0x00000018   Code   RO         6206    i.USBD_CtlContinueSendData  usbd_ioreq.o
    0x08006638   0x08006638   0x00000018   Code   RO         6104    i.USBD_CtlError     usbd_ctlreq.o
    0x08006650   0x08006650   0x0000002e   Code   RO         6207    i.USBD_CtlPrepareRx  usbd_ioreq.o
    0x0800667e   0x0800667e   0x0000001a   Code   RO         6208    i.USBD_CtlReceiveStatus  usbd_ioreq.o
    0x08006698   0x08006698   0x00000024   Code   RO         6209    i.USBD_CtlSendData  usbd_ioreq.o
    0x080066bc   0x080066bc   0x0000001a   Code   RO         6210    i.USBD_CtlSendStatus  usbd_ioreq.o
    0x080066d6   0x080066d6   0x00000002   PAD
    0x080066d8   0x080066d8   0x00000034   Code   RO         5585    i.USBD_FS_ConfigStrDescriptor  usbd_desc.o
    0x0800670c   0x0800670c   0x00000010   Code   RO         5586    i.USBD_FS_DeviceDescriptor  usbd_desc.o
    0x0800671c   0x0800671c   0x00000038   Code   RO         5587    i.USBD_FS_InterfaceStrDescriptor  usbd_desc.o
    0x08006754   0x08006754   0x00000010   Code   RO         5588    i.USBD_FS_LangIDStrDescriptor  usbd_desc.o
    0x08006764   0x08006764   0x0000002c   Code   RO         5589    i.USBD_FS_ManufacturerStrDescriptor  usbd_desc.o
    0x08006790   0x08006790   0x00000040   Code   RO         5590    i.USBD_FS_ProductStrDescriptor  usbd_desc.o
    0x080067d0   0x080067d0   0x00000018   Code   RO         5591    i.USBD_FS_SerialStrDescriptor  usbd_desc.o
    0x080067e8   0x080067e8   0x00000056   Code   RO         6105    i.USBD_GetConfig    usbd_ctlreq.o
    0x0800683e   0x0800683e   0x000001fc   Code   RO         6106    i.USBD_GetDescriptor  usbd_ctlreq.o
    0x08006a3a   0x08006a3a   0x00000050   Code   RO         5944    i.USBD_GetEpDesc    usbd_core.o
    0x08006a8a   0x08006a8a   0x00000016   Code   RO         6107    i.USBD_GetLen       usbd_ctlreq.o
    0x08006aa0   0x08006aa0   0x00000014   Code   RO         5945    i.USBD_GetNextDesc  usbd_core.o
    0x08006ab4   0x08006ab4   0x0000005a   Code   RO         6108    i.USBD_GetStatus    usbd_ctlreq.o
    0x08006b0e   0x08006b0e   0x00000068   Code   RO         6109    i.USBD_GetString    usbd_ctlreq.o
    0x08006b76   0x08006b76   0x0000002c   Code   RO         5746    i.USBD_Get_USB_Status  usbd_conf.o
    0x08006ba2   0x08006ba2   0x0000003a   Code   RO         5946    i.USBD_Init         usbd_core.o
    0x08006bdc   0x08006bdc   0x00000026   Code   RO         5747    i.USBD_LL_ClearStallEP  usbd_conf.o
    0x08006c02   0x08006c02   0x00000026   Code   RO         5748    i.USBD_LL_CloseEP   usbd_conf.o
    0x08006c28   0x08006c28   0x00000110   Code   RO         5947    i.USBD_LL_DataInStage  usbd_core.o
    0x08006d38   0x08006d38   0x0000010a   Code   RO         5948    i.USBD_LL_DataOutStage  usbd_core.o
    0x08006e42   0x08006e42   0x00000006   Code   RO         5949    i.USBD_LL_DevConnected  usbd_core.o
    0x08006e48   0x08006e48   0x00000026   Code   RO         5950    i.USBD_LL_DevDisconnected  usbd_core.o
    0x08006e6e   0x08006e6e   0x00000012   Code   RO         5752    i.USBD_LL_GetRxDataSize  usbd_conf.o
    0x08006e80   0x08006e80   0x00000068   Code   RO         5753    i.USBD_LL_Init      usbd_conf.o
    0x08006ee8   0x08006ee8   0x00000038   Code   RO         5754    i.USBD_LL_IsStallEP  usbd_conf.o
    0x08006f20   0x08006f20   0x00000048   Code   RO         5951    i.USBD_LL_IsoINIncomplete  usbd_core.o
    0x08006f68   0x08006f68   0x00000048   Code   RO         5952    i.USBD_LL_IsoOUTIncomplete  usbd_core.o
    0x08006fb0   0x08006fb0   0x00000030   Code   RO         5755    i.USBD_LL_OpenEP    usbd_conf.o
    0x08006fe0   0x08006fe0   0x00000030   Code   RO         5756    i.USBD_LL_PrepareReceive  usbd_conf.o
    0x08007010   0x08007010   0x0000006e   Code   RO         5953    i.USBD_LL_Reset     usbd_core.o
    0x0800707e   0x0800707e   0x00000016   Code   RO         5954    i.USBD_LL_Resume    usbd_core.o
    0x08007094   0x08007094   0x00000028   Code   RO         5955    i.USBD_LL_SOF       usbd_core.o
    0x080070bc   0x080070bc   0x00000008   Code   RO         5956    i.USBD_LL_SetSpeed  usbd_core.o
    0x080070c4   0x080070c4   0x00000026   Code   RO         5757    i.USBD_LL_SetUSBAddress  usbd_conf.o
    0x080070ea   0x080070ea   0x00000076   Code   RO         5957    i.USBD_LL_SetupStage  usbd_core.o
    0x08007160   0x08007160   0x00000026   Code   RO         5758    i.USBD_LL_StallEP   usbd_conf.o
    0x08007186   0x08007186   0x0000001e   Code   RO         5759    i.USBD_LL_Start     usbd_conf.o
    0x080071a4   0x080071a4   0x0000001c   Code   RO         5958    i.USBD_LL_Suspend   usbd_core.o
    0x080071c0   0x080071c0   0x00000030   Code   RO         5761    i.USBD_LL_Transmit  usbd_conf.o
    0x080071f0   0x080071f0   0x00000036   Code   RO         6110    i.USBD_ParseSetupRequest  usbd_ctlreq.o
    0x08007226   0x08007226   0x00000048   Code   RO         5959    i.USBD_RegisterClass  usbd_core.o
    0x0800726e   0x0800726e   0x00000006   Code   RO         5960    i.USBD_RunTestMode  usbd_core.o
    0x08007274   0x08007274   0x0000005a   Code   RO         6111    i.USBD_SetAddress   usbd_ctlreq.o
    0x080072ce   0x080072ce   0x00000020   Code   RO         5961    i.USBD_SetClassConfig  usbd_core.o
    0x080072ee   0x080072ee   0x00000002   PAD
    0x080072f0   0x080072f0   0x00000104   Code   RO         6112    i.USBD_SetConfig    usbd_ctlreq.o
    0x080073f4   0x080073f4   0x00000038   Code   RO         6113    i.USBD_SetFeature   usbd_ctlreq.o
    0x0800742c   0x0800742c   0x0000000c   Code   RO         5962    i.USBD_Start        usbd_core.o
    0x08007438   0x08007438   0x000000ae   Code   RO         6114    i.USBD_StdDevReq    usbd_ctlreq.o
    0x080074e6   0x080074e6   0x00000284   Code   RO         6115    i.USBD_StdEPReq     usbd_ctlreq.o
    0x0800776a   0x0800776a   0x000000ae   Code   RO         6116    i.USBD_StdItfReq    usbd_ctlreq.o
    0x08007818   0x08007818   0x00000002   Code   RO         5762    i.USBD_static_free  usbd_conf.o
    0x0800781a   0x0800781a   0x00000002   PAD
    0x0800781c   0x0800781c   0x0000000c   Code   RO         5763    i.USBD_static_malloc  usbd_conf.o
    0x08007828   0x08007828   0x000000d0   Code   RO         1993    i.USB_ActivateEndpoint  stm32f4xx_ll_usb.o
    0x080078f8   0x080078f8   0x00000028   Code   RO         1995    i.USB_ActivateSetup  stm32f4xx_ll_usb.o
    0x08007920   0x08007920   0x0000008c   Code   RO         1997    i.USB_CoreInit      stm32f4xx_ll_usb.o
    0x080079ac   0x080079ac   0x00000062   Code   RO         1998    i.USB_CoreReset     stm32f4xx_ll_usb.o
    0x08007a0e   0x08007a0e   0x00000002   PAD
    0x08007a10   0x08007a10   0x0000014c   Code   RO         2001    i.USB_DeactivateEndpoint  stm32f4xx_ll_usb.o
    0x08007b5c   0x08007b5c   0x00000024   Code   RO         2002    i.USB_DevConnect    stm32f4xx_ll_usb.o
    0x08007b80   0x08007b80   0x00000024   Code   RO         2003    i.USB_DevDisconnect  stm32f4xx_ll_usb.o
    0x08007ba4   0x08007ba4   0x000001e8   Code   RO         2004    i.USB_DevInit       stm32f4xx_ll_usb.o
    0x08007d8c   0x08007d8c   0x0000000e   Code   RO         2005    i.USB_DisableGlobalInt  stm32f4xx_ll_usb.o
    0x08007d9a   0x08007d9a   0x00000002   PAD
    0x08007d9c   0x08007d9c   0x00000070   Code   RO         2008    i.USB_EP0_OutStart  stm32f4xx_ll_usb.o
    0x08007e0c   0x08007e0c   0x0000008e   Code   RO         2009    i.USB_EPClearStall  stm32f4xx_ll_usb.o
    0x08007e9a   0x08007e9a   0x0000009a   Code   RO         2010    i.USB_EPSetStall    stm32f4xx_ll_usb.o
    0x08007f34   0x08007f34   0x000003c0   Code   RO         2011    i.USB_EPStartXfer   stm32f4xx_ll_usb.o
    0x080082f4   0x080082f4   0x000000ec   Code   RO         2012    i.USB_EPStopXfer    stm32f4xx_ll_usb.o
    0x080083e0   0x080083e0   0x0000000e   Code   RO         2013    i.USB_EnableGlobalInt  stm32f4xx_ll_usb.o
    0x080083ee   0x080083ee   0x00000050   Code   RO         2014    i.USB_FlushRxFifo   stm32f4xx_ll_usb.o
    0x0800843e   0x0800843e   0x00000054   Code   RO         2015    i.USB_FlushTxFifo   stm32f4xx_ll_usb.o
    0x08008492   0x08008492   0x00000026   Code   RO         2017    i.USB_GetDevSpeed   stm32f4xx_ll_usb.o
    0x080084b8   0x080084b8   0x0000000a   Code   RO         2019    i.USB_GetMode       stm32f4xx_ll_usb.o
    0x080084c2   0x080084c2   0x00000014   Code   RO         2027    i.USB_ReadDevAllInEpInterrupt  stm32f4xx_ll_usb.o
    0x080084d6   0x080084d6   0x00000014   Code   RO         2028    i.USB_ReadDevAllOutEpInterrupt  stm32f4xx_ll_usb.o
    0x080084ea   0x080084ea   0x00000032   Code   RO         2029    i.USB_ReadDevInEPInterrupt  stm32f4xx_ll_usb.o
    0x0800851c   0x0800851c   0x0000001a   Code   RO         2030    i.USB_ReadDevOutEPInterrupt  stm32f4xx_ll_usb.o
    0x08008536   0x08008536   0x0000000a   Code   RO         2031    i.USB_ReadInterrupts  stm32f4xx_ll_usb.o
    0x08008540   0x08008540   0x00000060   Code   RO         2032    i.USB_ReadPacket    stm32f4xx_ll_usb.o
    0x080085a0   0x080085a0   0x00000068   Code   RO         2034    i.USB_SetCurrentMode  stm32f4xx_ll_usb.o
    0x08008608   0x08008608   0x0000002a   Code   RO         2035    i.USB_SetDevAddress  stm32f4xx_ll_usb.o
    0x08008632   0x08008632   0x00000012   Code   RO         2036    i.USB_SetDevSpeed   stm32f4xx_ll_usb.o
    0x08008644   0x08008644   0x000000e8   Code   RO         2037    i.USB_SetTurnaroundTime  stm32f4xx_ll_usb.o
    0x0800872c   0x0800872c   0x00000044   Code   RO         2040    i.USB_WritePacket   stm32f4xx_ll_usb.o
    0x08008770   0x08008770   0x00000004   Code   RO          557    i.UsageFault_Handler  stm32f4xx_it.o
    0x08008774   0x08008774   0x00000014   Code   RO         6986    i.VCP_ResetRxBuffer  readdata.o
    0x08008788   0x08008788   0x0000006c   Code   RO         6987    i.VCP_WriteRxData   readdata.o
    0x080087f4   0x080087f4   0x00000074   Code   RO         7053    i.WitCanDataIn      wit_c_sdk.o
    0x08008868   0x08008868   0x00000018   Code   RO         7054    i.WitCanWriteRegister  wit_c_sdk.o
    0x08008880   0x08008880   0x0000002c   Code   RO         7058    i.WitInit           wit_c_sdk.o
    0x080088ac   0x080088ac   0x00000018   Code   RO         7060    i.WitRegisterCallBack  wit_c_sdk.o
    0x080088c4   0x080088c4   0x00000020   Code   RO         7596    i.__0printf         mc_w.l(printfa.o)
    0x080088e4   0x080088e4   0x00000030   Code   RO         7682    i.__ARM_fpclassify  m_wm.l(fpclassify.o)
    0x08008914   0x08008914   0x00000026   Code   RO         7684    i.__ARM_fpclassifyf  m_wm.l(fpclassifyf.o)
    0x0800893a   0x0800893a   0x00000002   PAD
    0x0800893c   0x0800893c   0x00000010   Code   RO         3183    i.__NVIC_GetPriorityGrouping  stm32f4xx_hal_cortex.o
    0x0800894c   0x0800894c   0x00000028   Code   RO         3184    i.__NVIC_SetPriority  stm32f4xx_hal_cortex.o
    0x08008974   0x08008974   0x00000004   PAD
    0x08008978   0x08008978   0x000000f8   Code   RO         7767    i.__hardfp___mathlib_tofloat  m_wm.l(narrow.o)
    0x08008a70   0x08008a70   0x00000358   Code   RO         7242    i.__hardfp_acos     m_wm.l(acos.o)
    0x08008dc8   0x08008dc8   0x000002d8   Code   RO         7634    i.__hardfp_atan     m_wm.l(atan.o)
    0x080090a0   0x080090a0   0x000001f0   Code   RO         7256    i.__hardfp_atan2    m_wm.l(atan2.o)
    0x08009290   0x08009290   0x00000150   Code   RO         7268    i.__hardfp_cosf     m_wm.l(cosf.o)
    0x080093e0   0x080093e0   0x000001e8   Code   RO         7662    i.__hardfp_expf     m_wm.l(expf.o)
    0x080095c8   0x080095c8   0x00000c50   Code   RO         7280    i.__hardfp_pow      m_wm.l(pow.o)
    0x0800a218   0x0800a218   0x00000664   Code   RO         7294    i.__hardfp_powf     m_wm.l(powf.o)
    0x0800a87c   0x0800a87c   0x00000190   Code   RO         7308    i.__hardfp_sinf     m_wm.l(sinf.o)
    0x0800aa0c   0x0800aa0c   0x0000003a   Code   RO         7320    i.__hardfp_sqrtf    m_wm.l(sqrtf.o)
    0x0800aa46   0x0800aa46   0x00000002   PAD
    0x0800aa48   0x0800aa48   0x00000020   Code   RO         7332    i.__hardfp_strtof   m_wm.l(strtof.o)
    0x0800aa68   0x0800aa68   0x000000e4   Code   RO         7338    i.__hardfp_tanhf    m_wm.l(tanhf.o)
    0x0800ab4c   0x0800ab4c   0x000000f8   Code   RO         7700    i.__kernel_poly     m_wm.l(poly.o)
    0x0800ac44   0x0800ac44   0x00000004   PAD
    0x0800ac48   0x0800ac48   0x00000030   Code   RO         7648    i.__mathlib_dbl_divzero  m_wm.l(dunder.o)
    0x0800ac78   0x0800ac78   0x00000014   Code   RO         7649    i.__mathlib_dbl_infnan  m_wm.l(dunder.o)
    0x0800ac8c   0x0800ac8c   0x00000014   Code   RO         7650    i.__mathlib_dbl_infnan2  m_wm.l(dunder.o)
    0x0800aca0   0x0800aca0   0x00000020   Code   RO         7651    i.__mathlib_dbl_invalid  m_wm.l(dunder.o)
    0x0800acc0   0x0800acc0   0x00000020   Code   RO         7652    i.__mathlib_dbl_overflow  m_wm.l(dunder.o)
    0x0800ace0   0x0800ace0   0x00000020   Code   RO         7654    i.__mathlib_dbl_underflow  m_wm.l(dunder.o)
    0x0800ad00   0x0800ad00   0x00000014   Code   RO         7686    i.__mathlib_flt_divzero  m_wm.l(funder.o)
    0x0800ad14   0x0800ad14   0x00000006   Code   RO         7687    i.__mathlib_flt_infnan  m_wm.l(funder.o)
    0x0800ad1a   0x0800ad1a   0x00000006   Code   RO         7688    i.__mathlib_flt_infnan2  m_wm.l(funder.o)
    0x0800ad20   0x0800ad20   0x00000010   Code   RO         7689    i.__mathlib_flt_invalid  m_wm.l(funder.o)
    0x0800ad30   0x0800ad30   0x00000010   Code   RO         7690    i.__mathlib_flt_overflow  m_wm.l(funder.o)
    0x0800ad40   0x0800ad40   0x00000010   Code   RO         7692    i.__mathlib_flt_underflow  m_wm.l(funder.o)
    0x0800ad50   0x0800ad50   0x00000012   Code   RO         7768    i.__mathlib_narrow  m_wm.l(narrow.o)
    0x0800ad62   0x0800ad62   0x00000002   PAD
    0x0800ad64   0x0800ad64   0x00000154   Code   RO         7703    i.__mathlib_rredf2  m_wm.l(rredf.o)
    0x0800aeb8   0x0800aeb8   0x0000000e   Code   RO         7804    i.__scatterload_copy  mc_w.l(handlers.o)
    0x0800aec6   0x0800aec6   0x00000002   Code   RO         7805    i.__scatterload_null  mc_w.l(handlers.o)
    0x0800aec8   0x0800aec8   0x0000000e   Code   RO         7806    i.__scatterload_zeroinit  mc_w.l(handlers.o)
    0x0800aed6   0x0800aed6   0x00000002   PAD
    0x0800aed8   0x0800aed8   0x0000000c   Code   RO         7743    i.__set_errno       mc_w.l(errno.o)
    0x0800aee4   0x0800aee4   0x00000184   Code   RO         7603    i._fp_digits        mc_w.l(printfa.o)
    0x0800b068   0x0800b068   0x0000000e   Code   RO         7793    i._is_digit         mc_w.l(scanf_fp.o)
    0x0800b076   0x0800b076   0x00000002   PAD
    0x0800b078   0x0800b078   0x000006dc   Code   RO         7604    i._printf_core      mc_w.l(printfa.o)
    0x0800b754   0x0800b754   0x00000024   Code   RO         7605    i._printf_post_padding  mc_w.l(printfa.o)
    0x0800b778   0x0800b778   0x0000002e   Code   RO         7606    i._printf_pre_padding  mc_w.l(printfa.o)
    0x0800b7a6   0x0800b7a6   0x00000010   Code   RO         7636    i.atan              m_wm.l(atan.o)
    0x0800b7b6   0x0800b7b6   0x00000002   PAD
    0x0800b7b8   0x0800b7b8   0x000000dc   Code   RO         6463    i.bezierCurve       curve.o
    0x0800b894   0x0800b894   0x00000090   Code   RO         6492    i.bezier_exp_reset  postrue_control.o
    0x0800b924   0x0800b924   0x00000074   Code   RO         6464    i.binomial_coefficient  curve.o
    0x0800b998   0x0800b998   0x00000024   Code   RO          294    i.calculateFunc     freertos.o
    0x0800b9bc   0x0800b9bc   0x00000028   Code   RO         6764    i.crc_ccitt         go-m8010-6.o
    0x0800b9e4   0x0800b9e4   0x00000018   Code   RO         6765    i.crc_ccitt_byte    go-m8010-6.o
    0x0800b9fc   0x0800b9fc   0x00000100   Code   RO         6493    i.dogTaskCtrl       postrue_control.o
    0x0800bafc   0x0800bafc   0x00000034   Code   RO         6494    i.dog_InitLegBezierBatch  postrue_control.o
    0x0800bb30   0x0800bb30   0x0000002c   Code   RO         6496    i.dog_IsBezierBatchFinished  postrue_control.o
    0x0800bb5c   0x0800bb5c   0x00000032   Code   RO         6497    i.dog_RunBezierBatch  postrue_control.o
    0x0800bb8e   0x0800bb8e   0x00000002   PAD
    0x0800bb90   0x0800bb90   0x000000c0   Code   RO         6766    i.extract_data      go-m8010-6.o
    0x0800bc50   0x0800bc50   0x00000018   Code   RO         7678    i.fabs              m_wm.l(fabs.o)
    0x0800bc68   0x0800bc68   0x000000ac   Code   RO         6499    i.fpc_Leg_Bezier_Act  postrue_control.o
    0x0800bd14   0x0800bd14   0x0000001c   Code   RO          482    i.fputc             usart.o
    0x0800bd30   0x0800bd30   0x0000008c   Code   RO         7785    i.frexp             m_wm.l(frexp.o)
    0x0800bdbc   0x0800bdbc   0x00000060   Code   RO         6869    i.hwt605_Init       hwt605.o
    0x0800be1c   0x0800be1c   0x00000010   Code   RO         5036    i.inHandlerMode     cmsis_os.o
    0x0800be2c   0x0800be2c   0x00000068   Code   RO         6500    i.leg_BezierTargetPos_Update  postrue_control.o
    0x0800be94   0x0800be94   0x000000a8   Code   RO         6501    i.leg_Bezier_Act    postrue_control.o
    0x0800bf3c   0x0800bf3c   0x0000001a   Code   RO         6502    i.leg_Bezier_Free_Init  postrue_control.o
    0x0800bf56   0x0800bf56   0x00000002   PAD
    0x0800bf58   0x0800bf58   0x00000248   Code   RO         6504    i.leg_Calc_Jacobian  postrue_control.o
    0x0800c1a0   0x0800c1a0   0x000001dc   Code   RO         6505    i.leg_Forward_Kinematics  postrue_control.o
    0x0800c37c   0x0800c37c   0x0000040c   Code   RO         6506    i.leg_Inverse_Kinematics  postrue_control.o
    0x0800c788   0x0800c788   0x0000003e   Code   RO           16    i.main              main.o
    0x0800c7c6   0x0800c7c6   0x0000000e   Code   RO         5038    i.makeFreeRtosPriority  cmsis_os.o
    0x0800c7d4   0x0800c7d4   0x00000018   Code   RO         6396    i.matrix_is_valid   simple_matrix.o
    0x0800c7ec   0x0800c7ec   0x000000bc   Code   RO         6397    i.matrix_mul        simple_matrix.o
    0x0800c8a8   0x0800c8a8   0x0000006a   Code   RO         6401    i.matrix_transpose  simple_matrix.o
    0x0800c912   0x0800c912   0x00000022   Code   RO         6402    i.matrix_wrap       simple_matrix.o
    0x0800c934   0x0800c934   0x00000218   Code   RO         6767    i.modify_data       go-m8010-6.o
    0x0800cb4c   0x0800cb4c   0x00000018   Code   RO         5040    i.osDelay           cmsis_os.o
    0x0800cb64   0x0800cb64   0x0000000a   Code   RO         5043    i.osKernelStart     cmsis_os.o
    0x0800cb6e   0x0800cb6e   0x00000014   Code   RO         5044    i.osKernelSysTick   cmsis_os.o
    0x0800cb82   0x0800cb82   0x0000005e   Code   RO         5077    i.osThreadCreate    cmsis_os.o
    0x0800cbe0   0x0800cbe0   0x00000108   Code   RO         6507    i.pid_build_scaled  postrue_control.o
    0x0800cce8   0x0800cce8   0x0000004c   Code   RO         6508    i.posCtrlSolve      postrue_control.o
    0x0800cd34   0x0800cd34   0x00000098   Code   RO         4709    i.prvAddCurrentTaskToDelayedList  tasks.o
    0x0800cdcc   0x0800cdcc   0x000000b4   Code   RO         4710    i.prvAddNewTaskToReadyList  tasks.o
    0x0800ce80   0x0800ce80   0x00000048   Code   RO         4711    i.prvCheckTasksWaitingTermination  tasks.o
    0x0800cec8   0x0800cec8   0x00000050   Code   RO         4712    i.prvDeleteTCB      tasks.o
    0x0800cf18   0x0800cf18   0x0000007c   Code   RO         5405    i.prvHeapInit       heap_4.o
    0x0800cf94   0x0800cf94   0x00000028   Code   RO         4713    i.prvIdleTask       tasks.o
    0x0800cfbc   0x0800cfbc   0x000000b4   Code   RO         4714    i.prvInitialiseNewTask  tasks.o
    0x0800d070   0x0800d070   0x00000068   Code   RO         4715    i.prvInitialiseTaskLists  tasks.o
    0x0800d0d8   0x0800d0d8   0x00000068   Code   RO         5406    i.prvInsertBlockIntoFreeList  heap_4.o
    0x0800d140   0x0800d140   0x00000034   Code   RO         4716    i.prvResetNextTaskUnblockTime  tasks.o
    0x0800d174   0x0800d174   0x00000040   Code   RO         5474    i.prvTaskExitError  port.o
    0x0800d1b4   0x0800d1b4   0x0000014c   Code   RO         5407    i.pvPortMalloc      heap_4.o
    0x0800d300   0x0800d300   0x0000002c   Code   RO         5475    i.pxPortInitialiseStack  port.o
    0x0800d32c   0x0800d32c   0x0000006e   Code   RO         7708    i.sqrt              m_wm.l(sqrt.o)
    0x0800d39a   0x0800d39a   0x00000002   PAD
    0x0800d39c   0x0800d39c   0x00000090   Code   RO         6509    i.standUP           postrue_control.o
    0x0800d42c   0x0800d42c   0x00000070   Code   RO         6510    i.standUP_FPC       postrue_control.o
    0x0800d49c   0x0800d49c   0x00000308   Code   RO         6511    i.trotRun_FPC       postrue_control.o
    0x0800d7a4   0x0800d7a4   0x00000028   Code   RO         4335    i.uxListRemove      list.o
    0x0800d7cc   0x0800d7cc   0x00000018   Code   RO          295    i.vApplicationGetIdleTaskMemory  freertos.o
    0x0800d7e4   0x0800d7e4   0x0000001a   Code   RO         4336    i.vListInitialise   list.o
    0x0800d7fe   0x0800d7fe   0x00000006   Code   RO         4337    i.vListInitialiseItem  list.o
    0x0800d804   0x0800d804   0x00000034   Code   RO         4338    i.vListInsert       list.o
    0x0800d838   0x0800d838   0x00000018   Code   RO         4339    i.vListInsertEnd    list.o
    0x0800d850   0x0800d850   0x00000054   Code   RO         5477    i.vPortEnterCritical  port.o
    0x0800d8a4   0x0800d8a4   0x0000003c   Code   RO         5478    i.vPortExitCritical  port.o
    0x0800d8e0   0x0800d8e0   0x000000a4   Code   RO         5408    i.vPortFree         heap_4.o
    0x0800d984   0x0800d984   0x00000028   Code   RO         5479    i.vPortSetupTimerInterrupt  port.o
    0x0800d9ac   0x0800d9ac   0x00000078   Code   RO         5480    i.vPortValidateInterruptPriority  port.o
    0x0800da24   0x0800da24   0x0000005c   Code   RO         4725    i.vTaskDelay        tasks.o
    0x0800da80   0x0800da80   0x000000b0   Code   RO         4738    i.vTaskStartScheduler  tasks.o
    0x0800db30   0x0800db30   0x00000010   Code   RO         4740    i.vTaskSuspendAll   tasks.o
    0x0800db40   0x0800db40   0x0000008c   Code   RO         4741    i.vTaskSwitchContext  tasks.o
    0x0800dbcc   0x0800dbcc   0x00000330   Code   RO         6512    i.vmc_Solve         postrue_control.o
    0x0800defc   0x0800defc   0x00000036   Code   RO         6513    i.vmc_clamp         postrue_control.o
    0x0800df32   0x0800df32   0x0000002e   Code   RO         6514    i.vmc_clamp_scalar  postrue_control.o
    0x0800df60   0x0800df60   0x00000024   Code   RO         6515    i.vmc_deadzone      postrue_control.o
    0x0800df84   0x0800df84   0x00000030   Code   RO         6517    i.vmc_shape_pos_err  postrue_control.o
    0x0800dfb4   0x0800dfb4   0x00000104   Code   RO         6367    i.vofa_GetData      vofa_debug.o
    0x0800e0b8   0x0800e0b8   0x00000064   Code   RO         6368    i.vofa_data_write   vofa_debug.o
    0x0800e11c   0x0800e11c   0x00000168   Code   RO         5481    i.xPortStartScheduler  port.o
    0x0800e284   0x0800e284   0x00000064   Code   RO         4744    i.xTaskCreate       tasks.o
    0x0800e2e8   0x0800e2e8   0x000000ba   Code   RO         4745    i.xTaskCreateStatic  tasks.o
    0x0800e3a2   0x0800e3a2   0x00000002   PAD
    0x0800e3a4   0x0800e3a4   0x0000000c   Code   RO         4750    i.xTaskGetTickCount  tasks.o
    0x0800e3b0   0x0800e3b0   0x00000014   Code   RO         4751    i.xTaskGetTickCountFromISR  tasks.o
    0x0800e3c4   0x0800e3c4   0x00000148   Code   RO         4752    i.xTaskIncrementTick  tasks.o
    0x0800e50c   0x0800e50c   0x00000104   Code   RO         4758    i.xTaskResumeAll    tasks.o
    0x0800e610   0x0800e610   0x00000054   Data   RO          297    .constdata          freertos.o
    0x0800e664   0x0800e664   0x00000008   Data   RO         2879    .constdata          stm32f4xx_hal_dma.o
    0x0800e66c   0x0800e66c   0x00000018   Data   RO         4199    .constdata          system_stm32f4xx.o
    0x0800e684   0x0800e684   0x00000004   PAD
    0x0800e688   0x0800e688   0x000019c4   Data   RO         6521    .constdata          postrue_control.o
    0x0801004c   0x0801004c   0x00000200   Data   RO         6768    .constdata          go-m8010-6.o
    0x0801024c   0x0801024c   0x00000004   PAD
    0x08010250   0x08010250   0x00000050   Data   RO         7245    .constdata          m_wm.l(acos.o)
    0x080102a0   0x080102a0   0x00000088   Data   RO         7283    .constdata          m_wm.l(pow.o)
    0x08010328   0x08010328   0x00000140   Data   RO         7297    .constdata          m_wm.l(powf.o)
    0x08010468   0x08010468   0x00000098   Data   RO         7637    .constdata          m_wm.l(atan.o)
    0x08010500   0x08010500   0x00000030   Data   RO         7665    .constdata          m_wm.l(expf.o)
    0x08010530   0x08010530   0x00000008   Data   RO         7702    .constdata          m_wm.l(qnan.o)
    0x08010538   0x08010538   0x00000020   Data   RO         7704    .constdata          m_wm.l(rredf.o)
    0x08010558   0x08010558   0x00000040   Data   RO         7798    .constdata          mc_w.l(ctype_c.o)
    0x08010598   0x08010598   0x00000030   Data   RO          298    .conststring        freertos.o
    0x080105c8   0x080105c8   0x00000020   Data   RO         7802    Region$$Table       anon$$obj.o


    Execution Region RW_IRAM2 (Exec base: 0x10000000, Load base: 0x080106a8, Size: 0x00000000, Max: 0x00010000, ABSOLUTE)

    **** No section assigned to this execution region ****


    Execution Region RW_IRAM1 (Exec base: 0x20000000, Load base: 0x080105e8, Size: 0x0000e2d0, Max: 0x00030000, ABSOLUTE, COMPRESSED[0x000000c0])

    Exec Addr    Load Addr    Size         Type   Attr      Idx    E Section Name        Object

    0x20000000   COMPRESSED   0x00000018   Data   RW          299    .data               freertos.o
    0x20000018   COMPRESSED   0x00000009   Data   RW         3349    .data               stm32f4xx_hal.o
    0x20000021   COMPRESSED   0x00000003   PAD
    0x20000024   COMPRESSED   0x00000004   Data   RW         4200    .data               system_stm32f4xx.o
    0x20000028   COMPRESSED   0x0000003c   Data   RW         4761    .data               tasks.o
    0x20000064   COMPRESSED   0x00000020   Data   RW         5414    .data               heap_4.o
    0x20000084   COMPRESSED   0x0000000c   Data   RW         5482    .data               port.o
    0x20000090   COMPRESSED   0x0000004e   Data   RW         5593    .data               usbd_desc.o
    0x200000de   COMPRESSED   0x00000002   PAD
    0x200000e0   COMPRESSED   0x00000014   Data   RW         5680    .data               usbd_cdc_if.o
    0x200000f4   COMPRESSED   0x00000001   Data   RW         6117    .data               usbd_ctlreq.o
    0x200000f5   COMPRESSED   0x00000003   PAD
    0x200000f8   COMPRESSED   0x0000008a   Data   RW         6280    .data               usbd_cdc.o
    0x20000182   COMPRESSED   0x00000002   PAD
    0x20000184   COMPRESSED   0x00000004   Data   RW         6370    .data               vofa_debug.o
    0x20000188   COMPRESSED   0x0000000c   Data   RW         6989    .data               readdata.o
    0x20000194   COMPRESSED   0x00000030   Data   RW         7077    .data               wit_c_sdk.o
    0x200001c4   COMPRESSED   0x00000004   Data   RW         7732    .data               mc_w.l(stdout.o)
    0x200001c8   COMPRESSED   0x00000004   Data   RW         7744    .data               mc_w.l(errno.o)
    0x200001cc   COMPRESSED   0x00000004   PAD
    0x200001d0        -       0x00000dac   Zero   RW          296    .bss                freertos.o
    0x20000f7c        -       0x00000028   Zero   RW          413    .bss                can.o
    0x20000fa4        -       0x000002a0   Zero   RW          483    .bss                usart.o
    0x20001244        -       0x00000048   Zero   RW          687    .bss                stm32f4xx_hal_timebase_tim.o
    0x2000128c        -       0x000000f0   Zero   RW         4760    .bss                tasks.o
    0x2000137c        -       0x00003c00   Zero   RW         5413    .bss                heap_4.o
    0x20004f7c        -       0x000002dc   Zero   RW         5553    .bss                usb_device.o
    0x20005258        -       0x00000200   Zero   RW         5592    .bss                usbd_desc.o
    0x20005458        -       0x00000400   Zero   RW         5679    .bss                usbd_cdc_if.o
    0x20005858        -       0x00000704   Zero   RW         5764    .bss                usbd_conf.o
    0x20005f5c        -       0x00000050   Zero   RW         6369    .bss                vofa_debug.o
    0x20005fac        -       0x000079c0   Zero   RW         6520    .bss                postrue_control.o
    0x2000d96c        -       0x00000020   Zero   RW         6870    .bss                hwt605.o
    0x2000d98c        -       0x00000200   Zero   RW         6988    .bss                readdata.o
    0x2000db8c        -       0x00000340   Zero   RW         7075    .bss                wit_c_sdk.o
    0x2000decc   COMPRESSED   0x00000004   PAD
    0x2000ded0        -       0x00000400   Zero   RW            1    STACK               startup_stm32f429xx.o


==============================================================================

Image component sizes


      Code (inc. data)   RO Data    RW Data    ZI Data      Debug   Object Name

       252         24          0          0         40       1745   can.o
       178          0          0          0          0      29617   cmsis_os.o
       336         14          0          0          0       1769   curve.o
       136          6          0          0          0        842   dma.o
         0          0          0          0          0      16952   event_groups.o
       468         80        132         24       3500      10100   freertos.o
       944         78        512          0          0       4573   go-m8010-6.o
       230         12          0          0          0       2306   go_ctrl.o
       248         14          0          0          0       1043   gpio.o
       724         74          0         32      15360       7475   heap_4.o
       384         40          0          0         32       2897   hwt605.o
       148          0          0          0          0       3618   list.o
       272         16          0          0          0     819444   main.o
      1014         92          0         12          0      12121   port.o
      7898        428       6596          0      31168      34849   postrue_control.o
       128         22          0         12        512       2480   readdata.o
       352          4          0          0          0       3782   simple_matrix.o
        36          8        428          0       1024        844   startup_stm32f429xx.o
       136         24          0          9          0       8914   stm32f4xx_hal.o
      2144          4          0          0          0      14507   stm32f4xx_hal_can.o
       260         22          0          0          0      33610   stm32f4xx_hal_cortex.o
      1246         16          8          0          0       5415   stm32f4xx_hal_dma.o
       540         54          0          0          0       2148   stm32f4xx_hal_gpio.o
        84          6          0          0          0        874   stm32f4xx_hal_msp.o
      3562         16          0          0          0      13888   stm32f4xx_hal_pcd.o
        90          0          0          0          0       2457   stm32f4xx_hal_pcd_ex.o
      1888         94          0          0          0       6333   stm32f4xx_hal_rcc.o
       868         76          0          0          0       6658   stm32f4xx_hal_tim.o
         4          0          0          0          0       1617   stm32f4xx_hal_tim_ex.o
       180         20          0          0         72       1492   stm32f4xx_hal_timebase_tim.o
      2694         14          0          0          0      13298   stm32f4xx_hal_uart.o
       182         60          0          0          0       7951   stm32f4xx_it.o
      3908         84          0          0          0      23060   stm32f4xx_ll_usb.o
         0          0          0          0          0        416   stream_buffer.o
        20          6         24          4          0       1151   system_stm32f4xx.o
      2190        280          0         60        240      21788   tasks.o
      1132        110          0          0        672       4822   usart.o
        76         16          0          0        732        792   usb_device.o
      1684         48          0        138          0      13583   usbd_cdc.o
       170         22          0         20       1024       4034   usbd_cdc_if.o
      1004         24          0          0       1796      17804   usbd_conf.o
      1372          0          0          0          0      16709   usbd_core.o
      2366         30          0          1          0      17980   usbd_ctlreq.o
       386        122          0         78        512       6957   usbd_desc.o
       182          0          0          0          0       4764   usbd_ioreq.o
       360         22          0          4         80       2336   vofa_debug.o
       496         78          0         48        832       6664   wit_c_sdk.o

    ----------------------------------------------------------------------
     43026       2164       7740        452      57600    1218479   Object Totals
         0          0         32          0          0          0   (incl. Generated)
        54          4          8         10          4          0   (incl. Padding)

    ----------------------------------------------------------------------

      Code (inc. data)   RO Data    RW Data    ZI Data      Debug   Library Member Name

       856        118         80          0          0        288   acos.o
       744        106        152          0          0        352   atan.o
       496         64          0          0          0        192   atan2.o
       336         56          0          0          0        136   cosf.o
       184         44          0          0          0        744   dunder.o
       488         62         48          0          0        236   expf.o
        24          0          0          0          0        124   fabs.o
        48          0          0          0          0        124   fpclassify.o
        38          0          0          0          0        116   fpclassifyf.o
       140         22          0          0          0        132   frexp.o
        80         24          0          0          0        696   funder.o
       266         16          0          0          0        308   narrow.o
       248          0          0          0          0        152   poly.o
      3152        296        136          0          0        352   pow.o
      1636        110        320          0          0        372   powf.o
         0          0          8          0          0          0   qnan.o
       340         24         32          0          0        160   rredf.o
       400         56          0          0          0        212   sinf.o
       110          0          0          0          0        148   sqrt.o
        58          0          0          0          0        136   sqrtf.o
        32          6          0          0          0        124   strtof.o
       228         20          0          0          0        152   tanhf.o
        86          0          0          0          0          0   __dczerorl2.o
        64          0          0          0          0         84   _sgetc.o
        40          6         64          0          0         68   ctype_c.o
         0          0          0          0          0          0   entry.o
         0          0          0          0          0          0   entry10a.o
         0          0          0          0          0          0   entry11a.o
         8          4          0          0          0          0   entry2.o
         4          0          0          0          0          0   entry5.o
         0          0          0          0          0          0   entry7b.o
         0          0          0          0          0          0   entry8b.o
         8          4          0          0          0          0   entry9a.o
        12          6          0          4          0         68   errno.o
        30          0          0          0          0          0   handlers.o
        36          8          0          0          0         68   init.o
        10          0          0          0          0         68   isspace_c.o
         0          0          0          0          0          0   iusefp.o
        30          0          0          0          0         68   llshl.o
        36          0          0          0          0         68   llsshr.o
        32          0          0          0          0         68   llushr.o
        36          0          0          0          0         68   memcpya.o
        36          0          0          0          0        108   memseta.o
      2258         90          0          0          0        452   printfa.o
       878         12          0          0          0        216   scanf_fp.o
         0          0          0          4          0          0   stdout.o
       156         12          0          0          0        120   strtod.o
        26          0          0          0          0         80   strtof.o
        44          0          0          0          0         80   uidiv.o
        98          0          0          0          0         92   uldiv.o
        48          0          0          0          0         68   cdcmple.o
        48          0          0          0          0         68   cdrcmple.o
        56          0          0          0          0         88   d2f.o
       334          0          0          0          0        148   dadd.o
       222          0          0          0          0        100   ddiv.o
       186          0          0          0          0        176   depilogue.o
        48          0          0          0          0         68   dfixul.o
        34          0          0          0          0         76   dflti.o
        24          0          0          0          0         76   dfltul.o
       228          0          0          0          0         96   dmul.o
        46          0          0          0          0         80   dscalb.o
       162          0          0          0          0        100   dsqrt.o
        38          0          0          0          0         68   f2d.o
       110          0          0          0          0        168   fepilogue.o
         4          0          0          0          0         68   fpstat.o

    ----------------------------------------------------------------------
     15442       1166        840          8          4       8480   Library Totals
        22          0          0          0          4          0   (incl. Padding)

    ----------------------------------------------------------------------

      Code (inc. data)   RO Data    RW Data    ZI Data      Debug   Library Name

      9904       1024        776          0          0       5256   m_wm.l
      3928        142         64          8          0       1776   mc_w.l
      1588          0          0          0          0       1448   mf_w.l

    ----------------------------------------------------------------------
     15442       1166        840          8          4       8480   Library Totals

    ----------------------------------------------------------------------

==============================================================================


      Code (inc. data)   RO Data    RW Data    ZI Data      Debug   

     58468       3330       8580        460      57604    1187827   Grand Totals
     58468       3330       8580        192      57604    1187827   ELF Image Totals (compressed)
     58468       3330       8580        192          0          0   ROM Totals

==============================================================================

    Total RO  Size (Code + RO Data)                67048 (  65.48kB)
    Total RW  Size (RW Data + ZI Data)             58064 (  56.70kB)
    Total ROM Size (Code + RO Data + RW Data)      67240 (  65.66kB)

==============================================================================

